Archive member included to satisfy reference by file (symbol)

a:/toolchain/avr_toolchain/bin/../lib/gcc/avr/12.1.0/avr5\libgcc.a(_exit.o)
                              a:/toolchain/avr_toolchain/bin/../lib/gcc/avr/12.1.0/../../../../avr/lib/avr5/crtatmega32.o (exit)
a:/toolchain/avr_toolchain/bin/../lib/gcc/avr/12.1.0/avr5\libgcc.a(_clear_bss.o)
                              ./Uart.o (__do_clear_bss)
a:/toolchain/avr_toolchain/bin/../lib/gcc/avr/12.1.0/../../../../avr/lib/avr5\libm.a(cmpsf2.o)
                              ./LCD.o (__ltsf2)
a:/toolchain/avr_toolchain/bin/../lib/gcc/avr/12.1.0/../../../../avr/lib/avr5\libm.a(fixunssfsi.o)
                              ./LCD.o (__fixunssfsi)
a:/toolchain/avr_toolchain/bin/../lib/gcc/avr/12.1.0/../../../../avr/lib/avr5\libm.a(fp_cmp.o)
                              a:/toolchain/avr_toolchain/bin/../lib/gcc/avr/12.1.0/../../../../avr/lib/avr5\libm.a(cmpsf2.o) (__fp_cmp)
a:/toolchain/avr_toolchain/bin/../lib/gcc/avr/12.1.0/../../../../avr/lib/avr5\libm.a(fp_split3.o)
                              a:/toolchain/avr_toolchain/bin/../lib/gcc/avr/12.1.0/../../../../avr/lib/avr5\libm.a(fixunssfsi.o) (__fp_splitA)
a:/toolchain/avr_toolchain/bin/../lib/gcc/avr/12.1.0/../../../../avr/lib/avr5\libm.a(fp_zero.o)
                              a:/toolchain/avr_toolchain/bin/../lib/gcc/avr/12.1.0/../../../../avr/lib/avr5\libm.a(fixunssfsi.o) (__fp_zero)
a:/toolchain/avr_toolchain/bin/../lib/gcc/avr/12.1.0/../../../../avr/lib/avr5\libm.a(gesf2.o)
                              ./LCD.o (__gtsf2)
a:/toolchain/avr_toolchain/bin/../lib/gcc/avr/12.1.0/../../../../avr/lib/avr5\libm.a(mulsf3.o)
                              ./LCD.o (__mulsf3)
a:/toolchain/avr_toolchain/bin/../lib/gcc/avr/12.1.0/../../../../avr/lib/avr5\libm.a(mulsf3x.o)
                              a:/toolchain/avr_toolchain/bin/../lib/gcc/avr/12.1.0/../../../../avr/lib/avr5\libm.a(mulsf3.o) (__mulsf3x)
a:/toolchain/avr_toolchain/bin/../lib/gcc/avr/12.1.0/../../../../avr/lib/avr5\libm.a(fp_inf.o)
                              a:/toolchain/avr_toolchain/bin/../lib/gcc/avr/12.1.0/../../../../avr/lib/avr5\libm.a(mulsf3x.o) (__fp_inf)
a:/toolchain/avr_toolchain/bin/../lib/gcc/avr/12.1.0/../../../../avr/lib/avr5\libm.a(fp_nan.o)
                              a:/toolchain/avr_toolchain/bin/../lib/gcc/avr/12.1.0/../../../../avr/lib/avr5\libm.a(mulsf3x.o) (__fp_nan)
a:/toolchain/avr_toolchain/bin/../lib/gcc/avr/12.1.0/../../../../avr/lib/avr5\libm.a(fp_pscA.o)
                              a:/toolchain/avr_toolchain/bin/../lib/gcc/avr/12.1.0/../../../../avr/lib/avr5\libm.a(mulsf3x.o) (__fp_pscA)
a:/toolchain/avr_toolchain/bin/../lib/gcc/avr/12.1.0/../../../../avr/lib/avr5\libm.a(fp_pscB.o)
                              a:/toolchain/avr_toolchain/bin/../lib/gcc/avr/12.1.0/../../../../avr/lib/avr5\libm.a(mulsf3x.o) (__fp_pscB)
a:/toolchain/avr_toolchain/bin/../lib/gcc/avr/12.1.0/../../../../avr/lib/avr5\libm.a(fp_round.o)
                              a:/toolchain/avr_toolchain/bin/../lib/gcc/avr/12.1.0/../../../../avr/lib/avr5\libm.a(mulsf3.o) (__fp_round)

Memory Configuration

Name             Origin             Length             Attributes
text             0x0000000000000000 0x0000000000020000 xr
data             0x0000000000800060 0x000000000000ffa0 rw !x
eeprom           0x0000000000810000 0x0000000000010000 rw !x
fuse             0x0000000000820000 0x0000000000000002 rw !x
lock             0x0000000000830000 0x0000000000000400 rw !x
signature        0x0000000000840000 0x0000000000000400 rw !x
user_signatures  0x0000000000850000 0x0000000000000400 rw !x
*default*        0x0000000000000000 0xffffffffffffffff

Linker script and memory map

LOAD a:/toolchain/avr_toolchain/bin/../lib/gcc/avr/12.1.0/../../../../avr/lib/avr5/crtatmega32.o
LOAD ./LCD.o
LOAD ./Uart.o
LOAD ./main.o
START GROUP
LOAD a:/toolchain/avr_toolchain/bin/../lib/gcc/avr/12.1.0/avr5\libgcc.a
LOAD a:/toolchain/avr_toolchain/bin/../lib/gcc/avr/12.1.0/../../../../avr/lib/avr5\libm.a
LOAD a:/toolchain/avr_toolchain/bin/../lib/gcc/avr/12.1.0/../../../../avr/lib/avr5\libc.a
LOAD a:/toolchain/avr_toolchain/bin/../lib/gcc/avr/12.1.0/../../../../avr/lib/avr5\libatmega32.a
END GROUP
                0x0000000000020000                __TEXT_REGION_LENGTH__ = DEFINED (__TEXT_REGION_LENGTH__)?__TEXT_REGION_LENGTH__:0x20000
                0x000000000000ffa0                __DATA_REGION_LENGTH__ = DEFINED (__DATA_REGION_LENGTH__)?__DATA_REGION_LENGTH__:0xffa0
                0x0000000000010000                __EEPROM_REGION_LENGTH__ = DEFINED (__EEPROM_REGION_LENGTH__)?__EEPROM_REGION_LENGTH__:0x10000
                [0x0000000000000002]                __FUSE_REGION_LENGTH__ = DEFINED (__FUSE_REGION_LENGTH__)?__FUSE_REGION_LENGTH__:0x400
                0x0000000000000400                __LOCK_REGION_LENGTH__ = DEFINED (__LOCK_REGION_LENGTH__)?__LOCK_REGION_LENGTH__:0x400
                0x0000000000000400                __SIGNATURE_REGION_LENGTH__ = DEFINED (__SIGNATURE_REGION_LENGTH__)?__SIGNATURE_REGION_LENGTH__:0x400
                0x0000000000000400                __USER_SIGNATURE_REGION_LENGTH__ = DEFINED (__USER_SIGNATURE_REGION_LENGTH__)?__USER_SIGNATURE_REGION_LENGTH__:0x400

.hash
 *(.hash)

.dynsym
 *(.dynsym)

.dynstr
 *(.dynstr)

.gnu.version
 *(.gnu.version)

.gnu.version_d
 *(.gnu.version_d)

.gnu.version_r
 *(.gnu.version_r)

.rel.init
 *(.rel.init)

.rela.init
 *(.rela.init)

.rel.text
 *(.rel.text)
 *(.rel.text.*)
 *(.rel.gnu.linkonce.t*)

.rela.text
 *(.rela.text)
 *(.rela.text.*)
 *(.rela.gnu.linkonce.t*)

.rel.fini
 *(.rel.fini)

.rela.fini
 *(.rela.fini)

.rel.rodata
 *(.rel.rodata)
 *(.rel.rodata.*)
 *(.rel.gnu.linkonce.r*)

.rela.rodata
 *(.rela.rodata)
 *(.rela.rodata.*)
 *(.rela.gnu.linkonce.r*)

.rel.data
 *(.rel.data)
 *(.rel.data.*)
 *(.rel.gnu.linkonce.d*)

.rela.data
 *(.rela.data)
 *(.rela.data.*)
 *(.rela.gnu.linkonce.d*)

.rel.ctors
 *(.rel.ctors)

.rela.ctors
 *(.rela.ctors)

.rel.dtors
 *(.rel.dtors)

.rela.dtors
 *(.rela.dtors)

.rel.got
 *(.rel.got)

.rela.got
 *(.rela.got)

.rel.bss
 *(.rel.bss)

.rela.bss
 *(.rela.bss)

.rel.plt
 *(.rel.plt)

.rela.plt
 *(.rela.plt)

.text           0x0000000000000000     0x12ec
 *(.vectors)
 .vectors       0x0000000000000000       0x54 a:/toolchain/avr_toolchain/bin/../lib/gcc/avr/12.1.0/../../../../avr/lib/avr5/crtatmega32.o
                0x0000000000000000                __vector_default
                0x0000000000000000                __vectors
 *(.vectors)
 *(.progmem.gcc*)
                0x0000000000000054                . = ALIGN (0x2)
                0x0000000000000054                __trampolines_start = .
 *(.trampolines)
 .trampolines   0x0000000000000054        0x0 linker stubs
 *(.trampolines*)
                0x0000000000000054                __trampolines_end = .
 *libprintf_flt.a:*(.progmem.data)
 *libc.a:*(.progmem.data)
 *(.progmem.*)
                0x0000000000000054                . = ALIGN (0x2)
 *(.lowtext)
 *(.lowtext*)
                0x0000000000000054                __ctors_start = .
 *(.ctors)
                0x0000000000000054                __ctors_end = .
                0x0000000000000054                __dtors_start = .
 *(.dtors)
                0x0000000000000054                __dtors_end = .
 SORT_BY_NAME(*)(.ctors)
 SORT_BY_NAME(*)(.dtors)
 *(.init0)
 .init0         0x0000000000000054        0x0 a:/toolchain/avr_toolchain/bin/../lib/gcc/avr/12.1.0/../../../../avr/lib/avr5/crtatmega32.o
                0x0000000000000054                __init
 *(.init0)
 *(.init1)
 *(.init1)
 *(.init2)
 .init2         0x0000000000000054        0xc a:/toolchain/avr_toolchain/bin/../lib/gcc/avr/12.1.0/../../../../avr/lib/avr5/crtatmega32.o
 *(.init2)
 *(.init3)
 *(.init3)
 *(.init4)
 .init4         0x0000000000000060       0x10 a:/toolchain/avr_toolchain/bin/../lib/gcc/avr/12.1.0/avr5\libgcc.a(_clear_bss.o)
                0x0000000000000060                __do_clear_bss
 *(.init4)
 *(.init5)
 *(.init5)
 *(.init6)
 *(.init6)
 *(.init7)
 *(.init7)
 *(.init8)
 *(.init8)
 *(.init9)
 .init9         0x0000000000000070        0x8 a:/toolchain/avr_toolchain/bin/../lib/gcc/avr/12.1.0/../../../../avr/lib/avr5/crtatmega32.o
 *(.init9)
 *(.text)
 .text          0x0000000000000078        0x4 a:/toolchain/avr_toolchain/bin/../lib/gcc/avr/12.1.0/../../../../avr/lib/avr5/crtatmega32.o
                0x0000000000000078                __vector_1
                0x0000000000000078                __vector_12
                0x0000000000000078                __bad_interrupt
                0x0000000000000078                __vector_6
                0x0000000000000078                __vector_3
                0x0000000000000078                __vector_11
                0x0000000000000078                __vector_17
                0x0000000000000078                __vector_19
                0x0000000000000078                __vector_7
                0x0000000000000078                __vector_5
                0x0000000000000078                __vector_4
                0x0000000000000078                __vector_9
                0x0000000000000078                __vector_2
                0x0000000000000078                __vector_8
                0x0000000000000078                __vector_14
                0x0000000000000078                __vector_10
                0x0000000000000078                __vector_16
                0x0000000000000078                __vector_18
                0x0000000000000078                __vector_20
 .text          0x000000000000007c        0x0 ./LCD.o
 .text          0x000000000000007c        0x0 ./Uart.o
 .text          0x000000000000007c        0x0 ./main.o
 .text          0x000000000000007c        0x0 a:/toolchain/avr_toolchain/bin/../lib/gcc/avr/12.1.0/avr5\libgcc.a(_exit.o)
 .text          0x000000000000007c        0x0 a:/toolchain/avr_toolchain/bin/../lib/gcc/avr/12.1.0/avr5\libgcc.a(_clear_bss.o)
 .text          0x000000000000007c        0x0 a:/toolchain/avr_toolchain/bin/../lib/gcc/avr/12.1.0/../../../../avr/lib/avr5\libm.a(cmpsf2.o)
 .text          0x000000000000007c        0x0 a:/toolchain/avr_toolchain/bin/../lib/gcc/avr/12.1.0/../../../../avr/lib/avr5\libm.a(fixunssfsi.o)
 .text          0x000000000000007c        0x0 a:/toolchain/avr_toolchain/bin/../lib/gcc/avr/12.1.0/../../../../avr/lib/avr5\libm.a(fp_cmp.o)
 .text          0x000000000000007c        0x0 a:/toolchain/avr_toolchain/bin/../lib/gcc/avr/12.1.0/../../../../avr/lib/avr5\libm.a(fp_split3.o)
 .text          0x000000000000007c        0x0 a:/toolchain/avr_toolchain/bin/../lib/gcc/avr/12.1.0/../../../../avr/lib/avr5\libm.a(fp_zero.o)
 .text          0x000000000000007c        0x0 a:/toolchain/avr_toolchain/bin/../lib/gcc/avr/12.1.0/../../../../avr/lib/avr5\libm.a(gesf2.o)
 .text          0x000000000000007c        0x0 a:/toolchain/avr_toolchain/bin/../lib/gcc/avr/12.1.0/../../../../avr/lib/avr5\libm.a(mulsf3.o)
 .text          0x000000000000007c        0x0 a:/toolchain/avr_toolchain/bin/../lib/gcc/avr/12.1.0/../../../../avr/lib/avr5\libm.a(mulsf3x.o)
 .text          0x000000000000007c        0x0 a:/toolchain/avr_toolchain/bin/../lib/gcc/avr/12.1.0/../../../../avr/lib/avr5\libm.a(fp_inf.o)
 .text          0x000000000000007c        0x0 a:/toolchain/avr_toolchain/bin/../lib/gcc/avr/12.1.0/../../../../avr/lib/avr5\libm.a(fp_nan.o)
 .text          0x000000000000007c        0x0 a:/toolchain/avr_toolchain/bin/../lib/gcc/avr/12.1.0/../../../../avr/lib/avr5\libm.a(fp_pscA.o)
 .text          0x000000000000007c        0x0 a:/toolchain/avr_toolchain/bin/../lib/gcc/avr/12.1.0/../../../../avr/lib/avr5\libm.a(fp_pscB.o)
 .text          0x000000000000007c        0x0 a:/toolchain/avr_toolchain/bin/../lib/gcc/avr/12.1.0/../../../../avr/lib/avr5\libm.a(fp_round.o)
                0x000000000000007c                . = ALIGN (0x2)
 *(.text.*)
 .text.LCD_INIT
                0x000000000000007c      0x444 ./LCD.o
                0x000000000000007c                LCD_INIT
 .text.LCD_E_on_E_off
                0x00000000000004c0      0x182 ./LCD.o
                0x00000000000004c0                LCD_E_on_E_off
 .text.LCD_is_busy
                0x0000000000000642       0xc8 ./LCD.o
                0x0000000000000642                LCD_is_busy
 .text.LCD_Send_Command
                0x000000000000070a      0x1be ./LCD.o
                0x000000000000070a                LCD_Send_Command
 .text.LCD_Send_char
                0x00000000000008c8      0x1ba ./LCD.o
                0x00000000000008c8                LCD_Send_char
 .text.LCD_Send_string
                0x0000000000000a82       0x84 ./LCD.o
                0x0000000000000a82                LCD_Send_string
 .text.MCAL_Uart_Init
                0x0000000000000b06       0xbc ./Uart.o
                0x0000000000000b06                MCAL_Uart_Init
 .text.MCAL_Uart_ENR_DIS_Interrupt
                0x0000000000000bc2       0x78 ./Uart.o
                0x0000000000000bc2                MCAL_Uart_ENR_DIS_Interrupt
 .text.MCAL_Uart_Send
                0x0000000000000c3a       0x3c ./Uart.o
                0x0000000000000c3a                MCAL_Uart_Send
 .text.MCAL_Uart_Receive
                0x0000000000000c76       0x32 ./Uart.o
                0x0000000000000c76                MCAL_Uart_Receive
 .text.MCAL_Uart_Send_String
                0x0000000000000ca8       0x40 ./Uart.o
                0x0000000000000ca8                MCAL_Uart_Send_String
 .text.MCAL_Uart_Receive_String
                0x0000000000000ce8       0x52 ./Uart.o
                0x0000000000000ce8                MCAL_Uart_Receive_String
 .text.MCAL_Send_Int
                0x0000000000000d3a       0x68 ./Uart.o
                0x0000000000000d3a                MCAL_Send_Int
 .text.MCAL_Receive_Int
                0x0000000000000da2       0x92 ./Uart.o
                0x0000000000000da2                MCAL_Receive_Int
 .text.__vector_13
                0x0000000000000e34       0x5e ./Uart.o
                0x0000000000000e34                __vector_13
 .text.__vector_15
                0x0000000000000e92       0x5e ./Uart.o
                0x0000000000000e92                __vector_15
 .text.UART_RXC_Syn
                0x0000000000000ef0       0x3a ./main.o
                0x0000000000000ef0                UART_RXC_Syn
 .text.main     0x0000000000000f2a      0x188 ./main.o
                0x0000000000000f2a                main
 .text.libgcc.mul
                0x00000000000010b2        0x0 a:/toolchain/avr_toolchain/bin/../lib/gcc/avr/12.1.0/avr5\libgcc.a(_exit.o)
 .text.libgcc.div
                0x00000000000010b2        0x0 a:/toolchain/avr_toolchain/bin/../lib/gcc/avr/12.1.0/avr5\libgcc.a(_exit.o)
 .text.libgcc   0x00000000000010b2        0x0 a:/toolchain/avr_toolchain/bin/../lib/gcc/avr/12.1.0/avr5\libgcc.a(_exit.o)
 .text.libgcc.prologue
                0x00000000000010b2        0x0 a:/toolchain/avr_toolchain/bin/../lib/gcc/avr/12.1.0/avr5\libgcc.a(_exit.o)
 .text.libgcc.builtins
                0x00000000000010b2        0x0 a:/toolchain/avr_toolchain/bin/../lib/gcc/avr/12.1.0/avr5\libgcc.a(_exit.o)
 .text.libgcc.fmul
                0x00000000000010b2        0x0 a:/toolchain/avr_toolchain/bin/../lib/gcc/avr/12.1.0/avr5\libgcc.a(_exit.o)
 .text.libgcc.fixed
                0x00000000000010b2        0x0 a:/toolchain/avr_toolchain/bin/../lib/gcc/avr/12.1.0/avr5\libgcc.a(_exit.o)
 .text.libgcc.mul
                0x00000000000010b2        0x0 a:/toolchain/avr_toolchain/bin/../lib/gcc/avr/12.1.0/avr5\libgcc.a(_clear_bss.o)
 .text.libgcc.div
                0x00000000000010b2        0x0 a:/toolchain/avr_toolchain/bin/../lib/gcc/avr/12.1.0/avr5\libgcc.a(_clear_bss.o)
 .text.libgcc   0x00000000000010b2        0x0 a:/toolchain/avr_toolchain/bin/../lib/gcc/avr/12.1.0/avr5\libgcc.a(_clear_bss.o)
 .text.libgcc.prologue
                0x00000000000010b2        0x0 a:/toolchain/avr_toolchain/bin/../lib/gcc/avr/12.1.0/avr5\libgcc.a(_clear_bss.o)
 .text.libgcc.builtins
                0x00000000000010b2        0x0 a:/toolchain/avr_toolchain/bin/../lib/gcc/avr/12.1.0/avr5\libgcc.a(_clear_bss.o)
 .text.libgcc.fmul
                0x00000000000010b2        0x0 a:/toolchain/avr_toolchain/bin/../lib/gcc/avr/12.1.0/avr5\libgcc.a(_clear_bss.o)
 .text.libgcc.fixed
                0x00000000000010b2        0x0 a:/toolchain/avr_toolchain/bin/../lib/gcc/avr/12.1.0/avr5\libgcc.a(_clear_bss.o)
 .text.avr-libc.fplib
                0x00000000000010b2        0xa a:/toolchain/avr_toolchain/bin/../lib/gcc/avr/12.1.0/../../../../avr/lib/avr5\libm.a(cmpsf2.o)
                0x00000000000010b2                __nesf2
                0x00000000000010b2                __eqsf2
                0x00000000000010b2                __cmpsf2
                0x00000000000010b2                __ltsf2
                0x00000000000010b2                __lesf2
 .text.avr-libc.fplib
                0x00000000000010bc       0x5e a:/toolchain/avr_toolchain/bin/../lib/gcc/avr/12.1.0/../../../../avr/lib/avr5\libm.a(fixunssfsi.o)
                0x00000000000010bc                __fixunssfsi
 .text.avr-libc.fplib
                0x000000000000111a       0x48 a:/toolchain/avr_toolchain/bin/../lib/gcc/avr/12.1.0/../../../../avr/lib/avr5\libm.a(fp_cmp.o)
                0x000000000000111a                __fp_cmp
 .text.avr-libc.fplib
                0x0000000000001162       0x44 a:/toolchain/avr_toolchain/bin/../lib/gcc/avr/12.1.0/../../../../avr/lib/avr5\libm.a(fp_split3.o)
                0x0000000000001162                __fp_split3
                0x0000000000001172                __fp_splitA
 .text.avr-libc.fplib
                0x00000000000011a6        0xe a:/toolchain/avr_toolchain/bin/../lib/gcc/avr/12.1.0/../../../../avr/lib/avr5\libm.a(fp_zero.o)
                0x00000000000011a6                __fp_zero
                0x00000000000011a8                __fp_szero
 .text.avr-libc.fplib
                0x00000000000011b4        0xa a:/toolchain/avr_toolchain/bin/../lib/gcc/avr/12.1.0/../../../../avr/lib/avr5\libm.a(gesf2.o)
                0x00000000000011b4                __gesf2
                0x00000000000011b4                __gtsf2
 .text.avr-libc.fplib
                0x00000000000011be        0x8 a:/toolchain/avr_toolchain/bin/../lib/gcc/avr/12.1.0/../../../../avr/lib/avr5\libm.a(mulsf3.o)
                0x00000000000011be                __mulsf3
 .text.avr-libc.fplib
                0x00000000000011c6       0xd2 a:/toolchain/avr_toolchain/bin/../lib/gcc/avr/12.1.0/../../../../avr/lib/avr5\libm.a(mulsf3x.o)
                0x00000000000011e4                __mulsf3x
                0x00000000000011ea                __mulsf3_pse
 .text.avr-libc.fplib
                0x0000000000001298        0xc a:/toolchain/avr_toolchain/bin/../lib/gcc/avr/12.1.0/../../../../avr/lib/avr5\libm.a(fp_inf.o)
                0x0000000000001298                __fp_inf
 .text.avr-libc.fplib
                0x00000000000012a4        0x6 a:/toolchain/avr_toolchain/bin/../lib/gcc/avr/12.1.0/../../../../avr/lib/avr5\libm.a(fp_nan.o)
                0x00000000000012a4                __fp_nan
 .text.avr-libc.fplib
                0x00000000000012aa        0xe a:/toolchain/avr_toolchain/bin/../lib/gcc/avr/12.1.0/../../../../avr/lib/avr5\libm.a(fp_pscA.o)
                0x00000000000012aa                __fp_pscA
 .text.avr-libc.fplib
                0x00000000000012b8        0xe a:/toolchain/avr_toolchain/bin/../lib/gcc/avr/12.1.0/../../../../avr/lib/avr5\libm.a(fp_pscB.o)
                0x00000000000012b8                __fp_pscB
 .text.avr-libc.fplib
                0x00000000000012c6       0x22 a:/toolchain/avr_toolchain/bin/../lib/gcc/avr/12.1.0/../../../../avr/lib/avr5\libm.a(fp_round.o)
                0x00000000000012c6                __fp_round
                0x00000000000012e8                . = ALIGN (0x2)
 *(.fini9)
 .fini9         0x00000000000012e8        0x0 a:/toolchain/avr_toolchain/bin/../lib/gcc/avr/12.1.0/avr5\libgcc.a(_exit.o)
                0x00000000000012e8                _exit
                0x00000000000012e8                exit
 *(.fini9)
 *(.fini8)
 *(.fini8)
 *(.fini7)
 *(.fini7)
 *(.fini6)
 *(.fini6)
 *(.fini5)
 *(.fini5)
 *(.fini4)
 *(.fini4)
 *(.fini3)
 *(.fini3)
 *(.fini2)
 *(.fini2)
 *(.fini1)
 *(.fini1)
 *(.fini0)
 .fini0         0x00000000000012e8        0x4 a:/toolchain/avr_toolchain/bin/../lib/gcc/avr/12.1.0/avr5\libgcc.a(_exit.o)
 *(.fini0)
 *(.hightext)
 *(.hightext*)
 *(.progmemx.*)
                0x00000000000012ec                . = ALIGN (0x2)
 *(.jumptables)
 *(.jumptables*)
                0x00000000000012ec                _etext = .

.data           0x0000000000800060        0x0 load address 0x00000000000012ec
                [!provide]                        PROVIDE (__data_start = .)
 *(.data)
 .data          0x0000000000800060        0x0 a:/toolchain/avr_toolchain/bin/../lib/gcc/avr/12.1.0/../../../../avr/lib/avr5/crtatmega32.o
 .data          0x0000000000800060        0x0 ./LCD.o
 .data          0x0000000000800060        0x0 ./Uart.o
 .data          0x0000000000800060        0x0 ./main.o
 .data          0x0000000000800060        0x0 a:/toolchain/avr_toolchain/bin/../lib/gcc/avr/12.1.0/avr5\libgcc.a(_exit.o)
 .data          0x0000000000800060        0x0 a:/toolchain/avr_toolchain/bin/../lib/gcc/avr/12.1.0/avr5\libgcc.a(_clear_bss.o)
 .data          0x0000000000800060        0x0 a:/toolchain/avr_toolchain/bin/../lib/gcc/avr/12.1.0/../../../../avr/lib/avr5\libm.a(cmpsf2.o)
 .data          0x0000000000800060        0x0 a:/toolchain/avr_toolchain/bin/../lib/gcc/avr/12.1.0/../../../../avr/lib/avr5\libm.a(fixunssfsi.o)
 .data          0x0000000000800060        0x0 a:/toolchain/avr_toolchain/bin/../lib/gcc/avr/12.1.0/../../../../avr/lib/avr5\libm.a(fp_cmp.o)
 .data          0x0000000000800060        0x0 a:/toolchain/avr_toolchain/bin/../lib/gcc/avr/12.1.0/../../../../avr/lib/avr5\libm.a(fp_split3.o)
 .data          0x0000000000800060        0x0 a:/toolchain/avr_toolchain/bin/../lib/gcc/avr/12.1.0/../../../../avr/lib/avr5\libm.a(fp_zero.o)
 .data          0x0000000000800060        0x0 a:/toolchain/avr_toolchain/bin/../lib/gcc/avr/12.1.0/../../../../avr/lib/avr5\libm.a(gesf2.o)
 .data          0x0000000000800060        0x0 a:/toolchain/avr_toolchain/bin/../lib/gcc/avr/12.1.0/../../../../avr/lib/avr5\libm.a(mulsf3.o)
 .data          0x0000000000800060        0x0 a:/toolchain/avr_toolchain/bin/../lib/gcc/avr/12.1.0/../../../../avr/lib/avr5\libm.a(mulsf3x.o)
 .data          0x0000000000800060        0x0 a:/toolchain/avr_toolchain/bin/../lib/gcc/avr/12.1.0/../../../../avr/lib/avr5\libm.a(fp_inf.o)
 .data          0x0000000000800060        0x0 a:/toolchain/avr_toolchain/bin/../lib/gcc/avr/12.1.0/../../../../avr/lib/avr5\libm.a(fp_nan.o)
 .data          0x0000000000800060        0x0 a:/toolchain/avr_toolchain/bin/../lib/gcc/avr/12.1.0/../../../../avr/lib/avr5\libm.a(fp_pscA.o)
 .data          0x0000000000800060        0x0 a:/toolchain/avr_toolchain/bin/../lib/gcc/avr/12.1.0/../../../../avr/lib/avr5\libm.a(fp_pscB.o)
 .data          0x0000000000800060        0x0 a:/toolchain/avr_toolchain/bin/../lib/gcc/avr/12.1.0/../../../../avr/lib/avr5\libm.a(fp_round.o)
 *(.data*)
 *(.gnu.linkonce.d*)
 *(.rodata)
 *(.rodata*)
 *(.gnu.linkonce.r*)
                0x0000000000800060                . = ALIGN (0x2)
                0x0000000000800060                _edata = .
                [!provide]                        PROVIDE (__data_end = .)

.bss            0x0000000000800060        0x6
                0x0000000000800060                PROVIDE (__bss_start = .)
 *(.bss)
 .bss           0x0000000000800060        0x0 a:/toolchain/avr_toolchain/bin/../lib/gcc/avr/12.1.0/../../../../avr/lib/avr5/crtatmega32.o
 .bss           0x0000000000800060        0x0 ./LCD.o
 .bss           0x0000000000800060        0x0 ./Uart.o
 .bss           0x0000000000800060        0x0 ./main.o
 .bss           0x0000000000800060        0x0 a:/toolchain/avr_toolchain/bin/../lib/gcc/avr/12.1.0/avr5\libgcc.a(_exit.o)
 .bss           0x0000000000800060        0x0 a:/toolchain/avr_toolchain/bin/../lib/gcc/avr/12.1.0/avr5\libgcc.a(_clear_bss.o)
 .bss           0x0000000000800060        0x0 a:/toolchain/avr_toolchain/bin/../lib/gcc/avr/12.1.0/../../../../avr/lib/avr5\libm.a(cmpsf2.o)
 .bss           0x0000000000800060        0x0 a:/toolchain/avr_toolchain/bin/../lib/gcc/avr/12.1.0/../../../../avr/lib/avr5\libm.a(fixunssfsi.o)
 .bss           0x0000000000800060        0x0 a:/toolchain/avr_toolchain/bin/../lib/gcc/avr/12.1.0/../../../../avr/lib/avr5\libm.a(fp_cmp.o)
 .bss           0x0000000000800060        0x0 a:/toolchain/avr_toolchain/bin/../lib/gcc/avr/12.1.0/../../../../avr/lib/avr5\libm.a(fp_split3.o)
 .bss           0x0000000000800060        0x0 a:/toolchain/avr_toolchain/bin/../lib/gcc/avr/12.1.0/../../../../avr/lib/avr5\libm.a(fp_zero.o)
 .bss           0x0000000000800060        0x0 a:/toolchain/avr_toolchain/bin/../lib/gcc/avr/12.1.0/../../../../avr/lib/avr5\libm.a(gesf2.o)
 .bss           0x0000000000800060        0x0 a:/toolchain/avr_toolchain/bin/../lib/gcc/avr/12.1.0/../../../../avr/lib/avr5\libm.a(mulsf3.o)
 .bss           0x0000000000800060        0x0 a:/toolchain/avr_toolchain/bin/../lib/gcc/avr/12.1.0/../../../../avr/lib/avr5\libm.a(mulsf3x.o)
 .bss           0x0000000000800060        0x0 a:/toolchain/avr_toolchain/bin/../lib/gcc/avr/12.1.0/../../../../avr/lib/avr5\libm.a(fp_inf.o)
 .bss           0x0000000000800060        0x0 a:/toolchain/avr_toolchain/bin/../lib/gcc/avr/12.1.0/../../../../avr/lib/avr5\libm.a(fp_nan.o)
 .bss           0x0000000000800060        0x0 a:/toolchain/avr_toolchain/bin/../lib/gcc/avr/12.1.0/../../../../avr/lib/avr5\libm.a(fp_pscA.o)
 .bss           0x0000000000800060        0x0 a:/toolchain/avr_toolchain/bin/../lib/gcc/avr/12.1.0/../../../../avr/lib/avr5\libm.a(fp_pscB.o)
 .bss           0x0000000000800060        0x0 a:/toolchain/avr_toolchain/bin/../lib/gcc/avr/12.1.0/../../../../avr/lib/avr5\libm.a(fp_round.o)
 *(.bss*)
 .bss.G_CallBack
                0x0000000000800060        0x4 ./Uart.o
                0x0000000000800060                G_CallBack
 .bss.x         0x0000000000800064        0x2 ./main.o
                0x0000000000800064                x
 *(COMMON)
                0x0000000000800066                PROVIDE (__bss_end = .)
                0x00000000000012ec                __data_load_start = LOADADDR (.data)
                0x00000000000012ec                __data_load_end = (__data_load_start + SIZEOF (.data))

.noinit         0x0000000000800066        0x0
                [!provide]                        PROVIDE (__noinit_start = .)
 *(.noinit .noinit.* .gnu.linkonce.n.*)
                [!provide]                        PROVIDE (__noinit_end = .)
                0x0000000000800066                _end = .
                [!provide]                        PROVIDE (__heap_start = .)

.eeprom         0x0000000000810000        0x0
 *(.eeprom*)
                0x0000000000810000                __eeprom_end = .

.fuse
 *(.fuse)
 *(.lfuse)
 *(.hfuse)
 *(.efuse)

.lock
 *(.lock*)

.signature
 *(.signature*)

.stab           0x0000000000000000     0x1158
 *(.stab)
 .stab          0x0000000000000000      0x900 ./LCD.o
 .stab          0x0000000000000900      0x5d0 ./Uart.o
                                        0x5dc (size before relaxing)
 .stab          0x0000000000000ed0      0x288 ./main.o
                                        0x294 (size before relaxing)

.stabstr        0x0000000000000000      0x4bf
 *(.stabstr)
 .stabstr       0x0000000000000000      0x4bf ./LCD.o

.stab.excl
 *(.stab.excl)

.stab.exclstr
 *(.stab.exclstr)

.stab.index
 *(.stab.index)

.stab.indexstr
 *(.stab.indexstr)

.comment        0x0000000000000000       0x12
 *(.comment)
 .comment       0x0000000000000000       0x12 ./LCD.o
                                         0x13 (size before relaxing)
 .comment       0x0000000000000012       0x13 ./Uart.o
 .comment       0x0000000000000012       0x13 ./main.o

.note.gnu.avr.deviceinfo
                0x0000000000000000       0x3c
 .note.gnu.avr.deviceinfo
                0x0000000000000000       0x3c a:/toolchain/avr_toolchain/bin/../lib/gcc/avr/12.1.0/../../../../avr/lib/avr5/crtatmega32.o

.note.gnu.build-id
 *(.note.gnu.build-id)

.debug
 *(.debug)

.line
 *(.line)

.debug_srcinfo
 *(.debug_srcinfo)

.debug_sfnames
 *(.debug_sfnames)

.debug_aranges  0x0000000000000000       0x40
 *(.debug_aranges)
 .debug_aranges
                0x0000000000000000       0x20 a:/toolchain/avr_toolchain/bin/../lib/gcc/avr/12.1.0/avr5\libgcc.a(_exit.o)
 .debug_aranges
                0x0000000000000020       0x20 a:/toolchain/avr_toolchain/bin/../lib/gcc/avr/12.1.0/avr5\libgcc.a(_clear_bss.o)

.debug_pubnames
 *(.debug_pubnames)

.debug_info     0x0000000000000000      0x52e
 *(.debug_info .gnu.linkonce.wi.*)
 .debug_info    0x0000000000000000      0x4e6 a:/toolchain/avr_toolchain/bin/../lib/gcc/avr/12.1.0/../../../../avr/lib/avr5/crtatmega32.o
 .debug_info    0x00000000000004e6       0x24 a:/toolchain/avr_toolchain/bin/../lib/gcc/avr/12.1.0/avr5\libgcc.a(_exit.o)
 .debug_info    0x000000000000050a       0x24 a:/toolchain/avr_toolchain/bin/../lib/gcc/avr/12.1.0/avr5\libgcc.a(_clear_bss.o)

.debug_abbrev   0x0000000000000000      0x4cb
 *(.debug_abbrev)
 .debug_abbrev  0x0000000000000000      0x4a3 a:/toolchain/avr_toolchain/bin/../lib/gcc/avr/12.1.0/../../../../avr/lib/avr5/crtatmega32.o
 .debug_abbrev  0x00000000000004a3       0x14 a:/toolchain/avr_toolchain/bin/../lib/gcc/avr/12.1.0/avr5\libgcc.a(_exit.o)
 .debug_abbrev  0x00000000000004b7       0x14 a:/toolchain/avr_toolchain/bin/../lib/gcc/avr/12.1.0/avr5\libgcc.a(_clear_bss.o)

.debug_line     0x0000000000000000       0xe3
 *(.debug_line .debug_line.* .debug_line_end)
 .debug_line    0x0000000000000000       0x1d a:/toolchain/avr_toolchain/bin/../lib/gcc/avr/12.1.0/../../../../avr/lib/avr5/crtatmega32.o
 .debug_line    0x000000000000001d       0x51 a:/toolchain/avr_toolchain/bin/../lib/gcc/avr/12.1.0/avr5\libgcc.a(_exit.o)
 .debug_line    0x000000000000006e       0x75 a:/toolchain/avr_toolchain/bin/../lib/gcc/avr/12.1.0/avr5\libgcc.a(_clear_bss.o)

.debug_frame
 *(.debug_frame)

.debug_str      0x0000000000000000      0x1f8
 *(.debug_str)
 .debug_str     0x0000000000000000      0x199 a:/toolchain/avr_toolchain/bin/../lib/gcc/avr/12.1.0/../../../../avr/lib/avr5/crtatmega32.o
 .debug_str     0x0000000000000199       0x5f a:/toolchain/avr_toolchain/bin/../lib/gcc/avr/12.1.0/avr5\libgcc.a(_exit.o)
 .debug_str     0x00000000000001f8       0x5f a:/toolchain/avr_toolchain/bin/../lib/gcc/avr/12.1.0/avr5\libgcc.a(_clear_bss.o)

.debug_loc
 *(.debug_loc)

.debug_macinfo
 *(.debug_macinfo)

.debug_weaknames
 *(.debug_weaknames)

.debug_funcnames
 *(.debug_funcnames)

.debug_typenames
 *(.debug_typenames)

.debug_varnames
 *(.debug_varnames)

.debug_pubtypes
 *(.debug_pubtypes)

.debug_ranges
 *(.debug_ranges)

.debug_addr
 *(.debug_addr)

.debug_line_str
                0x0000000000000000       0x53
 *(.debug_line_str)
 .debug_line_str
                0x0000000000000000       0x53 a:/toolchain/avr_toolchain/bin/../lib/gcc/avr/12.1.0/avr5\libgcc.a(_exit.o)
                                         0x5f (size before relaxing)
 .debug_line_str
                0x0000000000000053       0x5f a:/toolchain/avr_toolchain/bin/../lib/gcc/avr/12.1.0/avr5\libgcc.a(_clear_bss.o)

.debug_loclists
 *(.debug_loclists)

.debug_macro
 *(.debug_macro)

.debug_names
 *(.debug_names)

.debug_rnglists
 *(.debug_rnglists)

.debug_str_offsets
 *(.debug_str_offsets)

.debug_sup
 *(.debug_sup)
OUTPUT(Atmega32_UART_With_Interrupt.elf elf32-avr)
LOAD linker stubs
