Archive member included to satisfy reference by file (symbol)

a:/ide/stm32cubeide/plugins/com.st.stm32cube.ide.mcu.externaltools.gnu-tools-for-stm32.7-2018-q2-update.win32_1.4.0.202007081208/tools/bin/../lib/gcc/arm-none-eabi/7.3.1/../../../../arm-none-eabi/lib/thumb/v7-m\libc_nano.a(lib_a-errno.o)
                              Src/syscalls.o (__errno)
a:/ide/stm32cubeide/plugins/com.st.stm32cube.ide.mcu.externaltools.gnu-tools-for-stm32.7-2018-q2-update.win32_1.4.0.202007081208/tools/bin/../lib/gcc/arm-none-eabi/7.3.1/../../../../arm-none-eabi/lib/thumb/v7-m\libc_nano.a(lib_a-exit.o)
                              a:/ide/stm32cubeide/plugins/com.st.stm32cube.ide.mcu.externaltools.gnu-tools-for-stm32.7-2018-q2-update.win32_1.4.0.202007081208/tools/bin/../lib/gcc/arm-none-eabi/7.3.1/../../../../arm-none-eabi/lib/thumb/v7-m/crt0.o (exit)
a:/ide/stm32cubeide/plugins/com.st.stm32cube.ide.mcu.externaltools.gnu-tools-for-stm32.7-2018-q2-update.win32_1.4.0.202007081208/tools/bin/../lib/gcc/arm-none-eabi/7.3.1/../../../../arm-none-eabi/lib/thumb/v7-m\libc_nano.a(lib_a-impure.o)
                              a:/ide/stm32cubeide/plugins/com.st.stm32cube.ide.mcu.externaltools.gnu-tools-for-stm32.7-2018-q2-update.win32_1.4.0.202007081208/tools/bin/../lib/gcc/arm-none-eabi/7.3.1/../../../../arm-none-eabi/lib/thumb/v7-m\libc_nano.a(lib_a-exit.o) (_global_impure_ptr)
a:/ide/stm32cubeide/plugins/com.st.stm32cube.ide.mcu.externaltools.gnu-tools-for-stm32.7-2018-q2-update.win32_1.4.0.202007081208/tools/bin/../lib/gcc/arm-none-eabi/7.3.1/../../../../arm-none-eabi/lib/thumb/v7-m\libc_nano.a(lib_a-init.o)
                              a:/ide/stm32cubeide/plugins/com.st.stm32cube.ide.mcu.externaltools.gnu-tools-for-stm32.7-2018-q2-update.win32_1.4.0.202007081208/tools/bin/../lib/gcc/arm-none-eabi/7.3.1/../../../../arm-none-eabi/lib/thumb/v7-m/crt0.o (__libc_init_array)
a:/ide/stm32cubeide/plugins/com.st.stm32cube.ide.mcu.externaltools.gnu-tools-for-stm32.7-2018-q2-update.win32_1.4.0.202007081208/tools/bin/../lib/gcc/arm-none-eabi/7.3.1/../../../../arm-none-eabi/lib/thumb/v7-m\libc_nano.a(lib_a-memset.o)
                              a:/ide/stm32cubeide/plugins/com.st.stm32cube.ide.mcu.externaltools.gnu-tools-for-stm32.7-2018-q2-update.win32_1.4.0.202007081208/tools/bin/../lib/gcc/arm-none-eabi/7.3.1/../../../../arm-none-eabi/lib/thumb/v7-m/crt0.o (memset)

Allocating common symbols
Common symbol       size              file

GP_IRQ_CallBack     0x3c              Stm32f103C6_Drivers/Stm32f103c6_EXTI_Driver.o

Discarded input sections

 .text          0x0000000000000000        0x0 a:/ide/stm32cubeide/plugins/com.st.stm32cube.ide.mcu.externaltools.gnu-tools-for-stm32.7-2018-q2-update.win32_1.4.0.202007081208/tools/bin/../lib/gcc/arm-none-eabi/7.3.1/thumb/v7-m/crti.o
 .data          0x0000000000000000        0x0 a:/ide/stm32cubeide/plugins/com.st.stm32cube.ide.mcu.externaltools.gnu-tools-for-stm32.7-2018-q2-update.win32_1.4.0.202007081208/tools/bin/../lib/gcc/arm-none-eabi/7.3.1/thumb/v7-m/crti.o
 .bss           0x0000000000000000        0x0 a:/ide/stm32cubeide/plugins/com.st.stm32cube.ide.mcu.externaltools.gnu-tools-for-stm32.7-2018-q2-update.win32_1.4.0.202007081208/tools/bin/../lib/gcc/arm-none-eabi/7.3.1/thumb/v7-m/crti.o
 .data          0x0000000000000000        0x4 a:/ide/stm32cubeide/plugins/com.st.stm32cube.ide.mcu.externaltools.gnu-tools-for-stm32.7-2018-q2-update.win32_1.4.0.202007081208/tools/bin/../lib/gcc/arm-none-eabi/7.3.1/thumb/v7-m/crtbegin.o
 .text          0x0000000000000000       0x74 a:/ide/stm32cubeide/plugins/com.st.stm32cube.ide.mcu.externaltools.gnu-tools-for-stm32.7-2018-q2-update.win32_1.4.0.202007081208/tools/bin/../lib/gcc/arm-none-eabi/7.3.1/../../../../arm-none-eabi/lib/thumb/v7-m/crt0.o
 .data          0x0000000000000000        0x0 a:/ide/stm32cubeide/plugins/com.st.stm32cube.ide.mcu.externaltools.gnu-tools-for-stm32.7-2018-q2-update.win32_1.4.0.202007081208/tools/bin/../lib/gcc/arm-none-eabi/7.3.1/../../../../arm-none-eabi/lib/thumb/v7-m/crt0.o
 .bss           0x0000000000000000        0x0 a:/ide/stm32cubeide/plugins/com.st.stm32cube.ide.mcu.externaltools.gnu-tools-for-stm32.7-2018-q2-update.win32_1.4.0.202007081208/tools/bin/../lib/gcc/arm-none-eabi/7.3.1/../../../../arm-none-eabi/lib/thumb/v7-m/crt0.o
 .ARM.extab     0x0000000000000000        0x0 a:/ide/stm32cubeide/plugins/com.st.stm32cube.ide.mcu.externaltools.gnu-tools-for-stm32.7-2018-q2-update.win32_1.4.0.202007081208/tools/bin/../lib/gcc/arm-none-eabi/7.3.1/../../../../arm-none-eabi/lib/thumb/v7-m/crt0.o
 .ARM.exidx     0x0000000000000000        0x8 a:/ide/stm32cubeide/plugins/com.st.stm32cube.ide.mcu.externaltools.gnu-tools-for-stm32.7-2018-q2-update.win32_1.4.0.202007081208/tools/bin/../lib/gcc/arm-none-eabi/7.3.1/../../../../arm-none-eabi/lib/thumb/v7-m/crt0.o
 .ARM.attributes
                0x0000000000000000       0x1b a:/ide/stm32cubeide/plugins/com.st.stm32cube.ide.mcu.externaltools.gnu-tools-for-stm32.7-2018-q2-update.win32_1.4.0.202007081208/tools/bin/../lib/gcc/arm-none-eabi/7.3.1/../../../../arm-none-eabi/lib/thumb/v7-m/crt0.o
 .group         0x0000000000000000        0xc Src/main.o
 .group         0x0000000000000000        0xc Src/main.o
 .group         0x0000000000000000        0xc Src/main.o
 .group         0x0000000000000000        0xc Src/main.o
 .group         0x0000000000000000        0xc Src/main.o
 .group         0x0000000000000000        0xc Src/main.o
 .group         0x0000000000000000        0xc Src/main.o
 .group         0x0000000000000000        0xc Src/main.o
 .group         0x0000000000000000        0xc Src/main.o
 .group         0x0000000000000000        0xc Src/main.o
 .text          0x0000000000000000        0x0 Src/main.o
 .data          0x0000000000000000        0x0 Src/main.o
 .bss           0x0000000000000000        0x0 Src/main.o
 .bss.flag      0x0000000000000000        0x4 Src/main.o
 .group         0x0000000000000000        0xc Src/syscalls.o
 .group         0x0000000000000000        0xc Src/syscalls.o
 .group         0x0000000000000000        0xc Src/syscalls.o
 .group         0x0000000000000000        0xc Src/syscalls.o
 .group         0x0000000000000000        0xc Src/syscalls.o
 .group         0x0000000000000000        0xc Src/syscalls.o
 .group         0x0000000000000000        0xc Src/syscalls.o
 .group         0x0000000000000000        0xc Src/syscalls.o
 .group         0x0000000000000000        0xc Src/syscalls.o
 .group         0x0000000000000000        0xc Src/syscalls.o
 .group         0x0000000000000000        0xc Src/syscalls.o
 .group         0x0000000000000000        0xc Src/syscalls.o
 .group         0x0000000000000000        0xc Src/syscalls.o
 .group         0x0000000000000000        0xc Src/syscalls.o
 .group         0x0000000000000000        0xc Src/syscalls.o
 .group         0x0000000000000000        0xc Src/syscalls.o
 .group         0x0000000000000000        0xc Src/syscalls.o
 .group         0x0000000000000000        0xc Src/syscalls.o
 .group         0x0000000000000000        0xc Src/syscalls.o
 .group         0x0000000000000000        0xc Src/syscalls.o
 .group         0x0000000000000000        0xc Src/syscalls.o
 .group         0x0000000000000000        0xc Src/syscalls.o
 .group         0x0000000000000000        0xc Src/syscalls.o
 .group         0x0000000000000000        0xc Src/syscalls.o
 .group         0x0000000000000000        0xc Src/syscalls.o
 .group         0x0000000000000000        0xc Src/syscalls.o
 .group         0x0000000000000000        0xc Src/syscalls.o
 .group         0x0000000000000000        0xc Src/syscalls.o
 .group         0x0000000000000000        0xc Src/syscalls.o
 .group         0x0000000000000000        0xc Src/syscalls.o
 .group         0x0000000000000000        0xc Src/syscalls.o
 .group         0x0000000000000000        0xc Src/syscalls.o
 .group         0x0000000000000000        0xc Src/syscalls.o
 .group         0x0000000000000000        0xc Src/syscalls.o
 .group         0x0000000000000000        0xc Src/syscalls.o
 .group         0x0000000000000000        0xc Src/syscalls.o
 .group         0x0000000000000000        0xc Src/syscalls.o
 .group         0x0000000000000000        0xc Src/syscalls.o
 .group         0x0000000000000000        0xc Src/syscalls.o
 .group         0x0000000000000000        0xc Src/syscalls.o
 .group         0x0000000000000000        0xc Src/syscalls.o
 .group         0x0000000000000000        0xc Src/syscalls.o
 .group         0x0000000000000000        0xc Src/syscalls.o
 .group         0x0000000000000000        0xc Src/syscalls.o
 .text          0x0000000000000000        0x0 Src/syscalls.o
 .data          0x0000000000000000        0x0 Src/syscalls.o
 .bss           0x0000000000000000        0x0 Src/syscalls.o
 .bss.__env     0x0000000000000000        0x4 Src/syscalls.o
 .data.environ  0x0000000000000000        0x4 Src/syscalls.o
 .text.initialise_monitor_handles
                0x0000000000000000        0xc Src/syscalls.o
 .text._getpid  0x0000000000000000        0xe Src/syscalls.o
 .text._kill    0x0000000000000000       0x20 Src/syscalls.o
 .text._exit    0x0000000000000000       0x14 Src/syscalls.o
 .text._read    0x0000000000000000       0x3a Src/syscalls.o
 .text._write   0x0000000000000000       0x38 Src/syscalls.o
 .text._close   0x0000000000000000       0x16 Src/syscalls.o
 .text._fstat   0x0000000000000000       0x1e Src/syscalls.o
 .text._isatty  0x0000000000000000       0x14 Src/syscalls.o
 .text._lseek   0x0000000000000000       0x18 Src/syscalls.o
 .text._open    0x0000000000000000       0x1a Src/syscalls.o
 .text._wait    0x0000000000000000       0x1e Src/syscalls.o
 .text._unlink  0x0000000000000000       0x1e Src/syscalls.o
 .text._times   0x0000000000000000       0x16 Src/syscalls.o
 .text._stat    0x0000000000000000       0x1e Src/syscalls.o
 .text._link    0x0000000000000000       0x20 Src/syscalls.o
 .text._fork    0x0000000000000000       0x16 Src/syscalls.o
 .text._execve  0x0000000000000000       0x22 Src/syscalls.o
 .debug_info    0x0000000000000000     0x1038 Src/syscalls.o
 .debug_abbrev  0x0000000000000000      0x254 Src/syscalls.o
 .debug_loc     0x0000000000000000      0x5b8 Src/syscalls.o
 .debug_aranges
                0x0000000000000000       0xa8 Src/syscalls.o
 .debug_ranges  0x0000000000000000       0x98 Src/syscalls.o
 .debug_macro   0x0000000000000000      0x243 Src/syscalls.o
 .debug_macro   0x0000000000000000      0xa60 Src/syscalls.o
 .debug_macro   0x0000000000000000       0x22 Src/syscalls.o
 .debug_macro   0x0000000000000000       0x40 Src/syscalls.o
 .debug_macro   0x0000000000000000       0x18 Src/syscalls.o
 .debug_macro   0x0000000000000000       0x94 Src/syscalls.o
 .debug_macro   0x0000000000000000       0x3c Src/syscalls.o
 .debug_macro   0x0000000000000000       0x34 Src/syscalls.o
 .debug_macro   0x0000000000000000       0x57 Src/syscalls.o
 .debug_macro   0x0000000000000000      0x174 Src/syscalls.o
 .debug_macro   0x0000000000000000      0x330 Src/syscalls.o
 .debug_macro   0x0000000000000000       0x52 Src/syscalls.o
 .debug_macro   0x0000000000000000       0x1f Src/syscalls.o
 .debug_macro   0x0000000000000000       0x43 Src/syscalls.o
 .debug_macro   0x0000000000000000       0x20 Src/syscalls.o
 .debug_macro   0x0000000000000000      0x1a3 Src/syscalls.o
 .debug_macro   0x0000000000000000       0x10 Src/syscalls.o
 .debug_macro   0x0000000000000000       0x35 Src/syscalls.o
 .debug_macro   0x0000000000000000       0x10 Src/syscalls.o
 .debug_macro   0x0000000000000000       0x10 Src/syscalls.o
 .debug_macro   0x0000000000000000       0x10 Src/syscalls.o
 .debug_macro   0x0000000000000000       0x6a Src/syscalls.o
 .debug_macro   0x0000000000000000       0x1c Src/syscalls.o
 .debug_macro   0x0000000000000000       0x52 Src/syscalls.o
 .debug_macro   0x0000000000000000       0x40 Src/syscalls.o
 .debug_macro   0x0000000000000000       0x10 Src/syscalls.o
 .debug_macro   0x0000000000000000       0x40 Src/syscalls.o
 .debug_macro   0x0000000000000000       0xd7 Src/syscalls.o
 .debug_macro   0x0000000000000000       0x1c Src/syscalls.o
 .debug_macro   0x0000000000000000       0x3d Src/syscalls.o
 .debug_macro   0x0000000000000000       0x35 Src/syscalls.o
 .debug_macro   0x0000000000000000      0x122 Src/syscalls.o
 .debug_macro   0x0000000000000000       0x16 Src/syscalls.o
 .debug_macro   0x0000000000000000       0x16 Src/syscalls.o
 .debug_macro   0x0000000000000000       0x29 Src/syscalls.o
 .debug_macro   0x0000000000000000       0x10 Src/syscalls.o
 .debug_macro   0x0000000000000000      0x241 Src/syscalls.o
 .debug_macro   0x0000000000000000       0x1c Src/syscalls.o
 .debug_macro   0x0000000000000000       0x10 Src/syscalls.o
 .debug_macro   0x0000000000000000       0x10 Src/syscalls.o
 .debug_macro   0x0000000000000000       0x16 Src/syscalls.o
 .debug_macro   0x0000000000000000      0x145 Src/syscalls.o
 .debug_macro   0x0000000000000000      0x189 Src/syscalls.o
 .debug_macro   0x0000000000000000       0x16 Src/syscalls.o
 .debug_macro   0x0000000000000000       0x88 Src/syscalls.o
 .debug_line    0x0000000000000000      0x6df Src/syscalls.o
 .debug_str     0x0000000000000000     0x8878 Src/syscalls.o
 .comment       0x0000000000000000       0x7c Src/syscalls.o
 .debug_frame   0x0000000000000000      0x2ac Src/syscalls.o
 .ARM.attributes
                0x0000000000000000       0x33 Src/syscalls.o
 .group         0x0000000000000000        0xc Src/sysmem.o
 .group         0x0000000000000000        0xc Src/sysmem.o
 .group         0x0000000000000000        0xc Src/sysmem.o
 .group         0x0000000000000000        0xc Src/sysmem.o
 .group         0x0000000000000000        0xc Src/sysmem.o
 .group         0x0000000000000000        0xc Src/sysmem.o
 .group         0x0000000000000000        0xc Src/sysmem.o
 .group         0x0000000000000000        0xc Src/sysmem.o
 .group         0x0000000000000000        0xc Src/sysmem.o
 .group         0x0000000000000000        0xc Src/sysmem.o
 .group         0x0000000000000000        0xc Src/sysmem.o
 .group         0x0000000000000000        0xc Src/sysmem.o
 .group         0x0000000000000000        0xc Src/sysmem.o
 .group         0x0000000000000000        0xc Src/sysmem.o
 .group         0x0000000000000000        0xc Src/sysmem.o
 .group         0x0000000000000000        0xc Src/sysmem.o
 .group         0x0000000000000000        0xc Src/sysmem.o
 .group         0x0000000000000000        0xc Src/sysmem.o
 .group         0x0000000000000000        0xc Src/sysmem.o
 .text          0x0000000000000000        0x0 Src/sysmem.o
 .data          0x0000000000000000        0x0 Src/sysmem.o
 .bss           0x0000000000000000        0x0 Src/sysmem.o
 .bss.__sbrk_heap_end
                0x0000000000000000        0x4 Src/sysmem.o
 .text._sbrk    0x0000000000000000       0x6c Src/sysmem.o
 .debug_info    0x0000000000000000      0xa7c Src/sysmem.o
 .debug_abbrev  0x0000000000000000      0x18e Src/sysmem.o
 .debug_loc     0x0000000000000000       0x50 Src/sysmem.o
 .debug_aranges
                0x0000000000000000       0x20 Src/sysmem.o
 .debug_ranges  0x0000000000000000       0x10 Src/sysmem.o
 .debug_macro   0x0000000000000000       0xee Src/sysmem.o
 .debug_macro   0x0000000000000000      0xa60 Src/sysmem.o
 .debug_macro   0x0000000000000000       0x10 Src/sysmem.o
 .debug_macro   0x0000000000000000       0x22 Src/sysmem.o
 .debug_macro   0x0000000000000000       0x40 Src/sysmem.o
 .debug_macro   0x0000000000000000       0x18 Src/sysmem.o
 .debug_macro   0x0000000000000000       0x94 Src/sysmem.o
 .debug_macro   0x0000000000000000       0x3c Src/sysmem.o
 .debug_macro   0x0000000000000000       0x34 Src/sysmem.o
 .debug_macro   0x0000000000000000      0x174 Src/sysmem.o
 .debug_macro   0x0000000000000000       0x57 Src/sysmem.o
 .debug_macro   0x0000000000000000       0x52 Src/sysmem.o
 .debug_macro   0x0000000000000000       0x1f Src/sysmem.o
 .debug_macro   0x0000000000000000       0x43 Src/sysmem.o
 .debug_macro   0x0000000000000000       0x20 Src/sysmem.o
 .debug_macro   0x0000000000000000      0x1a3 Src/sysmem.o
 .debug_macro   0x0000000000000000      0x23b Src/sysmem.o
 .debug_macro   0x0000000000000000       0xef Src/sysmem.o
 .debug_macro   0x0000000000000000       0x6a Src/sysmem.o
 .debug_macro   0x0000000000000000      0x1df Src/sysmem.o
 .debug_line    0x0000000000000000      0x468 Src/sysmem.o
 .debug_str     0x0000000000000000     0x5f46 Src/sysmem.o
 .comment       0x0000000000000000       0x7c Src/sysmem.o
 .debug_frame   0x0000000000000000       0x34 Src/sysmem.o
 .ARM.attributes
                0x0000000000000000       0x33 Src/sysmem.o
 .text          0x0000000000000000       0x14 Startup/startup_stm32f103c6tx.o
 .data          0x0000000000000000        0x0 Startup/startup_stm32f103c6tx.o
 .bss           0x0000000000000000        0x0 Startup/startup_stm32f103c6tx.o
 .group         0x0000000000000000        0xc Stm32f103C6_Drivers/Stm32f103c6_EXTI_Driver.o
 .group         0x0000000000000000        0xc Stm32f103C6_Drivers/Stm32f103c6_EXTI_Driver.o
 .group         0x0000000000000000        0xc Stm32f103C6_Drivers/Stm32f103c6_EXTI_Driver.o
 .group         0x0000000000000000        0xc Stm32f103C6_Drivers/Stm32f103c6_EXTI_Driver.o
 .group         0x0000000000000000        0xc Stm32f103C6_Drivers/Stm32f103c6_EXTI_Driver.o
 .group         0x0000000000000000        0xc Stm32f103C6_Drivers/Stm32f103c6_EXTI_Driver.o
 .group         0x0000000000000000        0xc Stm32f103C6_Drivers/Stm32f103c6_EXTI_Driver.o
 .group         0x0000000000000000        0xc Stm32f103C6_Drivers/Stm32f103c6_EXTI_Driver.o
 .group         0x0000000000000000        0xc Stm32f103C6_Drivers/Stm32f103c6_EXTI_Driver.o
 .group         0x0000000000000000        0xc Stm32f103C6_Drivers/Stm32f103c6_EXTI_Driver.o
 .text          0x0000000000000000        0x0 Stm32f103C6_Drivers/Stm32f103c6_EXTI_Driver.o
 .data          0x0000000000000000        0x0 Stm32f103C6_Drivers/Stm32f103c6_EXTI_Driver.o
 .bss           0x0000000000000000        0x0 Stm32f103C6_Drivers/Stm32f103c6_EXTI_Driver.o
 .text.MCAL_EXTI_GPIO_DeInit
                0x0000000000000000       0x94 Stm32f103C6_Drivers/Stm32f103c6_EXTI_Driver.o
 .text.MCAL_EXTI_GPIO_Uptade
                0x0000000000000000       0x16 Stm32f103C6_Drivers/Stm32f103c6_EXTI_Driver.o
 .debug_macro   0x0000000000000000      0xa60 Stm32f103C6_Drivers/Stm32f103c6_EXTI_Driver.o
 .debug_macro   0x0000000000000000       0x22 Stm32f103C6_Drivers/Stm32f103c6_EXTI_Driver.o
 .debug_macro   0x0000000000000000       0x8e Stm32f103C6_Drivers/Stm32f103c6_EXTI_Driver.o
 .debug_macro   0x0000000000000000       0x51 Stm32f103C6_Drivers/Stm32f103c6_EXTI_Driver.o
 .debug_macro   0x0000000000000000       0xef Stm32f103C6_Drivers/Stm32f103c6_EXTI_Driver.o
 .debug_macro   0x0000000000000000       0x6a Stm32f103C6_Drivers/Stm32f103c6_EXTI_Driver.o
 .debug_macro   0x0000000000000000      0x1df Stm32f103C6_Drivers/Stm32f103c6_EXTI_Driver.o
 .debug_macro   0x0000000000000000      0x2de Stm32f103C6_Drivers/Stm32f103c6_EXTI_Driver.o
 .debug_macro   0x0000000000000000       0xc4 Stm32f103C6_Drivers/Stm32f103c6_EXTI_Driver.o
 .debug_macro   0x0000000000000000      0x21a Stm32f103C6_Drivers/Stm32f103c6_EXTI_Driver.o
 .group         0x0000000000000000        0xc Stm32f103C6_Drivers/Stm32f103c6_GPIO_Driver.o
 .group         0x0000000000000000        0xc Stm32f103C6_Drivers/Stm32f103c6_GPIO_Driver.o
 .group         0x0000000000000000        0xc Stm32f103C6_Drivers/Stm32f103c6_GPIO_Driver.o
 .group         0x0000000000000000        0xc Stm32f103C6_Drivers/Stm32f103c6_GPIO_Driver.o
 .group         0x0000000000000000        0xc Stm32f103C6_Drivers/Stm32f103c6_GPIO_Driver.o
 .group         0x0000000000000000        0xc Stm32f103C6_Drivers/Stm32f103c6_GPIO_Driver.o
 .group         0x0000000000000000        0xc Stm32f103C6_Drivers/Stm32f103c6_GPIO_Driver.o
 .group         0x0000000000000000        0xc Stm32f103C6_Drivers/Stm32f103c6_GPIO_Driver.o
 .group         0x0000000000000000        0xc Stm32f103C6_Drivers/Stm32f103c6_GPIO_Driver.o
 .text          0x0000000000000000        0x0 Stm32f103C6_Drivers/Stm32f103c6_GPIO_Driver.o
 .data          0x0000000000000000        0x0 Stm32f103C6_Drivers/Stm32f103c6_GPIO_Driver.o
 .bss           0x0000000000000000        0x0 Stm32f103C6_Drivers/Stm32f103c6_GPIO_Driver.o
 .text.MCAL_GPIO_Reset_Output_Particular
                0x0000000000000000       0x24 Stm32f103C6_Drivers/Stm32f103c6_GPIO_Driver.o
 .text.MCAL_GPIO_Set_Output_Particular
                0x0000000000000000       0x22 Stm32f103C6_Drivers/Stm32f103c6_GPIO_Driver.o
 .text.MCAL_GPIO_DEINIT
                0x0000000000000000       0xc8 Stm32f103C6_Drivers/Stm32f103c6_GPIO_Driver.o
 .text.MCAL_GPIO_ReadPort
                0x0000000000000000       0x1a Stm32f103C6_Drivers/Stm32f103c6_GPIO_Driver.o
 .text.MCAL_GPIO_ReadPin
                0x0000000000000000       0x28 Stm32f103C6_Drivers/Stm32f103c6_GPIO_Driver.o
 .text.MCAL_GPIO_WritePort
                0x0000000000000000       0x1c Stm32f103C6_Drivers/Stm32f103c6_GPIO_Driver.o
 .text.MCAL_GPIO_WritePin
                0x0000000000000000       0x2e Stm32f103C6_Drivers/Stm32f103c6_GPIO_Driver.o
 .text.MCAL_GPIO_TogglePin
                0x0000000000000000       0x22 Stm32f103C6_Drivers/Stm32f103c6_GPIO_Driver.o
 .text.MCAL_GPIO_lockPin
                0x0000000000000000       0x54 Stm32f103C6_Drivers/Stm32f103c6_GPIO_Driver.o
 .debug_macro   0x0000000000000000      0xa60 Stm32f103C6_Drivers/Stm32f103c6_GPIO_Driver.o
 .debug_macro   0x0000000000000000       0x22 Stm32f103C6_Drivers/Stm32f103c6_GPIO_Driver.o
 .debug_macro   0x0000000000000000       0x8e Stm32f103C6_Drivers/Stm32f103c6_GPIO_Driver.o
 .debug_macro   0x0000000000000000       0x51 Stm32f103C6_Drivers/Stm32f103c6_GPIO_Driver.o
 .debug_macro   0x0000000000000000       0xef Stm32f103C6_Drivers/Stm32f103c6_GPIO_Driver.o
 .debug_macro   0x0000000000000000       0x6a Stm32f103C6_Drivers/Stm32f103c6_GPIO_Driver.o
 .debug_macro   0x0000000000000000      0x1df Stm32f103C6_Drivers/Stm32f103c6_GPIO_Driver.o
 .debug_macro   0x0000000000000000      0x2de Stm32f103C6_Drivers/Stm32f103c6_GPIO_Driver.o
 .debug_macro   0x0000000000000000       0xc4 Stm32f103C6_Drivers/Stm32f103c6_GPIO_Driver.o
 .text          0x0000000000000000        0x0 a:/ide/stm32cubeide/plugins/com.st.stm32cube.ide.mcu.externaltools.gnu-tools-for-stm32.7-2018-q2-update.win32_1.4.0.202007081208/tools/bin/../lib/gcc/arm-none-eabi/7.3.1/../../../../arm-none-eabi/lib/thumb/v7-m\libc_nano.a(lib_a-errno.o)
 .data          0x0000000000000000        0x0 a:/ide/stm32cubeide/plugins/com.st.stm32cube.ide.mcu.externaltools.gnu-tools-for-stm32.7-2018-q2-update.win32_1.4.0.202007081208/tools/bin/../lib/gcc/arm-none-eabi/7.3.1/../../../../arm-none-eabi/lib/thumb/v7-m\libc_nano.a(lib_a-errno.o)
 .bss           0x0000000000000000        0x0 a:/ide/stm32cubeide/plugins/com.st.stm32cube.ide.mcu.externaltools.gnu-tools-for-stm32.7-2018-q2-update.win32_1.4.0.202007081208/tools/bin/../lib/gcc/arm-none-eabi/7.3.1/../../../../arm-none-eabi/lib/thumb/v7-m\libc_nano.a(lib_a-errno.o)
 .text.__errno  0x0000000000000000        0xc a:/ide/stm32cubeide/plugins/com.st.stm32cube.ide.mcu.externaltools.gnu-tools-for-stm32.7-2018-q2-update.win32_1.4.0.202007081208/tools/bin/../lib/gcc/arm-none-eabi/7.3.1/../../../../arm-none-eabi/lib/thumb/v7-m\libc_nano.a(lib_a-errno.o)
 .debug_frame   0x0000000000000000       0x20 a:/ide/stm32cubeide/plugins/com.st.stm32cube.ide.mcu.externaltools.gnu-tools-for-stm32.7-2018-q2-update.win32_1.4.0.202007081208/tools/bin/../lib/gcc/arm-none-eabi/7.3.1/../../../../arm-none-eabi/lib/thumb/v7-m\libc_nano.a(lib_a-errno.o)
 .ARM.attributes
                0x0000000000000000       0x2d a:/ide/stm32cubeide/plugins/com.st.stm32cube.ide.mcu.externaltools.gnu-tools-for-stm32.7-2018-q2-update.win32_1.4.0.202007081208/tools/bin/../lib/gcc/arm-none-eabi/7.3.1/../../../../arm-none-eabi/lib/thumb/v7-m\libc_nano.a(lib_a-errno.o)
 .text          0x0000000000000000        0x0 a:/ide/stm32cubeide/plugins/com.st.stm32cube.ide.mcu.externaltools.gnu-tools-for-stm32.7-2018-q2-update.win32_1.4.0.202007081208/tools/bin/../lib/gcc/arm-none-eabi/7.3.1/../../../../arm-none-eabi/lib/thumb/v7-m\libc_nano.a(lib_a-exit.o)
 .data          0x0000000000000000        0x0 a:/ide/stm32cubeide/plugins/com.st.stm32cube.ide.mcu.externaltools.gnu-tools-for-stm32.7-2018-q2-update.win32_1.4.0.202007081208/tools/bin/../lib/gcc/arm-none-eabi/7.3.1/../../../../arm-none-eabi/lib/thumb/v7-m\libc_nano.a(lib_a-exit.o)
 .bss           0x0000000000000000        0x0 a:/ide/stm32cubeide/plugins/com.st.stm32cube.ide.mcu.externaltools.gnu-tools-for-stm32.7-2018-q2-update.win32_1.4.0.202007081208/tools/bin/../lib/gcc/arm-none-eabi/7.3.1/../../../../arm-none-eabi/lib/thumb/v7-m\libc_nano.a(lib_a-exit.o)
 .text.exit     0x0000000000000000       0x28 a:/ide/stm32cubeide/plugins/com.st.stm32cube.ide.mcu.externaltools.gnu-tools-for-stm32.7-2018-q2-update.win32_1.4.0.202007081208/tools/bin/../lib/gcc/arm-none-eabi/7.3.1/../../../../arm-none-eabi/lib/thumb/v7-m\libc_nano.a(lib_a-exit.o)
 .debug_frame   0x0000000000000000       0x28 a:/ide/stm32cubeide/plugins/com.st.stm32cube.ide.mcu.externaltools.gnu-tools-for-stm32.7-2018-q2-update.win32_1.4.0.202007081208/tools/bin/../lib/gcc/arm-none-eabi/7.3.1/../../../../arm-none-eabi/lib/thumb/v7-m\libc_nano.a(lib_a-exit.o)
 .ARM.attributes
                0x0000000000000000       0x2d a:/ide/stm32cubeide/plugins/com.st.stm32cube.ide.mcu.externaltools.gnu-tools-for-stm32.7-2018-q2-update.win32_1.4.0.202007081208/tools/bin/../lib/gcc/arm-none-eabi/7.3.1/../../../../arm-none-eabi/lib/thumb/v7-m\libc_nano.a(lib_a-exit.o)
 .text          0x0000000000000000        0x0 a:/ide/stm32cubeide/plugins/com.st.stm32cube.ide.mcu.externaltools.gnu-tools-for-stm32.7-2018-q2-update.win32_1.4.0.202007081208/tools/bin/../lib/gcc/arm-none-eabi/7.3.1/../../../../arm-none-eabi/lib/thumb/v7-m\libc_nano.a(lib_a-impure.o)
 .data          0x0000000000000000        0x0 a:/ide/stm32cubeide/plugins/com.st.stm32cube.ide.mcu.externaltools.gnu-tools-for-stm32.7-2018-q2-update.win32_1.4.0.202007081208/tools/bin/../lib/gcc/arm-none-eabi/7.3.1/../../../../arm-none-eabi/lib/thumb/v7-m\libc_nano.a(lib_a-impure.o)
 .bss           0x0000000000000000        0x0 a:/ide/stm32cubeide/plugins/com.st.stm32cube.ide.mcu.externaltools.gnu-tools-for-stm32.7-2018-q2-update.win32_1.4.0.202007081208/tools/bin/../lib/gcc/arm-none-eabi/7.3.1/../../../../arm-none-eabi/lib/thumb/v7-m\libc_nano.a(lib_a-impure.o)
 .data._impure_ptr
                0x0000000000000000        0x4 a:/ide/stm32cubeide/plugins/com.st.stm32cube.ide.mcu.externaltools.gnu-tools-for-stm32.7-2018-q2-update.win32_1.4.0.202007081208/tools/bin/../lib/gcc/arm-none-eabi/7.3.1/../../../../arm-none-eabi/lib/thumb/v7-m\libc_nano.a(lib_a-impure.o)
 .data.impure_data
                0x0000000000000000       0x60 a:/ide/stm32cubeide/plugins/com.st.stm32cube.ide.mcu.externaltools.gnu-tools-for-stm32.7-2018-q2-update.win32_1.4.0.202007081208/tools/bin/../lib/gcc/arm-none-eabi/7.3.1/../../../../arm-none-eabi/lib/thumb/v7-m\libc_nano.a(lib_a-impure.o)
 .rodata._global_impure_ptr
                0x0000000000000000        0x4 a:/ide/stm32cubeide/plugins/com.st.stm32cube.ide.mcu.externaltools.gnu-tools-for-stm32.7-2018-q2-update.win32_1.4.0.202007081208/tools/bin/../lib/gcc/arm-none-eabi/7.3.1/../../../../arm-none-eabi/lib/thumb/v7-m\libc_nano.a(lib_a-impure.o)
 .ARM.attributes
                0x0000000000000000       0x2d a:/ide/stm32cubeide/plugins/com.st.stm32cube.ide.mcu.externaltools.gnu-tools-for-stm32.7-2018-q2-update.win32_1.4.0.202007081208/tools/bin/../lib/gcc/arm-none-eabi/7.3.1/../../../../arm-none-eabi/lib/thumb/v7-m\libc_nano.a(lib_a-impure.o)
 .text          0x0000000000000000        0x0 a:/ide/stm32cubeide/plugins/com.st.stm32cube.ide.mcu.externaltools.gnu-tools-for-stm32.7-2018-q2-update.win32_1.4.0.202007081208/tools/bin/../lib/gcc/arm-none-eabi/7.3.1/../../../../arm-none-eabi/lib/thumb/v7-m\libc_nano.a(lib_a-init.o)
 .data          0x0000000000000000        0x0 a:/ide/stm32cubeide/plugins/com.st.stm32cube.ide.mcu.externaltools.gnu-tools-for-stm32.7-2018-q2-update.win32_1.4.0.202007081208/tools/bin/../lib/gcc/arm-none-eabi/7.3.1/../../../../arm-none-eabi/lib/thumb/v7-m\libc_nano.a(lib_a-init.o)
 .bss           0x0000000000000000        0x0 a:/ide/stm32cubeide/plugins/com.st.stm32cube.ide.mcu.externaltools.gnu-tools-for-stm32.7-2018-q2-update.win32_1.4.0.202007081208/tools/bin/../lib/gcc/arm-none-eabi/7.3.1/../../../../arm-none-eabi/lib/thumb/v7-m\libc_nano.a(lib_a-init.o)
 .text          0x0000000000000000        0x0 a:/ide/stm32cubeide/plugins/com.st.stm32cube.ide.mcu.externaltools.gnu-tools-for-stm32.7-2018-q2-update.win32_1.4.0.202007081208/tools/bin/../lib/gcc/arm-none-eabi/7.3.1/../../../../arm-none-eabi/lib/thumb/v7-m\libc_nano.a(lib_a-memset.o)
 .data          0x0000000000000000        0x0 a:/ide/stm32cubeide/plugins/com.st.stm32cube.ide.mcu.externaltools.gnu-tools-for-stm32.7-2018-q2-update.win32_1.4.0.202007081208/tools/bin/../lib/gcc/arm-none-eabi/7.3.1/../../../../arm-none-eabi/lib/thumb/v7-m\libc_nano.a(lib_a-memset.o)
 .bss           0x0000000000000000        0x0 a:/ide/stm32cubeide/plugins/com.st.stm32cube.ide.mcu.externaltools.gnu-tools-for-stm32.7-2018-q2-update.win32_1.4.0.202007081208/tools/bin/../lib/gcc/arm-none-eabi/7.3.1/../../../../arm-none-eabi/lib/thumb/v7-m\libc_nano.a(lib_a-memset.o)
 .text.memset   0x0000000000000000       0x10 a:/ide/stm32cubeide/plugins/com.st.stm32cube.ide.mcu.externaltools.gnu-tools-for-stm32.7-2018-q2-update.win32_1.4.0.202007081208/tools/bin/../lib/gcc/arm-none-eabi/7.3.1/../../../../arm-none-eabi/lib/thumb/v7-m\libc_nano.a(lib_a-memset.o)
 .debug_frame   0x0000000000000000       0x20 a:/ide/stm32cubeide/plugins/com.st.stm32cube.ide.mcu.externaltools.gnu-tools-for-stm32.7-2018-q2-update.win32_1.4.0.202007081208/tools/bin/../lib/gcc/arm-none-eabi/7.3.1/../../../../arm-none-eabi/lib/thumb/v7-m\libc_nano.a(lib_a-memset.o)
 .ARM.attributes
                0x0000000000000000       0x2d a:/ide/stm32cubeide/plugins/com.st.stm32cube.ide.mcu.externaltools.gnu-tools-for-stm32.7-2018-q2-update.win32_1.4.0.202007081208/tools/bin/../lib/gcc/arm-none-eabi/7.3.1/../../../../arm-none-eabi/lib/thumb/v7-m\libc_nano.a(lib_a-memset.o)
 .text          0x0000000000000000        0x0 a:/ide/stm32cubeide/plugins/com.st.stm32cube.ide.mcu.externaltools.gnu-tools-for-stm32.7-2018-q2-update.win32_1.4.0.202007081208/tools/bin/../lib/gcc/arm-none-eabi/7.3.1/thumb/v7-m/crtend.o
 .data          0x0000000000000000        0x0 a:/ide/stm32cubeide/plugins/com.st.stm32cube.ide.mcu.externaltools.gnu-tools-for-stm32.7-2018-q2-update.win32_1.4.0.202007081208/tools/bin/../lib/gcc/arm-none-eabi/7.3.1/thumb/v7-m/crtend.o
 .bss           0x0000000000000000        0x0 a:/ide/stm32cubeide/plugins/com.st.stm32cube.ide.mcu.externaltools.gnu-tools-for-stm32.7-2018-q2-update.win32_1.4.0.202007081208/tools/bin/../lib/gcc/arm-none-eabi/7.3.1/thumb/v7-m/crtend.o
 .eh_frame      0x0000000000000000        0x4 a:/ide/stm32cubeide/plugins/com.st.stm32cube.ide.mcu.externaltools.gnu-tools-for-stm32.7-2018-q2-update.win32_1.4.0.202007081208/tools/bin/../lib/gcc/arm-none-eabi/7.3.1/thumb/v7-m/crtend.o
 .ARM.attributes
                0x0000000000000000       0x2d a:/ide/stm32cubeide/plugins/com.st.stm32cube.ide.mcu.externaltools.gnu-tools-for-stm32.7-2018-q2-update.win32_1.4.0.202007081208/tools/bin/../lib/gcc/arm-none-eabi/7.3.1/thumb/v7-m/crtend.o
 .text          0x0000000000000000        0x0 a:/ide/stm32cubeide/plugins/com.st.stm32cube.ide.mcu.externaltools.gnu-tools-for-stm32.7-2018-q2-update.win32_1.4.0.202007081208/tools/bin/../lib/gcc/arm-none-eabi/7.3.1/thumb/v7-m/crtn.o
 .data          0x0000000000000000        0x0 a:/ide/stm32cubeide/plugins/com.st.stm32cube.ide.mcu.externaltools.gnu-tools-for-stm32.7-2018-q2-update.win32_1.4.0.202007081208/tools/bin/../lib/gcc/arm-none-eabi/7.3.1/thumb/v7-m/crtn.o
 .bss           0x0000000000000000        0x0 a:/ide/stm32cubeide/plugins/com.st.stm32cube.ide.mcu.externaltools.gnu-tools-for-stm32.7-2018-q2-update.win32_1.4.0.202007081208/tools/bin/../lib/gcc/arm-none-eabi/7.3.1/thumb/v7-m/crtn.o

Memory Configuration

Name             Origin             Length             Attributes
RAM              0x0000000020000000 0x0000000000002800 xrw
ROM              0x0000000008000000 0x0000000000008000 xr
*default*        0x0000000000000000 0xffffffffffffffff

Linker script and memory map

LOAD a:/ide/stm32cubeide/plugins/com.st.stm32cube.ide.mcu.externaltools.gnu-tools-for-stm32.7-2018-q2-update.win32_1.4.0.202007081208/tools/bin/../lib/gcc/arm-none-eabi/7.3.1/thumb/v7-m/crti.o
LOAD a:/ide/stm32cubeide/plugins/com.st.stm32cube.ide.mcu.externaltools.gnu-tools-for-stm32.7-2018-q2-update.win32_1.4.0.202007081208/tools/bin/../lib/gcc/arm-none-eabi/7.3.1/thumb/v7-m/crtbegin.o
LOAD a:/ide/stm32cubeide/plugins/com.st.stm32cube.ide.mcu.externaltools.gnu-tools-for-stm32.7-2018-q2-update.win32_1.4.0.202007081208/tools/bin/../lib/gcc/arm-none-eabi/7.3.1/../../../../arm-none-eabi/lib/thumb/v7-m/crt0.o
LOAD Src/main.o
LOAD Src/syscalls.o
LOAD Src/sysmem.o
LOAD Startup/startup_stm32f103c6tx.o
LOAD Stm32f103C6_Drivers/Stm32f103c6_EXTI_Driver.o
LOAD Stm32f103C6_Drivers/Stm32f103c6_GPIO_Driver.o
START GROUP
LOAD a:/ide/stm32cubeide/plugins/com.st.stm32cube.ide.mcu.externaltools.gnu-tools-for-stm32.7-2018-q2-update.win32_1.4.0.202007081208/tools/bin/../lib/gcc/arm-none-eabi/7.3.1/../../../../arm-none-eabi/lib/thumb/v7-m\libc_nano.a
LOAD a:/ide/stm32cubeide/plugins/com.st.stm32cube.ide.mcu.externaltools.gnu-tools-for-stm32.7-2018-q2-update.win32_1.4.0.202007081208/tools/bin/../lib/gcc/arm-none-eabi/7.3.1/../../../../arm-none-eabi/lib/thumb/v7-m\libm.a
END GROUP
START GROUP
LOAD a:/ide/stm32cubeide/plugins/com.st.stm32cube.ide.mcu.externaltools.gnu-tools-for-stm32.7-2018-q2-update.win32_1.4.0.202007081208/tools/bin/../lib/gcc/arm-none-eabi/7.3.1/thumb/v7-m\libgcc.a
LOAD a:/ide/stm32cubeide/plugins/com.st.stm32cube.ide.mcu.externaltools.gnu-tools-for-stm32.7-2018-q2-update.win32_1.4.0.202007081208/tools/bin/../lib/gcc/arm-none-eabi/7.3.1/../../../../arm-none-eabi/lib/thumb/v7-m\libg_nano.a
LOAD a:/ide/stm32cubeide/plugins/com.st.stm32cube.ide.mcu.externaltools.gnu-tools-for-stm32.7-2018-q2-update.win32_1.4.0.202007081208/tools/bin/../lib/gcc/arm-none-eabi/7.3.1/../../../../arm-none-eabi/lib/thumb/v7-m\libc_nano.a
END GROUP
START GROUP
LOAD a:/ide/stm32cubeide/plugins/com.st.stm32cube.ide.mcu.externaltools.gnu-tools-for-stm32.7-2018-q2-update.win32_1.4.0.202007081208/tools/bin/../lib/gcc/arm-none-eabi/7.3.1/thumb/v7-m\libgcc.a
LOAD a:/ide/stm32cubeide/plugins/com.st.stm32cube.ide.mcu.externaltools.gnu-tools-for-stm32.7-2018-q2-update.win32_1.4.0.202007081208/tools/bin/../lib/gcc/arm-none-eabi/7.3.1/../../../../arm-none-eabi/lib/thumb/v7-m\libc_nano.a
LOAD a:/ide/stm32cubeide/plugins/com.st.stm32cube.ide.mcu.externaltools.gnu-tools-for-stm32.7-2018-q2-update.win32_1.4.0.202007081208/tools/bin/../lib/gcc/arm-none-eabi/7.3.1/../../../../arm-none-eabi/lib/thumb/v7-m\libnosys.a
END GROUP
START GROUP
LOAD a:/ide/stm32cubeide/plugins/com.st.stm32cube.ide.mcu.externaltools.gnu-tools-for-stm32.7-2018-q2-update.win32_1.4.0.202007081208/tools/bin/../lib/gcc/arm-none-eabi/7.3.1/thumb/v7-m\libgcc.a
LOAD a:/ide/stm32cubeide/plugins/com.st.stm32cube.ide.mcu.externaltools.gnu-tools-for-stm32.7-2018-q2-update.win32_1.4.0.202007081208/tools/bin/../lib/gcc/arm-none-eabi/7.3.1/../../../../arm-none-eabi/lib/thumb/v7-m\libc_nano.a
LOAD a:/ide/stm32cubeide/plugins/com.st.stm32cube.ide.mcu.externaltools.gnu-tools-for-stm32.7-2018-q2-update.win32_1.4.0.202007081208/tools/bin/../lib/gcc/arm-none-eabi/7.3.1/../../../../arm-none-eabi/lib/thumb/v7-m\libnosys.a
END GROUP
LOAD a:/ide/stm32cubeide/plugins/com.st.stm32cube.ide.mcu.externaltools.gnu-tools-for-stm32.7-2018-q2-update.win32_1.4.0.202007081208/tools/bin/../lib/gcc/arm-none-eabi/7.3.1/thumb/v7-m/crtend.o
LOAD a:/ide/stm32cubeide/plugins/com.st.stm32cube.ide.mcu.externaltools.gnu-tools-for-stm32.7-2018-q2-update.win32_1.4.0.202007081208/tools/bin/../lib/gcc/arm-none-eabi/7.3.1/thumb/v7-m/crtn.o
                0x0000000020002800                _estack = (ORIGIN (RAM) + LENGTH (RAM))
                0x0000000000000200                _Min_Heap_Size = 0x200
                0x0000000000000400                _Min_Stack_Size = 0x400

.isr_vector     0x0000000008000000      0x130
                0x0000000008000000                . = ALIGN (0x4)
 *(.isr_vector)
 .isr_vector    0x0000000008000000      0x130 Startup/startup_stm32f103c6tx.o
                0x0000000008000000                g_pfnVectors
                0x0000000008000130                . = ALIGN (0x4)

.text           0x0000000008000130      0x8cc
                0x0000000008000130                . = ALIGN (0x4)
 *(.text)
 .text          0x0000000008000130       0x40 a:/ide/stm32cubeide/plugins/com.st.stm32cube.ide.mcu.externaltools.gnu-tools-for-stm32.7-2018-q2-update.win32_1.4.0.202007081208/tools/bin/../lib/gcc/arm-none-eabi/7.3.1/thumb/v7-m/crtbegin.o
 *(.text*)
 .text.Clock_Init
                0x0000000008000170       0x34 Src/main.o
                0x0000000008000170                Clock_Init
 .text.EXTI9_Callback
                0x00000000080001a4        0xc Src/main.o
                0x00000000080001a4                EXTI9_Callback
 .text.main     0x00000000080001b0       0x34 Src/main.o
                0x00000000080001b0                main
 .text.Reset_Handler
                0x00000000080001e4       0x50 Startup/startup_stm32f103c6tx.o
                0x00000000080001e4                Reset_Handler
 .text.Default_Handler
                0x0000000008000234        0x2 Startup/startup_stm32f103c6tx.o
                0x0000000008000234                TIM8_TRG_COM_IRQHandler
                0x0000000008000234                TIM8_CC_IRQHandler
                0x0000000008000234                DebugMon_Handler
                0x0000000008000234                TIM1_CC_IRQHandler
                0x0000000008000234                HardFault_Handler
                0x0000000008000234                TIM6_IRQHandler
                0x0000000008000234                SysTick_Handler
                0x0000000008000234                PVD_IRQHandler
                0x0000000008000234                SDIO_IRQHandler
                0x0000000008000234                PendSV_Handler
                0x0000000008000234                NMI_Handler
                0x0000000008000234                USB_HP_CAN_TX_IRQHandler
                0x0000000008000234                I2C2_EV_IRQHandler
                0x0000000008000234                UsageFault_Handler
                0x0000000008000234                ADC1_2_IRQHandler
                0x0000000008000234                SPI1_IRQHandler
                0x0000000008000234                CAN_SCE_IRQHandler
                0x0000000008000234                TAMPER_IRQHandler
                0x0000000008000234                TIM8_UP_IRQHandler
                0x0000000008000234                DMA2_Channel2_IRQHandler
                0x0000000008000234                DMA1_Channel4_IRQHandler
                0x0000000008000234                USART3_IRQHandler
                0x0000000008000234                RTC_IRQHandler
                0x0000000008000234                DMA1_Channel7_IRQHandler
                0x0000000008000234                UART5_IRQHandler
                0x0000000008000234                ADC3_IRQHandler
                0x0000000008000234                TIM4_IRQHandler
                0x0000000008000234                CAN_RX1_IRQHandler
                0x0000000008000234                DMA2_Channel1_IRQHandler
                0x0000000008000234                I2C1_EV_IRQHandler
                0x0000000008000234                DMA1_Channel6_IRQHandler
                0x0000000008000234                UART4_IRQHandler
                0x0000000008000234                TIM3_IRQHandler
                0x0000000008000234                RCC_IRQHandler
                0x0000000008000234                TIM1_TRG_COM_IRQHandler
                0x0000000008000234                DMA1_Channel1_IRQHandler
                0x0000000008000234                Default_Handler
                0x0000000008000234                TIM7_IRQHandler
                0x0000000008000234                TIM5_IRQHandler
                0x0000000008000234                SPI2_IRQHandler
                0x0000000008000234                USB_LP_CAN_RX0_IRQHandler
                0x0000000008000234                MemManage_Handler
                0x0000000008000234                SVC_Handler
                0x0000000008000234                DMA1_Channel5_IRQHandler
                0x0000000008000234                DMA1_Channel3_IRQHandler
                0x0000000008000234                FSMC_IRQHandler
                0x0000000008000234                TIM1_UP_IRQHandler
                0x0000000008000234                WWDG_IRQHandler
                0x0000000008000234                TIM2_IRQHandler
                0x0000000008000234                TIM1_BRK_IRQHandler
                0x0000000008000234                RTCAlarm_IRQHandler
                0x0000000008000234                DMA2_Channel4_5_IRQHandler
                0x0000000008000234                USART2_IRQHandler
                0x0000000008000234                I2C2_ER_IRQHandler
                0x0000000008000234                DMA1_Channel2_IRQHandler
                0x0000000008000234                TIM8_BRK_IRQHandler
                0x0000000008000234                FLASH_IRQHandler
                0x0000000008000234                BusFault_Handler
                0x0000000008000234                USART1_IRQHandler
                0x0000000008000234                SPI3_IRQHandler
                0x0000000008000234                I2C1_ER_IRQHandler
                0x0000000008000234                DMA2_Channel3_IRQHandler
 *fill*         0x0000000008000236        0x2 
 .text.Enable_Nvic
                0x0000000008000238       0xcc Stm32f103C6_Drivers/Stm32f103c6_EXTI_Driver.o
                0x0000000008000238                Enable_Nvic
 .text.Disable_Nvic
                0x0000000008000304       0xcc Stm32f103C6_Drivers/Stm32f103c6_EXTI_Driver.o
                0x0000000008000304                Disable_Nvic
 .text.EXTI_Uptade
                0x00000000080003d0      0x1d8 Stm32f103C6_Drivers/Stm32f103c6_EXTI_Driver.o
                0x00000000080003d0                EXTI_Uptade
 .text.MCAL_EXTI_GPIO_Init
                0x00000000080005a8       0x16 Stm32f103C6_Drivers/Stm32f103c6_EXTI_Driver.o
                0x00000000080005a8                MCAL_EXTI_GPIO_Init
 *fill*         0x00000000080005be        0x2 
 .text.EXTI0_IRQHandler
                0x00000000080005c0       0x24 Stm32f103C6_Drivers/Stm32f103c6_EXTI_Driver.o
                0x00000000080005c0                EXTI0_IRQHandler
 .text.EXTI1_IRQHandler
                0x00000000080005e4       0x24 Stm32f103C6_Drivers/Stm32f103c6_EXTI_Driver.o
                0x00000000080005e4                EXTI1_IRQHandler
 .text.EXTI2_IRQHandler
                0x0000000008000608       0x24 Stm32f103C6_Drivers/Stm32f103c6_EXTI_Driver.o
                0x0000000008000608                EXTI2_IRQHandler
 .text.EXTI3_IRQHandler
                0x000000000800062c       0x24 Stm32f103C6_Drivers/Stm32f103c6_EXTI_Driver.o
                0x000000000800062c                EXTI3_IRQHandler
 .text.EXTI4_IRQHandler
                0x0000000008000650       0x24 Stm32f103C6_Drivers/Stm32f103c6_EXTI_Driver.o
                0x0000000008000650                EXTI4_IRQHandler
 .text.EXTI9_5_IRQHandler
                0x0000000008000674       0xa8 Stm32f103C6_Drivers/Stm32f103c6_EXTI_Driver.o
                0x0000000008000674                EXTI9_5_IRQHandler
 .text.EXTI15_10_IRQHandler
                0x000000000800071c       0xc4 Stm32f103C6_Drivers/Stm32f103c6_EXTI_Driver.o
                0x000000000800071c                EXTI15_10_IRQHandler
 .text.Get_Pin_Bit_Position
                0x00000000080007e0       0xca Stm32f103C6_Drivers/Stm32f103c6_GPIO_Driver.o
                0x00000000080007e0                Get_Pin_Bit_Position
 .text.MCAL_GPIO_INIT
                0x00000000080008aa       0xf2 Stm32f103C6_Drivers/Stm32f103c6_GPIO_Driver.o
                0x00000000080008aa                MCAL_GPIO_INIT
 .text.__libc_init_array
                0x000000000800099c       0x48 a:/ide/stm32cubeide/plugins/com.st.stm32cube.ide.mcu.externaltools.gnu-tools-for-stm32.7-2018-q2-update.win32_1.4.0.202007081208/tools/bin/../lib/gcc/arm-none-eabi/7.3.1/../../../../arm-none-eabi/lib/thumb/v7-m\libc_nano.a(lib_a-init.o)
                0x000000000800099c                __libc_init_array
 *(.glue_7)
 .glue_7        0x00000000080009e4        0x0 linker stubs
 *(.glue_7t)
 .glue_7t       0x00000000080009e4        0x0 linker stubs
 *(.eh_frame)
 .eh_frame      0x00000000080009e4        0x0 a:/ide/stm32cubeide/plugins/com.st.stm32cube.ide.mcu.externaltools.gnu-tools-for-stm32.7-2018-q2-update.win32_1.4.0.202007081208/tools/bin/../lib/gcc/arm-none-eabi/7.3.1/thumb/v7-m/crtbegin.o
 *(.init)
 .init          0x00000000080009e4        0x4 a:/ide/stm32cubeide/plugins/com.st.stm32cube.ide.mcu.externaltools.gnu-tools-for-stm32.7-2018-q2-update.win32_1.4.0.202007081208/tools/bin/../lib/gcc/arm-none-eabi/7.3.1/thumb/v7-m/crti.o
                0x00000000080009e4                _init
 .init          0x00000000080009e8        0x8 a:/ide/stm32cubeide/plugins/com.st.stm32cube.ide.mcu.externaltools.gnu-tools-for-stm32.7-2018-q2-update.win32_1.4.0.202007081208/tools/bin/../lib/gcc/arm-none-eabi/7.3.1/thumb/v7-m/crtn.o
 *(.fini)
 .fini          0x00000000080009f0        0x4 a:/ide/stm32cubeide/plugins/com.st.stm32cube.ide.mcu.externaltools.gnu-tools-for-stm32.7-2018-q2-update.win32_1.4.0.202007081208/tools/bin/../lib/gcc/arm-none-eabi/7.3.1/thumb/v7-m/crti.o
                0x00000000080009f0                _fini
 .fini          0x00000000080009f4        0x8 a:/ide/stm32cubeide/plugins/com.st.stm32cube.ide.mcu.externaltools.gnu-tools-for-stm32.7-2018-q2-update.win32_1.4.0.202007081208/tools/bin/../lib/gcc/arm-none-eabi/7.3.1/thumb/v7-m/crtn.o
                0x00000000080009fc                . = ALIGN (0x4)
                0x00000000080009fc                _etext = .

.vfp11_veneer   0x00000000080009fc        0x0
 .vfp11_veneer  0x00000000080009fc        0x0 linker stubs

.v4_bx          0x00000000080009fc        0x0
 .v4_bx         0x00000000080009fc        0x0 linker stubs

.iplt           0x00000000080009fc        0x0
 .iplt          0x00000000080009fc        0x0 a:/ide/stm32cubeide/plugins/com.st.stm32cube.ide.mcu.externaltools.gnu-tools-for-stm32.7-2018-q2-update.win32_1.4.0.202007081208/tools/bin/../lib/gcc/arm-none-eabi/7.3.1/thumb/v7-m/crtbegin.o

.rodata         0x00000000080009fc        0xc
                0x00000000080009fc                . = ALIGN (0x4)
 *(.rodata)
 .rodata        0x00000000080009fc        0xc Src/main.o
 *(.rodata*)
                0x0000000008000a08                . = ALIGN (0x4)

.rel.dyn        0x0000000008000a08        0x0
 .rel.iplt      0x0000000008000a08        0x0 a:/ide/stm32cubeide/plugins/com.st.stm32cube.ide.mcu.externaltools.gnu-tools-for-stm32.7-2018-q2-update.win32_1.4.0.202007081208/tools/bin/../lib/gcc/arm-none-eabi/7.3.1/thumb/v7-m/crtbegin.o

.ARM.extab      0x0000000008000a08        0x0
                0x0000000008000a08                . = ALIGN (0x4)
 *(.ARM.extab* .gnu.linkonce.armextab.*)
                0x0000000008000a08                . = ALIGN (0x4)

.ARM            0x0000000008000a08        0x0
                0x0000000008000a08                . = ALIGN (0x4)
                0x0000000008000a08                __exidx_start = .
 *(.ARM.exidx*)
                0x0000000008000a08                __exidx_end = .
                0x0000000008000a08                . = ALIGN (0x4)

.preinit_array  0x0000000008000a08        0x0
                0x0000000008000a08                . = ALIGN (0x4)
                0x0000000008000a08                PROVIDE (__preinit_array_start = .)
 *(.preinit_array*)
                0x0000000008000a08                PROVIDE (__preinit_array_end = .)
                0x0000000008000a08                . = ALIGN (0x4)

.init_array     0x0000000008000a08        0x4
                0x0000000008000a08                . = ALIGN (0x4)
                0x0000000008000a08                PROVIDE (__init_array_start = .)
 *(SORT_BY_NAME(.init_array.*))
 *(.init_array*)
 .init_array    0x0000000008000a08        0x4 a:/ide/stm32cubeide/plugins/com.st.stm32cube.ide.mcu.externaltools.gnu-tools-for-stm32.7-2018-q2-update.win32_1.4.0.202007081208/tools/bin/../lib/gcc/arm-none-eabi/7.3.1/thumb/v7-m/crtbegin.o
                0x0000000008000a0c                PROVIDE (__init_array_end = .)
                0x0000000008000a0c                . = ALIGN (0x4)

.fini_array     0x0000000008000a0c        0x4
                0x0000000008000a0c                . = ALIGN (0x4)
                [!provide]                        PROVIDE (__fini_array_start = .)
 *(SORT_BY_NAME(.fini_array.*))
 *(.fini_array*)
 .fini_array    0x0000000008000a0c        0x4 a:/ide/stm32cubeide/plugins/com.st.stm32cube.ide.mcu.externaltools.gnu-tools-for-stm32.7-2018-q2-update.win32_1.4.0.202007081208/tools/bin/../lib/gcc/arm-none-eabi/7.3.1/thumb/v7-m/crtbegin.o
                [!provide]                        PROVIDE (__fini_array_end = .)
                0x0000000008000a10                . = ALIGN (0x4)
                0x0000000008000a10                _sidata = LOADADDR (.data)

.data           0x0000000020000000        0x0 load address 0x0000000008000a10
                0x0000000020000000                . = ALIGN (0x4)
                0x0000000020000000                _sdata = .
 *(.data)
 *(.data*)
                0x0000000020000000                . = ALIGN (0x4)
                0x0000000020000000                _edata = .

.igot.plt       0x0000000020000000        0x0 load address 0x0000000008000a10
 .igot.plt      0x0000000020000000        0x0 a:/ide/stm32cubeide/plugins/com.st.stm32cube.ide.mcu.externaltools.gnu-tools-for-stm32.7-2018-q2-update.win32_1.4.0.202007081208/tools/bin/../lib/gcc/arm-none-eabi/7.3.1/thumb/v7-m/crtbegin.o
                0x0000000020000000                . = ALIGN (0x4)

.bss            0x0000000020000000       0x58 load address 0x0000000008000a10
                0x0000000020000000                _sbss = .
                0x0000000020000000                __bss_start__ = _sbss
 *(.bss)
 .bss           0x0000000020000000       0x1c a:/ide/stm32cubeide/plugins/com.st.stm32cube.ide.mcu.externaltools.gnu-tools-for-stm32.7-2018-q2-update.win32_1.4.0.202007081208/tools/bin/../lib/gcc/arm-none-eabi/7.3.1/thumb/v7-m/crtbegin.o
 *(.bss*)
 *(COMMON)
 COMMON         0x000000002000001c       0x3c Stm32f103C6_Drivers/Stm32f103c6_EXTI_Driver.o
                0x000000002000001c                GP_IRQ_CallBack
                0x0000000020000058                . = ALIGN (0x4)
                0x0000000020000058                _ebss = .
                0x0000000020000058                __bss_end__ = _ebss

._user_heap_stack
                0x0000000020000058      0x600 load address 0x0000000008000a10
                0x0000000020000058                . = ALIGN (0x8)
                [!provide]                        PROVIDE (end = .)
                0x0000000020000058                PROVIDE (_end = .)
                0x0000000020000258                . = (. + _Min_Heap_Size)
 *fill*         0x0000000020000058      0x200 
                0x0000000020000658                . = (. + _Min_Stack_Size)
 *fill*         0x0000000020000258      0x400 
                0x0000000020000658                . = ALIGN (0x8)

/DISCARD/
 libc.a(*)
 libm.a(*)
 libgcc.a(*)

.ARM.attributes
                0x0000000000000000       0x29
 *(.ARM.attributes)
 .ARM.attributes
                0x0000000000000000       0x1d a:/ide/stm32cubeide/plugins/com.st.stm32cube.ide.mcu.externaltools.gnu-tools-for-stm32.7-2018-q2-update.win32_1.4.0.202007081208/tools/bin/../lib/gcc/arm-none-eabi/7.3.1/thumb/v7-m/crti.o
 .ARM.attributes
                0x000000000000001d       0x2d a:/ide/stm32cubeide/plugins/com.st.stm32cube.ide.mcu.externaltools.gnu-tools-for-stm32.7-2018-q2-update.win32_1.4.0.202007081208/tools/bin/../lib/gcc/arm-none-eabi/7.3.1/thumb/v7-m/crtbegin.o
 .ARM.attributes
                0x000000000000004a       0x33 Src/main.o
 .ARM.attributes
                0x000000000000007d       0x21 Startup/startup_stm32f103c6tx.o
 .ARM.attributes
                0x000000000000009e       0x33 Stm32f103C6_Drivers/Stm32f103c6_EXTI_Driver.o
 .ARM.attributes
                0x00000000000000d1       0x33 Stm32f103C6_Drivers/Stm32f103c6_GPIO_Driver.o
 .ARM.attributes
                0x0000000000000104       0x2d a:/ide/stm32cubeide/plugins/com.st.stm32cube.ide.mcu.externaltools.gnu-tools-for-stm32.7-2018-q2-update.win32_1.4.0.202007081208/tools/bin/../lib/gcc/arm-none-eabi/7.3.1/../../../../arm-none-eabi/lib/thumb/v7-m\libc_nano.a(lib_a-init.o)
 .ARM.attributes
                0x0000000000000131       0x1d a:/ide/stm32cubeide/plugins/com.st.stm32cube.ide.mcu.externaltools.gnu-tools-for-stm32.7-2018-q2-update.win32_1.4.0.202007081208/tools/bin/../lib/gcc/arm-none-eabi/7.3.1/thumb/v7-m/crtn.o
OUTPUT(Lesson_4.axf elf32-littlearm)

.debug_info     0x0000000000000000      0xc5d
 .debug_info    0x0000000000000000      0x2e1 Src/main.o
 .debug_info    0x00000000000002e1       0x22 Startup/startup_stm32f103c6tx.o
 .debug_info    0x0000000000000303      0x4bf Stm32f103C6_Drivers/Stm32f103c6_EXTI_Driver.o
 .debug_info    0x00000000000007c2      0x49b Stm32f103C6_Drivers/Stm32f103c6_GPIO_Driver.o

.debug_abbrev   0x0000000000000000      0x391
 .debug_abbrev  0x0000000000000000       0xf5 Src/main.o
 .debug_abbrev  0x00000000000000f5       0x12 Startup/startup_stm32f103c6tx.o
 .debug_abbrev  0x0000000000000107      0x153 Stm32f103C6_Drivers/Stm32f103c6_EXTI_Driver.o
 .debug_abbrev  0x000000000000025a      0x137 Stm32f103C6_Drivers/Stm32f103c6_GPIO_Driver.o

.debug_loc      0x0000000000000000      0x7c8
 .debug_loc     0x0000000000000000       0xc0 Src/main.o
 .debug_loc     0x00000000000000c0      0x320 Stm32f103C6_Drivers/Stm32f103c6_EXTI_Driver.o
 .debug_loc     0x00000000000003e0      0x3e8 Stm32f103C6_Drivers/Stm32f103c6_GPIO_Driver.o

.debug_aranges  0x0000000000000000      0x148
 .debug_aranges
                0x0000000000000000       0x30 Src/main.o
 .debug_aranges
                0x0000000000000030       0x28 Startup/startup_stm32f103c6tx.o
 .debug_aranges
                0x0000000000000058       0x80 Stm32f103C6_Drivers/Stm32f103c6_EXTI_Driver.o
 .debug_aranges
                0x00000000000000d8       0x70 Stm32f103C6_Drivers/Stm32f103c6_GPIO_Driver.o

.debug_ranges   0x0000000000000000      0x110
 .debug_ranges  0x0000000000000000       0x20 Src/main.o
 .debug_ranges  0x0000000000000020       0x20 Startup/startup_stm32f103c6tx.o
 .debug_ranges  0x0000000000000040       0x70 Stm32f103C6_Drivers/Stm32f103c6_EXTI_Driver.o
 .debug_ranges  0x00000000000000b0       0x60 Stm32f103C6_Drivers/Stm32f103c6_GPIO_Driver.o

.debug_macro    0x0000000000000000     0x1600
 .debug_macro   0x0000000000000000       0x94 Src/main.o
 .debug_macro   0x0000000000000094      0xa60 Src/main.o
 .debug_macro   0x0000000000000af4       0x22 Src/main.o
 .debug_macro   0x0000000000000b16       0x8e Src/main.o
 .debug_macro   0x0000000000000ba4       0x51 Src/main.o
 .debug_macro   0x0000000000000bf5       0xef Src/main.o
 .debug_macro   0x0000000000000ce4       0x6a Src/main.o
 .debug_macro   0x0000000000000d4e      0x1df Src/main.o
 .debug_macro   0x0000000000000f2d      0x2de Src/main.o
 .debug_macro   0x000000000000120b       0xc4 Src/main.o
 .debug_macro   0x00000000000012cf      0x21a Src/main.o
 .debug_macro   0x00000000000014e9       0x96 Stm32f103C6_Drivers/Stm32f103c6_EXTI_Driver.o
 .debug_macro   0x000000000000157f       0x81 Stm32f103C6_Drivers/Stm32f103c6_GPIO_Driver.o

.debug_line     0x0000000000000000      0xf26
 .debug_line    0x0000000000000000      0x3f7 Src/main.o
 .debug_line    0x00000000000003f7       0x84 Startup/startup_stm32f103c6tx.o
 .debug_line    0x000000000000047b      0x5a4 Stm32f103C6_Drivers/Stm32f103c6_EXTI_Driver.o
 .debug_line    0x0000000000000a1f      0x507 Stm32f103C6_Drivers/Stm32f103c6_GPIO_Driver.o

.debug_str      0x0000000000000000     0x64eb
 .debug_str     0x0000000000000000     0x6131 Src/main.o
                                       0x62b5 (size before relaxing)
 .debug_str     0x0000000000006131       0x31 Startup/startup_stm32f103c6tx.o
                                         0x69 (size before relaxing)
 .debug_str     0x0000000000006162      0x23c Stm32f103C6_Drivers/Stm32f103c6_EXTI_Driver.o
                                       0x6472 (size before relaxing)
 .debug_str     0x000000000000639e      0x14d Stm32f103C6_Drivers/Stm32f103c6_GPIO_Driver.o
                                       0x50fc (size before relaxing)

.comment        0x0000000000000000       0x7b
 .comment       0x0000000000000000       0x7b Src/main.o
                                         0x7c (size before relaxing)
 .comment       0x000000000000007b       0x7c Stm32f103C6_Drivers/Stm32f103c6_EXTI_Driver.o
 .comment       0x000000000000007b       0x7c Stm32f103C6_Drivers/Stm32f103c6_GPIO_Driver.o

.debug_frame    0x0000000000000000      0x414
 .debug_frame   0x0000000000000000       0x70 Src/main.o
 .debug_frame   0x0000000000000070      0x1b0 Stm32f103C6_Drivers/Stm32f103c6_EXTI_Driver.o
 .debug_frame   0x0000000000000220      0x1c8 Stm32f103C6_Drivers/Stm32f103c6_GPIO_Driver.o
 .debug_frame   0x00000000000003e8       0x2c a:/ide/stm32cubeide/plugins/com.st.stm32cube.ide.mcu.externaltools.gnu-tools-for-stm32.7-2018-q2-update.win32_1.4.0.202007081208/tools/bin/../lib/gcc/arm-none-eabi/7.3.1/../../../../arm-none-eabi/lib/thumb/v7-m\libc_nano.a(lib_a-init.o)
