Archive member included to satisfy reference by file (symbol)

a:/ide/stm32cubeide/stm32cubeide/plugins/com.st.stm32cube.ide.mcu.externaltools.gnu-tools-for-stm32.7-2018-q2-update.win32_1.4.0.202007081208/tools/bin/../lib/gcc/arm-none-eabi/7.3.1/../../../../arm-none-eabi/lib/thumb/v7-m\libc_nano.a(lib_a-errno.o)
                              Src/syscalls.o (__errno)
a:/ide/stm32cubeide/stm32cubeide/plugins/com.st.stm32cube.ide.mcu.externaltools.gnu-tools-for-stm32.7-2018-q2-update.win32_1.4.0.202007081208/tools/bin/../lib/gcc/arm-none-eabi/7.3.1/../../../../arm-none-eabi/lib/thumb/v7-m\libc_nano.a(lib_a-exit.o)
                              a:/ide/stm32cubeide/stm32cubeide/plugins/com.st.stm32cube.ide.mcu.externaltools.gnu-tools-for-stm32.7-2018-q2-update.win32_1.4.0.202007081208/tools/bin/../lib/gcc/arm-none-eabi/7.3.1/../../../../arm-none-eabi/lib/thumb/v7-m/crt0.o (exit)
a:/ide/stm32cubeide/stm32cubeide/plugins/com.st.stm32cube.ide.mcu.externaltools.gnu-tools-for-stm32.7-2018-q2-update.win32_1.4.0.202007081208/tools/bin/../lib/gcc/arm-none-eabi/7.3.1/../../../../arm-none-eabi/lib/thumb/v7-m\libc_nano.a(lib_a-impure.o)
                              a:/ide/stm32cubeide/stm32cubeide/plugins/com.st.stm32cube.ide.mcu.externaltools.gnu-tools-for-stm32.7-2018-q2-update.win32_1.4.0.202007081208/tools/bin/../lib/gcc/arm-none-eabi/7.3.1/../../../../arm-none-eabi/lib/thumb/v7-m\libc_nano.a(lib_a-exit.o) (_global_impure_ptr)
a:/ide/stm32cubeide/stm32cubeide/plugins/com.st.stm32cube.ide.mcu.externaltools.gnu-tools-for-stm32.7-2018-q2-update.win32_1.4.0.202007081208/tools/bin/../lib/gcc/arm-none-eabi/7.3.1/../../../../arm-none-eabi/lib/thumb/v7-m\libc_nano.a(lib_a-init.o)
                              a:/ide/stm32cubeide/stm32cubeide/plugins/com.st.stm32cube.ide.mcu.externaltools.gnu-tools-for-stm32.7-2018-q2-update.win32_1.4.0.202007081208/tools/bin/../lib/gcc/arm-none-eabi/7.3.1/../../../../arm-none-eabi/lib/thumb/v7-m/crt0.o (__libc_init_array)
a:/ide/stm32cubeide/stm32cubeide/plugins/com.st.stm32cube.ide.mcu.externaltools.gnu-tools-for-stm32.7-2018-q2-update.win32_1.4.0.202007081208/tools/bin/../lib/gcc/arm-none-eabi/7.3.1/../../../../arm-none-eabi/lib/thumb/v7-m\libc_nano.a(lib_a-memset.o)
                              a:/ide/stm32cubeide/stm32cubeide/plugins/com.st.stm32cube.ide.mcu.externaltools.gnu-tools-for-stm32.7-2018-q2-update.win32_1.4.0.202007081208/tools/bin/../lib/gcc/arm-none-eabi/7.3.1/../../../../arm-none-eabi/lib/thumb/v7-m/crt0.o (memset)

Allocating common symbols
Common symbol       size              file

ch                  0x2               Src/main.o
GP_IRQ_CallBack     0x3c              MCAL/Stm32f103c6_EXTI_Driver.o

Discarded input sections

 .text          0x0000000000000000        0x0 a:/ide/stm32cubeide/stm32cubeide/plugins/com.st.stm32cube.ide.mcu.externaltools.gnu-tools-for-stm32.7-2018-q2-update.win32_1.4.0.202007081208/tools/bin/../lib/gcc/arm-none-eabi/7.3.1/thumb/v7-m/crti.o
 .data          0x0000000000000000        0x0 a:/ide/stm32cubeide/stm32cubeide/plugins/com.st.stm32cube.ide.mcu.externaltools.gnu-tools-for-stm32.7-2018-q2-update.win32_1.4.0.202007081208/tools/bin/../lib/gcc/arm-none-eabi/7.3.1/thumb/v7-m/crti.o
 .bss           0x0000000000000000        0x0 a:/ide/stm32cubeide/stm32cubeide/plugins/com.st.stm32cube.ide.mcu.externaltools.gnu-tools-for-stm32.7-2018-q2-update.win32_1.4.0.202007081208/tools/bin/../lib/gcc/arm-none-eabi/7.3.1/thumb/v7-m/crti.o
 .data          0x0000000000000000        0x4 a:/ide/stm32cubeide/stm32cubeide/plugins/com.st.stm32cube.ide.mcu.externaltools.gnu-tools-for-stm32.7-2018-q2-update.win32_1.4.0.202007081208/tools/bin/../lib/gcc/arm-none-eabi/7.3.1/thumb/v7-m/crtbegin.o
 .text          0x0000000000000000       0x74 a:/ide/stm32cubeide/stm32cubeide/plugins/com.st.stm32cube.ide.mcu.externaltools.gnu-tools-for-stm32.7-2018-q2-update.win32_1.4.0.202007081208/tools/bin/../lib/gcc/arm-none-eabi/7.3.1/../../../../arm-none-eabi/lib/thumb/v7-m/crt0.o
 .data          0x0000000000000000        0x0 a:/ide/stm32cubeide/stm32cubeide/plugins/com.st.stm32cube.ide.mcu.externaltools.gnu-tools-for-stm32.7-2018-q2-update.win32_1.4.0.202007081208/tools/bin/../lib/gcc/arm-none-eabi/7.3.1/../../../../arm-none-eabi/lib/thumb/v7-m/crt0.o
 .bss           0x0000000000000000        0x0 a:/ide/stm32cubeide/stm32cubeide/plugins/com.st.stm32cube.ide.mcu.externaltools.gnu-tools-for-stm32.7-2018-q2-update.win32_1.4.0.202007081208/tools/bin/../lib/gcc/arm-none-eabi/7.3.1/../../../../arm-none-eabi/lib/thumb/v7-m/crt0.o
 .ARM.extab     0x0000000000000000        0x0 a:/ide/stm32cubeide/stm32cubeide/plugins/com.st.stm32cube.ide.mcu.externaltools.gnu-tools-for-stm32.7-2018-q2-update.win32_1.4.0.202007081208/tools/bin/../lib/gcc/arm-none-eabi/7.3.1/../../../../arm-none-eabi/lib/thumb/v7-m/crt0.o
 .ARM.exidx     0x0000000000000000        0x8 a:/ide/stm32cubeide/stm32cubeide/plugins/com.st.stm32cube.ide.mcu.externaltools.gnu-tools-for-stm32.7-2018-q2-update.win32_1.4.0.202007081208/tools/bin/../lib/gcc/arm-none-eabi/7.3.1/../../../../arm-none-eabi/lib/thumb/v7-m/crt0.o
 .ARM.attributes
                0x0000000000000000       0x1b a:/ide/stm32cubeide/stm32cubeide/plugins/com.st.stm32cube.ide.mcu.externaltools.gnu-tools-for-stm32.7-2018-q2-update.win32_1.4.0.202007081208/tools/bin/../lib/gcc/arm-none-eabi/7.3.1/../../../../arm-none-eabi/lib/thumb/v7-m/crt0.o
 .group         0x0000000000000000        0xc HAL/Keypad.o
 .group         0x0000000000000000        0xc HAL/Keypad.o
 .group         0x0000000000000000        0xc HAL/Keypad.o
 .group         0x0000000000000000        0xc HAL/Keypad.o
 .group         0x0000000000000000        0xc HAL/Keypad.o
 .group         0x0000000000000000        0xc HAL/Keypad.o
 .group         0x0000000000000000        0xc HAL/Keypad.o
 .group         0x0000000000000000        0xc HAL/Keypad.o
 .group         0x0000000000000000        0xc HAL/Keypad.o
 .group         0x0000000000000000        0xc HAL/Keypad.o
 .text          0x0000000000000000        0x0 HAL/Keypad.o
 .data          0x0000000000000000        0x0 HAL/Keypad.o
 .bss           0x0000000000000000        0x0 HAL/Keypad.o
 .data.Keypad_Row
                0x0000000000000000       0x10 HAL/Keypad.o
 .data.Keypad_Col
                0x0000000000000000       0x10 HAL/Keypad.o
 .text.Keypad_GPIO_Init
                0x0000000000000000      0x124 HAL/Keypad.o
 .text.Keypad_Selected_char
                0x0000000000000000      0x168 HAL/Keypad.o
 .debug_info    0x0000000000000000      0x210 HAL/Keypad.o
 .debug_abbrev  0x0000000000000000       0xdf HAL/Keypad.o
 .debug_loc     0x0000000000000000       0xa0 HAL/Keypad.o
 .debug_aranges
                0x0000000000000000       0x28 HAL/Keypad.o
 .debug_ranges  0x0000000000000000       0x18 HAL/Keypad.o
 .debug_macro   0x0000000000000000       0x94 HAL/Keypad.o
 .debug_macro   0x0000000000000000      0xa60 HAL/Keypad.o
 .debug_macro   0x0000000000000000       0x22 HAL/Keypad.o
 .debug_macro   0x0000000000000000       0x8e HAL/Keypad.o
 .debug_macro   0x0000000000000000       0x51 HAL/Keypad.o
 .debug_macro   0x0000000000000000       0xef HAL/Keypad.o
 .debug_macro   0x0000000000000000       0x6a HAL/Keypad.o
 .debug_macro   0x0000000000000000      0x1df HAL/Keypad.o
 .debug_macro   0x0000000000000000      0x224 HAL/Keypad.o
 .debug_macro   0x0000000000000000       0xc4 HAL/Keypad.o
 .debug_macro   0x0000000000000000       0x40 HAL/Keypad.o
 .debug_line    0x0000000000000000      0x4ad HAL/Keypad.o
 .debug_str     0x0000000000000000     0x4bf6 HAL/Keypad.o
 .comment       0x0000000000000000       0x7c HAL/Keypad.o
 .debug_frame   0x0000000000000000       0x58 HAL/Keypad.o
 .ARM.attributes
                0x0000000000000000       0x33 HAL/Keypad.o
 .group         0x0000000000000000        0xc HAL/LCD.o
 .group         0x0000000000000000        0xc HAL/LCD.o
 .group         0x0000000000000000        0xc HAL/LCD.o
 .group         0x0000000000000000        0xc HAL/LCD.o
 .group         0x0000000000000000        0xc HAL/LCD.o
 .group         0x0000000000000000        0xc HAL/LCD.o
 .group         0x0000000000000000        0xc HAL/LCD.o
 .group         0x0000000000000000        0xc HAL/LCD.o
 .group         0x0000000000000000        0xc HAL/LCD.o
 .group         0x0000000000000000        0xc HAL/LCD.o
 .text          0x0000000000000000        0x0 HAL/LCD.o
 .data          0x0000000000000000        0x0 HAL/LCD.o
 .bss           0x0000000000000000        0x0 HAL/LCD.o
 .text.LCD_GPIO_Init
                0x0000000000000000      0x10c HAL/LCD.o
 .text.LCD_Init
                0x0000000000000000       0x38 HAL/LCD.o
 .text.LCD_E_on_E_off
                0x0000000000000000       0x2c HAL/LCD.o
 .text.LCD_Send_Command
                0x0000000000000000       0x4c HAL/LCD.o
 .text.LCD_Send_char
                0x0000000000000000       0x50 HAL/LCD.o
 .text.LCD_Send_string
                0x0000000000000000       0x54 HAL/LCD.o
 .debug_info    0x0000000000000000      0x253 HAL/LCD.o
 .debug_abbrev  0x0000000000000000       0xea HAL/LCD.o
 .debug_loc     0x0000000000000000      0x198 HAL/LCD.o
 .debug_aranges
                0x0000000000000000       0x48 HAL/LCD.o
 .debug_ranges  0x0000000000000000       0x38 HAL/LCD.o
 .debug_macro   0x0000000000000000       0x94 HAL/LCD.o
 .debug_macro   0x0000000000000000      0xa60 HAL/LCD.o
 .debug_macro   0x0000000000000000       0x22 HAL/LCD.o
 .debug_macro   0x0000000000000000       0x8e HAL/LCD.o
 .debug_macro   0x0000000000000000       0x51 HAL/LCD.o
 .debug_macro   0x0000000000000000       0xef HAL/LCD.o
 .debug_macro   0x0000000000000000       0x6a HAL/LCD.o
 .debug_macro   0x0000000000000000      0x1df HAL/LCD.o
 .debug_macro   0x0000000000000000      0x224 HAL/LCD.o
 .debug_macro   0x0000000000000000       0xc4 HAL/LCD.o
 .debug_macro   0x0000000000000000       0xbe HAL/LCD.o
 .debug_line    0x0000000000000000      0x4ac HAL/LCD.o
 .debug_str     0x0000000000000000     0x4e3c HAL/LCD.o
 .comment       0x0000000000000000       0x7c HAL/LCD.o
 .debug_frame   0x0000000000000000       0xd8 HAL/LCD.o
 .ARM.attributes
                0x0000000000000000       0x33 HAL/LCD.o
 .group         0x0000000000000000        0xc HAL/_7_Segment.o
 .group         0x0000000000000000        0xc HAL/_7_Segment.o
 .group         0x0000000000000000        0xc HAL/_7_Segment.o
 .group         0x0000000000000000        0xc HAL/_7_Segment.o
 .group         0x0000000000000000        0xc HAL/_7_Segment.o
 .group         0x0000000000000000        0xc HAL/_7_Segment.o
 .group         0x0000000000000000        0xc HAL/_7_Segment.o
 .group         0x0000000000000000        0xc HAL/_7_Segment.o
 .group         0x0000000000000000        0xc HAL/_7_Segment.o
 .group         0x0000000000000000        0xc HAL/_7_Segment.o
 .text          0x0000000000000000        0x0 HAL/_7_Segment.o
 .data          0x0000000000000000        0x0 HAL/_7_Segment.o
 .bss           0x0000000000000000        0x0 HAL/_7_Segment.o
 .data._7_Segment
                0x0000000000000000       0x28 HAL/_7_Segment.o
 .text._7_Segment_GPIO_Init
                0x0000000000000000       0xbc HAL/_7_Segment.o
 .text._7_Segment_Display
                0x0000000000000000       0x38 HAL/_7_Segment.o
 .debug_info    0x0000000000000000      0x1dc HAL/_7_Segment.o
 .debug_abbrev  0x0000000000000000       0xdf HAL/_7_Segment.o
 .debug_loc     0x0000000000000000       0xa0 HAL/_7_Segment.o
 .debug_aranges
                0x0000000000000000       0x28 HAL/_7_Segment.o
 .debug_ranges  0x0000000000000000       0x18 HAL/_7_Segment.o
 .debug_macro   0x0000000000000000       0x8e HAL/_7_Segment.o
 .debug_macro   0x0000000000000000      0xa60 HAL/_7_Segment.o
 .debug_macro   0x0000000000000000       0x22 HAL/_7_Segment.o
 .debug_macro   0x0000000000000000       0x8e HAL/_7_Segment.o
 .debug_macro   0x0000000000000000       0x51 HAL/_7_Segment.o
 .debug_macro   0x0000000000000000       0xef HAL/_7_Segment.o
 .debug_macro   0x0000000000000000       0x6a HAL/_7_Segment.o
 .debug_macro   0x0000000000000000      0x1df HAL/_7_Segment.o
 .debug_macro   0x0000000000000000      0x224 HAL/_7_Segment.o
 .debug_macro   0x0000000000000000       0xc4 HAL/_7_Segment.o
 .debug_macro   0x0000000000000000       0x22 HAL/_7_Segment.o
 .debug_line    0x0000000000000000      0x43a HAL/_7_Segment.o
 .debug_str     0x0000000000000000     0x4b85 HAL/_7_Segment.o
 .comment       0x0000000000000000       0x7c HAL/_7_Segment.o
 .debug_frame   0x0000000000000000       0x58 HAL/_7_Segment.o
 .ARM.attributes
                0x0000000000000000       0x33 HAL/_7_Segment.o
 .group         0x0000000000000000        0xc MCAL/Stm32f103c6_EXTI_Driver.o
 .group         0x0000000000000000        0xc MCAL/Stm32f103c6_EXTI_Driver.o
 .group         0x0000000000000000        0xc MCAL/Stm32f103c6_EXTI_Driver.o
 .group         0x0000000000000000        0xc MCAL/Stm32f103c6_EXTI_Driver.o
 .group         0x0000000000000000        0xc MCAL/Stm32f103c6_EXTI_Driver.o
 .group         0x0000000000000000        0xc MCAL/Stm32f103c6_EXTI_Driver.o
 .group         0x0000000000000000        0xc MCAL/Stm32f103c6_EXTI_Driver.o
 .group         0x0000000000000000        0xc MCAL/Stm32f103c6_EXTI_Driver.o
 .group         0x0000000000000000        0xc MCAL/Stm32f103c6_EXTI_Driver.o
 .group         0x0000000000000000        0xc MCAL/Stm32f103c6_EXTI_Driver.o
 .text          0x0000000000000000        0x0 MCAL/Stm32f103c6_EXTI_Driver.o
 .data          0x0000000000000000        0x0 MCAL/Stm32f103c6_EXTI_Driver.o
 .bss           0x0000000000000000        0x0 MCAL/Stm32f103c6_EXTI_Driver.o
 .text.Enable_Nvic
                0x0000000000000000       0xcc MCAL/Stm32f103c6_EXTI_Driver.o
 .text.Disable_Nvic
                0x0000000000000000       0xcc MCAL/Stm32f103c6_EXTI_Driver.o
 .text.EXTI_Uptade
                0x0000000000000000      0x1e0 MCAL/Stm32f103c6_EXTI_Driver.o
 .text.MCAL_EXTI_GPIO_DeInit
                0x0000000000000000       0x94 MCAL/Stm32f103c6_EXTI_Driver.o
 .text.MCAL_EXTI_GPIO_Init
                0x0000000000000000       0x16 MCAL/Stm32f103c6_EXTI_Driver.o
 .text.MCAL_EXTI__GPIO_Uptade
                0x0000000000000000       0x16 MCAL/Stm32f103c6_EXTI_Driver.o
 .debug_macro   0x0000000000000000      0xa60 MCAL/Stm32f103c6_EXTI_Driver.o
 .debug_macro   0x0000000000000000       0x22 MCAL/Stm32f103c6_EXTI_Driver.o
 .debug_macro   0x0000000000000000       0x8e MCAL/Stm32f103c6_EXTI_Driver.o
 .debug_macro   0x0000000000000000       0x51 MCAL/Stm32f103c6_EXTI_Driver.o
 .debug_macro   0x0000000000000000       0xef MCAL/Stm32f103c6_EXTI_Driver.o
 .debug_macro   0x0000000000000000       0x6a MCAL/Stm32f103c6_EXTI_Driver.o
 .debug_macro   0x0000000000000000      0x1df MCAL/Stm32f103c6_EXTI_Driver.o
 .debug_macro   0x0000000000000000      0x224 MCAL/Stm32f103c6_EXTI_Driver.o
 .debug_macro   0x0000000000000000       0xc4 MCAL/Stm32f103c6_EXTI_Driver.o
 .group         0x0000000000000000        0xc MCAL/Stm32f103c6_GPIO_Driver.o
 .group         0x0000000000000000        0xc MCAL/Stm32f103c6_GPIO_Driver.o
 .group         0x0000000000000000        0xc MCAL/Stm32f103c6_GPIO_Driver.o
 .group         0x0000000000000000        0xc MCAL/Stm32f103c6_GPIO_Driver.o
 .group         0x0000000000000000        0xc MCAL/Stm32f103c6_GPIO_Driver.o
 .group         0x0000000000000000        0xc MCAL/Stm32f103c6_GPIO_Driver.o
 .group         0x0000000000000000        0xc MCAL/Stm32f103c6_GPIO_Driver.o
 .group         0x0000000000000000        0xc MCAL/Stm32f103c6_GPIO_Driver.o
 .group         0x0000000000000000        0xc MCAL/Stm32f103c6_GPIO_Driver.o
 .text          0x0000000000000000        0x0 MCAL/Stm32f103c6_GPIO_Driver.o
 .data          0x0000000000000000        0x0 MCAL/Stm32f103c6_GPIO_Driver.o
 .bss           0x0000000000000000        0x0 MCAL/Stm32f103c6_GPIO_Driver.o
 .text.MCAL_GPIO_Reset_Output_Particular
                0x0000000000000000       0x24 MCAL/Stm32f103c6_GPIO_Driver.o
 .text.MCAL_GPIO_Set_Output_Particular
                0x0000000000000000       0x22 MCAL/Stm32f103c6_GPIO_Driver.o
 .text.MCAL_GPIO_DEINIT
                0x0000000000000000       0xc8 MCAL/Stm32f103c6_GPIO_Driver.o
 .text.MCAL_GPIO_ReadPort
                0x0000000000000000       0x1a MCAL/Stm32f103c6_GPIO_Driver.o
 .text.MCAL_GPIO_ReadPin
                0x0000000000000000       0x28 MCAL/Stm32f103c6_GPIO_Driver.o
 .text.MCAL_GPIO_WritePort
                0x0000000000000000       0x1c MCAL/Stm32f103c6_GPIO_Driver.o
 .text.MCAL_GPIO_WritePin
                0x0000000000000000       0x2e MCAL/Stm32f103c6_GPIO_Driver.o
 .text.MCAL_GPIO_TogglePin
                0x0000000000000000       0x22 MCAL/Stm32f103c6_GPIO_Driver.o
 .text.MCAL_GPIO_lockPin
                0x0000000000000000       0x54 MCAL/Stm32f103c6_GPIO_Driver.o
 .debug_macro   0x0000000000000000      0xa60 MCAL/Stm32f103c6_GPIO_Driver.o
 .debug_macro   0x0000000000000000       0x22 MCAL/Stm32f103c6_GPIO_Driver.o
 .debug_macro   0x0000000000000000       0x8e MCAL/Stm32f103c6_GPIO_Driver.o
 .debug_macro   0x0000000000000000       0x51 MCAL/Stm32f103c6_GPIO_Driver.o
 .debug_macro   0x0000000000000000       0xef MCAL/Stm32f103c6_GPIO_Driver.o
 .debug_macro   0x0000000000000000       0x6a MCAL/Stm32f103c6_GPIO_Driver.o
 .debug_macro   0x0000000000000000      0x1df MCAL/Stm32f103c6_GPIO_Driver.o
 .debug_macro   0x0000000000000000      0x224 MCAL/Stm32f103c6_GPIO_Driver.o
 .debug_macro   0x0000000000000000       0xc4 MCAL/Stm32f103c6_GPIO_Driver.o
 .group         0x0000000000000000        0xc MCAL/Stm32f103c6_RCC_Driver.o
 .group         0x0000000000000000        0xc MCAL/Stm32f103c6_RCC_Driver.o
 .group         0x0000000000000000        0xc MCAL/Stm32f103c6_RCC_Driver.o
 .group         0x0000000000000000        0xc MCAL/Stm32f103c6_RCC_Driver.o
 .group         0x0000000000000000        0xc MCAL/Stm32f103c6_RCC_Driver.o
 .group         0x0000000000000000        0xc MCAL/Stm32f103c6_RCC_Driver.o
 .group         0x0000000000000000        0xc MCAL/Stm32f103c6_RCC_Driver.o
 .group         0x0000000000000000        0xc MCAL/Stm32f103c6_RCC_Driver.o
 .group         0x0000000000000000        0xc MCAL/Stm32f103c6_RCC_Driver.o
 .group         0x0000000000000000        0xc MCAL/Stm32f103c6_RCC_Driver.o
 .text          0x0000000000000000        0x0 MCAL/Stm32f103c6_RCC_Driver.o
 .data          0x0000000000000000        0x0 MCAL/Stm32f103c6_RCC_Driver.o
 .bss           0x0000000000000000        0x0 MCAL/Stm32f103c6_RCC_Driver.o
 .rodata.AHBPrescTable
                0x0000000000000000       0x10 MCAL/Stm32f103c6_RCC_Driver.o
 .debug_macro   0x0000000000000000      0xa60 MCAL/Stm32f103c6_RCC_Driver.o
 .debug_macro   0x0000000000000000       0x22 MCAL/Stm32f103c6_RCC_Driver.o
 .debug_macro   0x0000000000000000       0x8e MCAL/Stm32f103c6_RCC_Driver.o
 .debug_macro   0x0000000000000000       0x51 MCAL/Stm32f103c6_RCC_Driver.o
 .debug_macro   0x0000000000000000       0xef MCAL/Stm32f103c6_RCC_Driver.o
 .debug_macro   0x0000000000000000       0x6a MCAL/Stm32f103c6_RCC_Driver.o
 .debug_macro   0x0000000000000000      0x1df MCAL/Stm32f103c6_RCC_Driver.o
 .debug_macro   0x0000000000000000      0x224 MCAL/Stm32f103c6_RCC_Driver.o
 .group         0x0000000000000000        0xc MCAL/Stm32f103c6_Uart_Driver.o
 .group         0x0000000000000000        0xc MCAL/Stm32f103c6_Uart_Driver.o
 .group         0x0000000000000000        0xc MCAL/Stm32f103c6_Uart_Driver.o
 .group         0x0000000000000000        0xc MCAL/Stm32f103c6_Uart_Driver.o
 .group         0x0000000000000000        0xc MCAL/Stm32f103c6_Uart_Driver.o
 .group         0x0000000000000000        0xc MCAL/Stm32f103c6_Uart_Driver.o
 .group         0x0000000000000000        0xc MCAL/Stm32f103c6_Uart_Driver.o
 .group         0x0000000000000000        0xc MCAL/Stm32f103c6_Uart_Driver.o
 .group         0x0000000000000000        0xc MCAL/Stm32f103c6_Uart_Driver.o
 .group         0x0000000000000000        0xc MCAL/Stm32f103c6_Uart_Driver.o
 .group         0x0000000000000000        0xc MCAL/Stm32f103c6_Uart_Driver.o
 .text          0x0000000000000000        0x0 MCAL/Stm32f103c6_Uart_Driver.o
 .data          0x0000000000000000        0x0 MCAL/Stm32f103c6_Uart_Driver.o
 .bss           0x0000000000000000        0x0 MCAL/Stm32f103c6_Uart_Driver.o
 .text.MCAL_UART_DeInit
                0x0000000000000000       0x80 MCAL/Stm32f103c6_Uart_Driver.o
 .debug_macro   0x0000000000000000      0xa60 MCAL/Stm32f103c6_Uart_Driver.o
 .debug_macro   0x0000000000000000       0x22 MCAL/Stm32f103c6_Uart_Driver.o
 .debug_macro   0x0000000000000000       0x8e MCAL/Stm32f103c6_Uart_Driver.o
 .debug_macro   0x0000000000000000       0x51 MCAL/Stm32f103c6_Uart_Driver.o
 .debug_macro   0x0000000000000000       0xef MCAL/Stm32f103c6_Uart_Driver.o
 .debug_macro   0x0000000000000000       0x6a MCAL/Stm32f103c6_Uart_Driver.o
 .debug_macro   0x0000000000000000      0x1df MCAL/Stm32f103c6_Uart_Driver.o
 .debug_macro   0x0000000000000000      0x224 MCAL/Stm32f103c6_Uart_Driver.o
 .debug_macro   0x0000000000000000       0xca MCAL/Stm32f103c6_Uart_Driver.o
 .group         0x0000000000000000        0xc Src/main.o
 .group         0x0000000000000000        0xc Src/main.o
 .group         0x0000000000000000        0xc Src/main.o
 .group         0x0000000000000000        0xc Src/main.o
 .group         0x0000000000000000        0xc Src/main.o
 .group         0x0000000000000000        0xc Src/main.o
 .group         0x0000000000000000        0xc Src/main.o
 .group         0x0000000000000000        0xc Src/main.o
 .group         0x0000000000000000        0xc Src/main.o
 .group         0x0000000000000000        0xc Src/main.o
 .group         0x0000000000000000        0xc Src/main.o
 .group         0x0000000000000000        0xc Src/main.o
 .text          0x0000000000000000        0x0 Src/main.o
 .data          0x0000000000000000        0x0 Src/main.o
 .bss           0x0000000000000000        0x0 Src/main.o
 .debug_macro   0x0000000000000000      0xa60 Src/main.o
 .debug_macro   0x0000000000000000       0x22 Src/main.o
 .debug_macro   0x0000000000000000       0x8e Src/main.o
 .debug_macro   0x0000000000000000       0x51 Src/main.o
 .debug_macro   0x0000000000000000       0xef Src/main.o
 .debug_macro   0x0000000000000000       0x6a Src/main.o
 .debug_macro   0x0000000000000000      0x1df Src/main.o
 .debug_macro   0x0000000000000000      0x224 Src/main.o
 .debug_macro   0x0000000000000000       0xc4 Src/main.o
 .debug_macro   0x0000000000000000       0x10 Src/main.o
 .debug_macro   0x0000000000000000       0xd0 Src/main.o
 .debug_macro   0x0000000000000000       0xbe Src/main.o
 .group         0x0000000000000000        0xc Src/syscalls.o
 .group         0x0000000000000000        0xc Src/syscalls.o
 .group         0x0000000000000000        0xc Src/syscalls.o
 .group         0x0000000000000000        0xc Src/syscalls.o
 .group         0x0000000000000000        0xc Src/syscalls.o
 .group         0x0000000000000000        0xc Src/syscalls.o
 .group         0x0000000000000000        0xc Src/syscalls.o
 .group         0x0000000000000000        0xc Src/syscalls.o
 .group         0x0000000000000000        0xc Src/syscalls.o
 .group         0x0000000000000000        0xc Src/syscalls.o
 .group         0x0000000000000000        0xc Src/syscalls.o
 .group         0x0000000000000000        0xc Src/syscalls.o
 .group         0x0000000000000000        0xc Src/syscalls.o
 .group         0x0000000000000000        0xc Src/syscalls.o
 .group         0x0000000000000000        0xc Src/syscalls.o
 .group         0x0000000000000000        0xc Src/syscalls.o
 .group         0x0000000000000000        0xc Src/syscalls.o
 .group         0x0000000000000000        0xc Src/syscalls.o
 .group         0x0000000000000000        0xc Src/syscalls.o
 .group         0x0000000000000000        0xc Src/syscalls.o
 .group         0x0000000000000000        0xc Src/syscalls.o
 .group         0x0000000000000000        0xc Src/syscalls.o
 .group         0x0000000000000000        0xc Src/syscalls.o
 .group         0x0000000000000000        0xc Src/syscalls.o
 .group         0x0000000000000000        0xc Src/syscalls.o
 .group         0x0000000000000000        0xc Src/syscalls.o
 .group         0x0000000000000000        0xc Src/syscalls.o
 .group         0x0000000000000000        0xc Src/syscalls.o
 .group         0x0000000000000000        0xc Src/syscalls.o
 .group         0x0000000000000000        0xc Src/syscalls.o
 .group         0x0000000000000000        0xc Src/syscalls.o
 .group         0x0000000000000000        0xc Src/syscalls.o
 .group         0x0000000000000000        0xc Src/syscalls.o
 .group         0x0000000000000000        0xc Src/syscalls.o
 .group         0x0000000000000000        0xc Src/syscalls.o
 .group         0x0000000000000000        0xc Src/syscalls.o
 .group         0x0000000000000000        0xc Src/syscalls.o
 .group         0x0000000000000000        0xc Src/syscalls.o
 .group         0x0000000000000000        0xc Src/syscalls.o
 .group         0x0000000000000000        0xc Src/syscalls.o
 .group         0x0000000000000000        0xc Src/syscalls.o
 .group         0x0000000000000000        0xc Src/syscalls.o
 .group         0x0000000000000000        0xc Src/syscalls.o
 .group         0x0000000000000000        0xc Src/syscalls.o
 .text          0x0000000000000000        0x0 Src/syscalls.o
 .data          0x0000000000000000        0x0 Src/syscalls.o
 .bss           0x0000000000000000        0x0 Src/syscalls.o
 .bss.__env     0x0000000000000000        0x4 Src/syscalls.o
 .data.environ  0x0000000000000000        0x4 Src/syscalls.o
 .text.initialise_monitor_handles
                0x0000000000000000        0xc Src/syscalls.o
 .text._getpid  0x0000000000000000        0xe Src/syscalls.o
 .text._kill    0x0000000000000000       0x20 Src/syscalls.o
 .text._exit    0x0000000000000000       0x14 Src/syscalls.o
 .text._read    0x0000000000000000       0x3a Src/syscalls.o
 .text._write   0x0000000000000000       0x38 Src/syscalls.o
 .text._close   0x0000000000000000       0x16 Src/syscalls.o
 .text._fstat   0x0000000000000000       0x1e Src/syscalls.o
 .text._isatty  0x0000000000000000       0x14 Src/syscalls.o
 .text._lseek   0x0000000000000000       0x18 Src/syscalls.o
 .text._open    0x0000000000000000       0x1a Src/syscalls.o
 .text._wait    0x0000000000000000       0x1e Src/syscalls.o
 .text._unlink  0x0000000000000000       0x1e Src/syscalls.o
 .text._times   0x0000000000000000       0x16 Src/syscalls.o
 .text._stat    0x0000000000000000       0x1e Src/syscalls.o
 .text._link    0x0000000000000000       0x20 Src/syscalls.o
 .text._fork    0x0000000000000000       0x16 Src/syscalls.o
 .text._execve  0x0000000000000000       0x22 Src/syscalls.o
 .debug_info    0x0000000000000000     0x1038 Src/syscalls.o
 .debug_abbrev  0x0000000000000000      0x254 Src/syscalls.o
 .debug_loc     0x0000000000000000      0x5b8 Src/syscalls.o
 .debug_aranges
                0x0000000000000000       0xa8 Src/syscalls.o
 .debug_ranges  0x0000000000000000       0x98 Src/syscalls.o
 .debug_macro   0x0000000000000000      0x243 Src/syscalls.o
 .debug_macro   0x0000000000000000      0xa60 Src/syscalls.o
 .debug_macro   0x0000000000000000       0x22 Src/syscalls.o
 .debug_macro   0x0000000000000000       0x40 Src/syscalls.o
 .debug_macro   0x0000000000000000       0x18 Src/syscalls.o
 .debug_macro   0x0000000000000000       0x94 Src/syscalls.o
 .debug_macro   0x0000000000000000       0x3c Src/syscalls.o
 .debug_macro   0x0000000000000000       0x34 Src/syscalls.o
 .debug_macro   0x0000000000000000       0x57 Src/syscalls.o
 .debug_macro   0x0000000000000000      0x174 Src/syscalls.o
 .debug_macro   0x0000000000000000      0x330 Src/syscalls.o
 .debug_macro   0x0000000000000000       0x52 Src/syscalls.o
 .debug_macro   0x0000000000000000       0x1f Src/syscalls.o
 .debug_macro   0x0000000000000000       0x43 Src/syscalls.o
 .debug_macro   0x0000000000000000       0x20 Src/syscalls.o
 .debug_macro   0x0000000000000000      0x1a3 Src/syscalls.o
 .debug_macro   0x0000000000000000       0x10 Src/syscalls.o
 .debug_macro   0x0000000000000000       0x35 Src/syscalls.o
 .debug_macro   0x0000000000000000       0x10 Src/syscalls.o
 .debug_macro   0x0000000000000000       0x10 Src/syscalls.o
 .debug_macro   0x0000000000000000       0x10 Src/syscalls.o
 .debug_macro   0x0000000000000000       0x6a Src/syscalls.o
 .debug_macro   0x0000000000000000       0x1c Src/syscalls.o
 .debug_macro   0x0000000000000000       0x52 Src/syscalls.o
 .debug_macro   0x0000000000000000       0x40 Src/syscalls.o
 .debug_macro   0x0000000000000000       0x10 Src/syscalls.o
 .debug_macro   0x0000000000000000       0x40 Src/syscalls.o
 .debug_macro   0x0000000000000000       0xd7 Src/syscalls.o
 .debug_macro   0x0000000000000000       0x1c Src/syscalls.o
 .debug_macro   0x0000000000000000       0x3d Src/syscalls.o
 .debug_macro   0x0000000000000000       0x35 Src/syscalls.o
 .debug_macro   0x0000000000000000      0x122 Src/syscalls.o
 .debug_macro   0x0000000000000000       0x16 Src/syscalls.o
 .debug_macro   0x0000000000000000       0x16 Src/syscalls.o
 .debug_macro   0x0000000000000000       0x29 Src/syscalls.o
 .debug_macro   0x0000000000000000       0x10 Src/syscalls.o
 .debug_macro   0x0000000000000000      0x241 Src/syscalls.o
 .debug_macro   0x0000000000000000       0x1c Src/syscalls.o
 .debug_macro   0x0000000000000000       0x10 Src/syscalls.o
 .debug_macro   0x0000000000000000       0x10 Src/syscalls.o
 .debug_macro   0x0000000000000000       0x16 Src/syscalls.o
 .debug_macro   0x0000000000000000      0x145 Src/syscalls.o
 .debug_macro   0x0000000000000000      0x189 Src/syscalls.o
 .debug_macro   0x0000000000000000       0x16 Src/syscalls.o
 .debug_macro   0x0000000000000000       0x88 Src/syscalls.o
 .debug_line    0x0000000000000000      0x720 Src/syscalls.o
 .debug_str     0x0000000000000000     0x886d Src/syscalls.o
 .comment       0x0000000000000000       0x7c Src/syscalls.o
 .debug_frame   0x0000000000000000      0x2ac Src/syscalls.o
 .ARM.attributes
                0x0000000000000000       0x33 Src/syscalls.o
 .group         0x0000000000000000        0xc Src/sysmem.o
 .group         0x0000000000000000        0xc Src/sysmem.o
 .group         0x0000000000000000        0xc Src/sysmem.o
 .group         0x0000000000000000        0xc Src/sysmem.o
 .group         0x0000000000000000        0xc Src/sysmem.o
 .group         0x0000000000000000        0xc Src/sysmem.o
 .group         0x0000000000000000        0xc Src/sysmem.o
 .group         0x0000000000000000        0xc Src/sysmem.o
 .group         0x0000000000000000        0xc Src/sysmem.o
 .group         0x0000000000000000        0xc Src/sysmem.o
 .group         0x0000000000000000        0xc Src/sysmem.o
 .group         0x0000000000000000        0xc Src/sysmem.o
 .group         0x0000000000000000        0xc Src/sysmem.o
 .group         0x0000000000000000        0xc Src/sysmem.o
 .group         0x0000000000000000        0xc Src/sysmem.o
 .group         0x0000000000000000        0xc Src/sysmem.o
 .group         0x0000000000000000        0xc Src/sysmem.o
 .group         0x0000000000000000        0xc Src/sysmem.o
 .group         0x0000000000000000        0xc Src/sysmem.o
 .text          0x0000000000000000        0x0 Src/sysmem.o
 .data          0x0000000000000000        0x0 Src/sysmem.o
 .bss           0x0000000000000000        0x0 Src/sysmem.o
 .bss.__sbrk_heap_end
                0x0000000000000000        0x4 Src/sysmem.o
 .text._sbrk    0x0000000000000000       0x6c Src/sysmem.o
 .debug_info    0x0000000000000000      0xa7c Src/sysmem.o
 .debug_abbrev  0x0000000000000000      0x18e Src/sysmem.o
 .debug_loc     0x0000000000000000       0x50 Src/sysmem.o
 .debug_aranges
                0x0000000000000000       0x20 Src/sysmem.o
 .debug_ranges  0x0000000000000000       0x10 Src/sysmem.o
 .debug_macro   0x0000000000000000       0xee Src/sysmem.o
 .debug_macro   0x0000000000000000      0xa60 Src/sysmem.o
 .debug_macro   0x0000000000000000       0x10 Src/sysmem.o
 .debug_macro   0x0000000000000000       0x22 Src/sysmem.o
 .debug_macro   0x0000000000000000       0x40 Src/sysmem.o
 .debug_macro   0x0000000000000000       0x18 Src/sysmem.o
 .debug_macro   0x0000000000000000       0x94 Src/sysmem.o
 .debug_macro   0x0000000000000000       0x3c Src/sysmem.o
 .debug_macro   0x0000000000000000       0x34 Src/sysmem.o
 .debug_macro   0x0000000000000000      0x174 Src/sysmem.o
 .debug_macro   0x0000000000000000       0x57 Src/sysmem.o
 .debug_macro   0x0000000000000000       0x52 Src/sysmem.o
 .debug_macro   0x0000000000000000       0x1f Src/sysmem.o
 .debug_macro   0x0000000000000000       0x43 Src/sysmem.o
 .debug_macro   0x0000000000000000       0x20 Src/sysmem.o
 .debug_macro   0x0000000000000000      0x1a3 Src/sysmem.o
 .debug_macro   0x0000000000000000      0x23b Src/sysmem.o
 .debug_macro   0x0000000000000000       0xef Src/sysmem.o
 .debug_macro   0x0000000000000000       0x6a Src/sysmem.o
 .debug_macro   0x0000000000000000      0x1df Src/sysmem.o
 .debug_line    0x0000000000000000      0x4a9 Src/sysmem.o
 .debug_str     0x0000000000000000     0x5f3b Src/sysmem.o
 .comment       0x0000000000000000       0x7c Src/sysmem.o
 .debug_frame   0x0000000000000000       0x34 Src/sysmem.o
 .ARM.attributes
                0x0000000000000000       0x33 Src/sysmem.o
 .text          0x0000000000000000       0x14 Startup/startup_stm32f103c6tx.o
 .data          0x0000000000000000        0x0 Startup/startup_stm32f103c6tx.o
 .bss           0x0000000000000000        0x0 Startup/startup_stm32f103c6tx.o
 .text          0x0000000000000000        0x0 a:/ide/stm32cubeide/stm32cubeide/plugins/com.st.stm32cube.ide.mcu.externaltools.gnu-tools-for-stm32.7-2018-q2-update.win32_1.4.0.202007081208/tools/bin/../lib/gcc/arm-none-eabi/7.3.1/../../../../arm-none-eabi/lib/thumb/v7-m\libc_nano.a(lib_a-errno.o)
 .data          0x0000000000000000        0x0 a:/ide/stm32cubeide/stm32cubeide/plugins/com.st.stm32cube.ide.mcu.externaltools.gnu-tools-for-stm32.7-2018-q2-update.win32_1.4.0.202007081208/tools/bin/../lib/gcc/arm-none-eabi/7.3.1/../../../../arm-none-eabi/lib/thumb/v7-m\libc_nano.a(lib_a-errno.o)
 .bss           0x0000000000000000        0x0 a:/ide/stm32cubeide/stm32cubeide/plugins/com.st.stm32cube.ide.mcu.externaltools.gnu-tools-for-stm32.7-2018-q2-update.win32_1.4.0.202007081208/tools/bin/../lib/gcc/arm-none-eabi/7.3.1/../../../../arm-none-eabi/lib/thumb/v7-m\libc_nano.a(lib_a-errno.o)
 .text.__errno  0x0000000000000000        0xc a:/ide/stm32cubeide/stm32cubeide/plugins/com.st.stm32cube.ide.mcu.externaltools.gnu-tools-for-stm32.7-2018-q2-update.win32_1.4.0.202007081208/tools/bin/../lib/gcc/arm-none-eabi/7.3.1/../../../../arm-none-eabi/lib/thumb/v7-m\libc_nano.a(lib_a-errno.o)
 .debug_frame   0x0000000000000000       0x20 a:/ide/stm32cubeide/stm32cubeide/plugins/com.st.stm32cube.ide.mcu.externaltools.gnu-tools-for-stm32.7-2018-q2-update.win32_1.4.0.202007081208/tools/bin/../lib/gcc/arm-none-eabi/7.3.1/../../../../arm-none-eabi/lib/thumb/v7-m\libc_nano.a(lib_a-errno.o)
 .ARM.attributes
                0x0000000000000000       0x2d a:/ide/stm32cubeide/stm32cubeide/plugins/com.st.stm32cube.ide.mcu.externaltools.gnu-tools-for-stm32.7-2018-q2-update.win32_1.4.0.202007081208/tools/bin/../lib/gcc/arm-none-eabi/7.3.1/../../../../arm-none-eabi/lib/thumb/v7-m\libc_nano.a(lib_a-errno.o)
 .text          0x0000000000000000        0x0 a:/ide/stm32cubeide/stm32cubeide/plugins/com.st.stm32cube.ide.mcu.externaltools.gnu-tools-for-stm32.7-2018-q2-update.win32_1.4.0.202007081208/tools/bin/../lib/gcc/arm-none-eabi/7.3.1/../../../../arm-none-eabi/lib/thumb/v7-m\libc_nano.a(lib_a-exit.o)
 .data          0x0000000000000000        0x0 a:/ide/stm32cubeide/stm32cubeide/plugins/com.st.stm32cube.ide.mcu.externaltools.gnu-tools-for-stm32.7-2018-q2-update.win32_1.4.0.202007081208/tools/bin/../lib/gcc/arm-none-eabi/7.3.1/../../../../arm-none-eabi/lib/thumb/v7-m\libc_nano.a(lib_a-exit.o)
 .bss           0x0000000000000000        0x0 a:/ide/stm32cubeide/stm32cubeide/plugins/com.st.stm32cube.ide.mcu.externaltools.gnu-tools-for-stm32.7-2018-q2-update.win32_1.4.0.202007081208/tools/bin/../lib/gcc/arm-none-eabi/7.3.1/../../../../arm-none-eabi/lib/thumb/v7-m\libc_nano.a(lib_a-exit.o)
 .text.exit     0x0000000000000000       0x28 a:/ide/stm32cubeide/stm32cubeide/plugins/com.st.stm32cube.ide.mcu.externaltools.gnu-tools-for-stm32.7-2018-q2-update.win32_1.4.0.202007081208/tools/bin/../lib/gcc/arm-none-eabi/7.3.1/../../../../arm-none-eabi/lib/thumb/v7-m\libc_nano.a(lib_a-exit.o)
 .debug_frame   0x0000000000000000       0x28 a:/ide/stm32cubeide/stm32cubeide/plugins/com.st.stm32cube.ide.mcu.externaltools.gnu-tools-for-stm32.7-2018-q2-update.win32_1.4.0.202007081208/tools/bin/../lib/gcc/arm-none-eabi/7.3.1/../../../../arm-none-eabi/lib/thumb/v7-m\libc_nano.a(lib_a-exit.o)
 .ARM.attributes
                0x0000000000000000       0x2d a:/ide/stm32cubeide/stm32cubeide/plugins/com.st.stm32cube.ide.mcu.externaltools.gnu-tools-for-stm32.7-2018-q2-update.win32_1.4.0.202007081208/tools/bin/../lib/gcc/arm-none-eabi/7.3.1/../../../../arm-none-eabi/lib/thumb/v7-m\libc_nano.a(lib_a-exit.o)
 .text          0x0000000000000000        0x0 a:/ide/stm32cubeide/stm32cubeide/plugins/com.st.stm32cube.ide.mcu.externaltools.gnu-tools-for-stm32.7-2018-q2-update.win32_1.4.0.202007081208/tools/bin/../lib/gcc/arm-none-eabi/7.3.1/../../../../arm-none-eabi/lib/thumb/v7-m\libc_nano.a(lib_a-impure.o)
 .data          0x0000000000000000        0x0 a:/ide/stm32cubeide/stm32cubeide/plugins/com.st.stm32cube.ide.mcu.externaltools.gnu-tools-for-stm32.7-2018-q2-update.win32_1.4.0.202007081208/tools/bin/../lib/gcc/arm-none-eabi/7.3.1/../../../../arm-none-eabi/lib/thumb/v7-m\libc_nano.a(lib_a-impure.o)
 .bss           0x0000000000000000        0x0 a:/ide/stm32cubeide/stm32cubeide/plugins/com.st.stm32cube.ide.mcu.externaltools.gnu-tools-for-stm32.7-2018-q2-update.win32_1.4.0.202007081208/tools/bin/../lib/gcc/arm-none-eabi/7.3.1/../../../../arm-none-eabi/lib/thumb/v7-m\libc_nano.a(lib_a-impure.o)
 .data._impure_ptr
                0x0000000000000000        0x4 a:/ide/stm32cubeide/stm32cubeide/plugins/com.st.stm32cube.ide.mcu.externaltools.gnu-tools-for-stm32.7-2018-q2-update.win32_1.4.0.202007081208/tools/bin/../lib/gcc/arm-none-eabi/7.3.1/../../../../arm-none-eabi/lib/thumb/v7-m\libc_nano.a(lib_a-impure.o)
 .data.impure_data
                0x0000000000000000       0x60 a:/ide/stm32cubeide/stm32cubeide/plugins/com.st.stm32cube.ide.mcu.externaltools.gnu-tools-for-stm32.7-2018-q2-update.win32_1.4.0.202007081208/tools/bin/../lib/gcc/arm-none-eabi/7.3.1/../../../../arm-none-eabi/lib/thumb/v7-m\libc_nano.a(lib_a-impure.o)
 .rodata._global_impure_ptr
                0x0000000000000000        0x4 a:/ide/stm32cubeide/stm32cubeide/plugins/com.st.stm32cube.ide.mcu.externaltools.gnu-tools-for-stm32.7-2018-q2-update.win32_1.4.0.202007081208/tools/bin/../lib/gcc/arm-none-eabi/7.3.1/../../../../arm-none-eabi/lib/thumb/v7-m\libc_nano.a(lib_a-impure.o)
 .ARM.attributes
                0x0000000000000000       0x2d a:/ide/stm32cubeide/stm32cubeide/plugins/com.st.stm32cube.ide.mcu.externaltools.gnu-tools-for-stm32.7-2018-q2-update.win32_1.4.0.202007081208/tools/bin/../lib/gcc/arm-none-eabi/7.3.1/../../../../arm-none-eabi/lib/thumb/v7-m\libc_nano.a(lib_a-impure.o)
 .text          0x0000000000000000        0x0 a:/ide/stm32cubeide/stm32cubeide/plugins/com.st.stm32cube.ide.mcu.externaltools.gnu-tools-for-stm32.7-2018-q2-update.win32_1.4.0.202007081208/tools/bin/../lib/gcc/arm-none-eabi/7.3.1/../../../../arm-none-eabi/lib/thumb/v7-m\libc_nano.a(lib_a-init.o)
 .data          0x0000000000000000        0x0 a:/ide/stm32cubeide/stm32cubeide/plugins/com.st.stm32cube.ide.mcu.externaltools.gnu-tools-for-stm32.7-2018-q2-update.win32_1.4.0.202007081208/tools/bin/../lib/gcc/arm-none-eabi/7.3.1/../../../../arm-none-eabi/lib/thumb/v7-m\libc_nano.a(lib_a-init.o)
 .bss           0x0000000000000000        0x0 a:/ide/stm32cubeide/stm32cubeide/plugins/com.st.stm32cube.ide.mcu.externaltools.gnu-tools-for-stm32.7-2018-q2-update.win32_1.4.0.202007081208/tools/bin/../lib/gcc/arm-none-eabi/7.3.1/../../../../arm-none-eabi/lib/thumb/v7-m\libc_nano.a(lib_a-init.o)
 .text          0x0000000000000000        0x0 a:/ide/stm32cubeide/stm32cubeide/plugins/com.st.stm32cube.ide.mcu.externaltools.gnu-tools-for-stm32.7-2018-q2-update.win32_1.4.0.202007081208/tools/bin/../lib/gcc/arm-none-eabi/7.3.1/../../../../arm-none-eabi/lib/thumb/v7-m\libc_nano.a(lib_a-memset.o)
 .data          0x0000000000000000        0x0 a:/ide/stm32cubeide/stm32cubeide/plugins/com.st.stm32cube.ide.mcu.externaltools.gnu-tools-for-stm32.7-2018-q2-update.win32_1.4.0.202007081208/tools/bin/../lib/gcc/arm-none-eabi/7.3.1/../../../../arm-none-eabi/lib/thumb/v7-m\libc_nano.a(lib_a-memset.o)
 .bss           0x0000000000000000        0x0 a:/ide/stm32cubeide/stm32cubeide/plugins/com.st.stm32cube.ide.mcu.externaltools.gnu-tools-for-stm32.7-2018-q2-update.win32_1.4.0.202007081208/tools/bin/../lib/gcc/arm-none-eabi/7.3.1/../../../../arm-none-eabi/lib/thumb/v7-m\libc_nano.a(lib_a-memset.o)
 .text.memset   0x0000000000000000       0x10 a:/ide/stm32cubeide/stm32cubeide/plugins/com.st.stm32cube.ide.mcu.externaltools.gnu-tools-for-stm32.7-2018-q2-update.win32_1.4.0.202007081208/tools/bin/../lib/gcc/arm-none-eabi/7.3.1/../../../../arm-none-eabi/lib/thumb/v7-m\libc_nano.a(lib_a-memset.o)
 .debug_frame   0x0000000000000000       0x20 a:/ide/stm32cubeide/stm32cubeide/plugins/com.st.stm32cube.ide.mcu.externaltools.gnu-tools-for-stm32.7-2018-q2-update.win32_1.4.0.202007081208/tools/bin/../lib/gcc/arm-none-eabi/7.3.1/../../../../arm-none-eabi/lib/thumb/v7-m\libc_nano.a(lib_a-memset.o)
 .ARM.attributes
                0x0000000000000000       0x2d a:/ide/stm32cubeide/stm32cubeide/plugins/com.st.stm32cube.ide.mcu.externaltools.gnu-tools-for-stm32.7-2018-q2-update.win32_1.4.0.202007081208/tools/bin/../lib/gcc/arm-none-eabi/7.3.1/../../../../arm-none-eabi/lib/thumb/v7-m\libc_nano.a(lib_a-memset.o)
 .text          0x0000000000000000        0x0 a:/ide/stm32cubeide/stm32cubeide/plugins/com.st.stm32cube.ide.mcu.externaltools.gnu-tools-for-stm32.7-2018-q2-update.win32_1.4.0.202007081208/tools/bin/../lib/gcc/arm-none-eabi/7.3.1/thumb/v7-m/crtend.o
 .data          0x0000000000000000        0x0 a:/ide/stm32cubeide/stm32cubeide/plugins/com.st.stm32cube.ide.mcu.externaltools.gnu-tools-for-stm32.7-2018-q2-update.win32_1.4.0.202007081208/tools/bin/../lib/gcc/arm-none-eabi/7.3.1/thumb/v7-m/crtend.o
 .bss           0x0000000000000000        0x0 a:/ide/stm32cubeide/stm32cubeide/plugins/com.st.stm32cube.ide.mcu.externaltools.gnu-tools-for-stm32.7-2018-q2-update.win32_1.4.0.202007081208/tools/bin/../lib/gcc/arm-none-eabi/7.3.1/thumb/v7-m/crtend.o
 .eh_frame      0x0000000000000000        0x4 a:/ide/stm32cubeide/stm32cubeide/plugins/com.st.stm32cube.ide.mcu.externaltools.gnu-tools-for-stm32.7-2018-q2-update.win32_1.4.0.202007081208/tools/bin/../lib/gcc/arm-none-eabi/7.3.1/thumb/v7-m/crtend.o
 .ARM.attributes
                0x0000000000000000       0x2d a:/ide/stm32cubeide/stm32cubeide/plugins/com.st.stm32cube.ide.mcu.externaltools.gnu-tools-for-stm32.7-2018-q2-update.win32_1.4.0.202007081208/tools/bin/../lib/gcc/arm-none-eabi/7.3.1/thumb/v7-m/crtend.o
 .text          0x0000000000000000        0x0 a:/ide/stm32cubeide/stm32cubeide/plugins/com.st.stm32cube.ide.mcu.externaltools.gnu-tools-for-stm32.7-2018-q2-update.win32_1.4.0.202007081208/tools/bin/../lib/gcc/arm-none-eabi/7.3.1/thumb/v7-m/crtn.o
 .data          0x0000000000000000        0x0 a:/ide/stm32cubeide/stm32cubeide/plugins/com.st.stm32cube.ide.mcu.externaltools.gnu-tools-for-stm32.7-2018-q2-update.win32_1.4.0.202007081208/tools/bin/../lib/gcc/arm-none-eabi/7.3.1/thumb/v7-m/crtn.o
 .bss           0x0000000000000000        0x0 a:/ide/stm32cubeide/stm32cubeide/plugins/com.st.stm32cube.ide.mcu.externaltools.gnu-tools-for-stm32.7-2018-q2-update.win32_1.4.0.202007081208/tools/bin/../lib/gcc/arm-none-eabi/7.3.1/thumb/v7-m/crtn.o

Memory Configuration

Name             Origin             Length             Attributes
RAM              0x0000000020000000 0x0000000000002800 xrw
ROM              0x0000000008000000 0x0000000000008000 xr
*default*        0x0000000000000000 0xffffffffffffffff

Linker script and memory map

LOAD a:/ide/stm32cubeide/stm32cubeide/plugins/com.st.stm32cube.ide.mcu.externaltools.gnu-tools-for-stm32.7-2018-q2-update.win32_1.4.0.202007081208/tools/bin/../lib/gcc/arm-none-eabi/7.3.1/thumb/v7-m/crti.o
LOAD a:/ide/stm32cubeide/stm32cubeide/plugins/com.st.stm32cube.ide.mcu.externaltools.gnu-tools-for-stm32.7-2018-q2-update.win32_1.4.0.202007081208/tools/bin/../lib/gcc/arm-none-eabi/7.3.1/thumb/v7-m/crtbegin.o
LOAD a:/ide/stm32cubeide/stm32cubeide/plugins/com.st.stm32cube.ide.mcu.externaltools.gnu-tools-for-stm32.7-2018-q2-update.win32_1.4.0.202007081208/tools/bin/../lib/gcc/arm-none-eabi/7.3.1/../../../../arm-none-eabi/lib/thumb/v7-m/crt0.o
LOAD HAL/Keypad.o
LOAD HAL/LCD.o
LOAD HAL/_7_Segment.o
LOAD MCAL/Stm32f103c6_EXTI_Driver.o
LOAD MCAL/Stm32f103c6_GPIO_Driver.o
LOAD MCAL/Stm32f103c6_RCC_Driver.o
LOAD MCAL/Stm32f103c6_Uart_Driver.o
LOAD Src/main.o
LOAD Src/syscalls.o
LOAD Src/sysmem.o
LOAD Startup/startup_stm32f103c6tx.o
START GROUP
LOAD a:/ide/stm32cubeide/stm32cubeide/plugins/com.st.stm32cube.ide.mcu.externaltools.gnu-tools-for-stm32.7-2018-q2-update.win32_1.4.0.202007081208/tools/bin/../lib/gcc/arm-none-eabi/7.3.1/../../../../arm-none-eabi/lib/thumb/v7-m\libc_nano.a
LOAD a:/ide/stm32cubeide/stm32cubeide/plugins/com.st.stm32cube.ide.mcu.externaltools.gnu-tools-for-stm32.7-2018-q2-update.win32_1.4.0.202007081208/tools/bin/../lib/gcc/arm-none-eabi/7.3.1/../../../../arm-none-eabi/lib/thumb/v7-m\libm.a
END GROUP
START GROUP
LOAD a:/ide/stm32cubeide/stm32cubeide/plugins/com.st.stm32cube.ide.mcu.externaltools.gnu-tools-for-stm32.7-2018-q2-update.win32_1.4.0.202007081208/tools/bin/../lib/gcc/arm-none-eabi/7.3.1/thumb/v7-m\libgcc.a
LOAD a:/ide/stm32cubeide/stm32cubeide/plugins/com.st.stm32cube.ide.mcu.externaltools.gnu-tools-for-stm32.7-2018-q2-update.win32_1.4.0.202007081208/tools/bin/../lib/gcc/arm-none-eabi/7.3.1/../../../../arm-none-eabi/lib/thumb/v7-m\libg_nano.a
LOAD a:/ide/stm32cubeide/stm32cubeide/plugins/com.st.stm32cube.ide.mcu.externaltools.gnu-tools-for-stm32.7-2018-q2-update.win32_1.4.0.202007081208/tools/bin/../lib/gcc/arm-none-eabi/7.3.1/../../../../arm-none-eabi/lib/thumb/v7-m\libc_nano.a
END GROUP
START GROUP
LOAD a:/ide/stm32cubeide/stm32cubeide/plugins/com.st.stm32cube.ide.mcu.externaltools.gnu-tools-for-stm32.7-2018-q2-update.win32_1.4.0.202007081208/tools/bin/../lib/gcc/arm-none-eabi/7.3.1/thumb/v7-m\libgcc.a
LOAD a:/ide/stm32cubeide/stm32cubeide/plugins/com.st.stm32cube.ide.mcu.externaltools.gnu-tools-for-stm32.7-2018-q2-update.win32_1.4.0.202007081208/tools/bin/../lib/gcc/arm-none-eabi/7.3.1/../../../../arm-none-eabi/lib/thumb/v7-m\libc_nano.a
LOAD a:/ide/stm32cubeide/stm32cubeide/plugins/com.st.stm32cube.ide.mcu.externaltools.gnu-tools-for-stm32.7-2018-q2-update.win32_1.4.0.202007081208/tools/bin/../lib/gcc/arm-none-eabi/7.3.1/../../../../arm-none-eabi/lib/thumb/v7-m\libnosys.a
END GROUP
START GROUP
LOAD a:/ide/stm32cubeide/stm32cubeide/plugins/com.st.stm32cube.ide.mcu.externaltools.gnu-tools-for-stm32.7-2018-q2-update.win32_1.4.0.202007081208/tools/bin/../lib/gcc/arm-none-eabi/7.3.1/thumb/v7-m\libgcc.a
LOAD a:/ide/stm32cubeide/stm32cubeide/plugins/com.st.stm32cube.ide.mcu.externaltools.gnu-tools-for-stm32.7-2018-q2-update.win32_1.4.0.202007081208/tools/bin/../lib/gcc/arm-none-eabi/7.3.1/../../../../arm-none-eabi/lib/thumb/v7-m\libc_nano.a
LOAD a:/ide/stm32cubeide/stm32cubeide/plugins/com.st.stm32cube.ide.mcu.externaltools.gnu-tools-for-stm32.7-2018-q2-update.win32_1.4.0.202007081208/tools/bin/../lib/gcc/arm-none-eabi/7.3.1/../../../../arm-none-eabi/lib/thumb/v7-m\libnosys.a
END GROUP
LOAD a:/ide/stm32cubeide/stm32cubeide/plugins/com.st.stm32cube.ide.mcu.externaltools.gnu-tools-for-stm32.7-2018-q2-update.win32_1.4.0.202007081208/tools/bin/../lib/gcc/arm-none-eabi/7.3.1/thumb/v7-m/crtend.o
LOAD a:/ide/stm32cubeide/stm32cubeide/plugins/com.st.stm32cube.ide.mcu.externaltools.gnu-tools-for-stm32.7-2018-q2-update.win32_1.4.0.202007081208/tools/bin/../lib/gcc/arm-none-eabi/7.3.1/thumb/v7-m/crtn.o
                0x0000000020002800                _estack = (ORIGIN (RAM) + LENGTH (RAM))
                0x0000000000000200                _Min_Heap_Size = 0x200
                0x0000000000000400                _Min_Stack_Size = 0x400

.isr_vector     0x0000000008000000      0x130
                0x0000000008000000                . = ALIGN (0x4)
 *(.isr_vector)
 .isr_vector    0x0000000008000000      0x130 Startup/startup_stm32f103c6tx.o
                0x0000000008000000                g_pfnVectors
                0x0000000008000130                . = ALIGN (0x4)

.text           0x0000000008000130      0xa64
                0x0000000008000130                . = ALIGN (0x4)
 *(.text)
 .text          0x0000000008000130       0x40 a:/ide/stm32cubeide/stm32cubeide/plugins/com.st.stm32cube.ide.mcu.externaltools.gnu-tools-for-stm32.7-2018-q2-update.win32_1.4.0.202007081208/tools/bin/../lib/gcc/arm-none-eabi/7.3.1/thumb/v7-m/crtbegin.o
 *(.text*)
 .text.EXTI0_IRQHandler
                0x0000000008000170       0x24 MCAL/Stm32f103c6_EXTI_Driver.o
                0x0000000008000170                EXTI0_IRQHandler
 .text.EXTI1_IRQHandler
                0x0000000008000194       0x24 MCAL/Stm32f103c6_EXTI_Driver.o
                0x0000000008000194                EXTI1_IRQHandler
 .text.EXTI2_IRQHandler
                0x00000000080001b8       0x24 MCAL/Stm32f103c6_EXTI_Driver.o
                0x00000000080001b8                EXTI2_IRQHandler
 .text.EXTI3_IRQHandler
                0x00000000080001dc       0x24 MCAL/Stm32f103c6_EXTI_Driver.o
                0x00000000080001dc                EXTI3_IRQHandler
 .text.EXTI4_IRQHandler
                0x0000000008000200       0x24 MCAL/Stm32f103c6_EXTI_Driver.o
                0x0000000008000200                EXTI4_IRQHandler
 .text.EXTI9_5_IRQHandler
                0x0000000008000224       0xa8 MCAL/Stm32f103c6_EXTI_Driver.o
                0x0000000008000224                EXTI9_5_IRQHandler
 .text.EXTI15_10_IRQHandler
                0x00000000080002cc       0xc4 MCAL/Stm32f103c6_EXTI_Driver.o
                0x00000000080002cc                EXTI15_10_IRQHandler
 .text.Get_Pin_Bit_Position
                0x0000000008000390       0xca MCAL/Stm32f103c6_GPIO_Driver.o
                0x0000000008000390                Get_Pin_Bit_Position
 .text.MCAL_GPIO_INIT
                0x000000000800045a       0xf2 MCAL/Stm32f103c6_GPIO_Driver.o
                0x000000000800045a                MCAL_GPIO_INIT
 .text.MCAL_RCC_GetSYS_CLCKFreq
                0x000000000800054c       0x40 MCAL/Stm32f103c6_RCC_Driver.o
                0x000000000800054c                MCAL_RCC_GetSYS_CLCKFreq
 .text.MCAL_RCC_GetHCLKFreq
                0x000000000800058c       0x28 MCAL/Stm32f103c6_RCC_Driver.o
                0x000000000800058c                MCAL_RCC_GetHCLKFreq
 .text.MCAL_RCC_GetPCLK1Freq
                0x00000000080005b4       0x28 MCAL/Stm32f103c6_RCC_Driver.o
                0x00000000080005b4                MCAL_RCC_GetPCLK1Freq
 .text.MCAL_RCC_GetPCLK2Freq
                0x00000000080005dc       0x28 MCAL/Stm32f103c6_RCC_Driver.o
                0x00000000080005dc                MCAL_RCC_GetPCLK2Freq
 .text.MCAL_UART_Init
                0x0000000008000604      0x17c MCAL/Stm32f103c6_Uart_Driver.o
                0x0000000008000604                MCAL_UART_Init
 .text.MCAL_UART_GPIO_Set_Pins
                0x0000000008000780      0x1cc MCAL/Stm32f103c6_Uart_Driver.o
                0x0000000008000780                MCAL_UART_GPIO_Set_Pins
 .text.MCAL_UART_SendData
                0x000000000800094c       0x36 MCAL/Stm32f103c6_Uart_Driver.o
                0x000000000800094c                MCAL_UART_SendData
 *fill*         0x0000000008000982        0x2 
 .text.MCAL_UART_ReceiveData
                0x0000000008000984       0x5c MCAL/Stm32f103c6_Uart_Driver.o
                0x0000000008000984                MCAL_UART_ReceiveData
 .text.USART1_IRQHandler
                0x00000000080009e0       0x14 MCAL/Stm32f103c6_Uart_Driver.o
                0x00000000080009e0                USART1_IRQHandler
 .text.USART2_IRQHandler
                0x00000000080009f4       0x14 MCAL/Stm32f103c6_Uart_Driver.o
                0x00000000080009f4                USART2_IRQHandler
 .text.USART3_IRQHandler
                0x0000000008000a08       0x14 MCAL/Stm32f103c6_Uart_Driver.o
                0x0000000008000a08                USART3_IRQHandler
 .text.Uart_CallBack
                0x0000000008000a1c       0x24 Src/main.o
                0x0000000008000a1c                Uart_CallBack
 .text.Clock_Init
                0x0000000008000a40       0x58 Src/main.o
                0x0000000008000a40                Clock_Init
 .text.main     0x0000000008000a98       0x48 Src/main.o
                0x0000000008000a98                main
 .text.Reset_Handler
                0x0000000008000ae0       0x50 Startup/startup_stm32f103c6tx.o
                0x0000000008000ae0                Reset_Handler
 .text.Default_Handler
                0x0000000008000b30        0x2 Startup/startup_stm32f103c6tx.o
                0x0000000008000b30                TIM8_TRG_COM_IRQHandler
                0x0000000008000b30                TIM8_CC_IRQHandler
                0x0000000008000b30                DebugMon_Handler
                0x0000000008000b30                TIM1_CC_IRQHandler
                0x0000000008000b30                HardFault_Handler
                0x0000000008000b30                TIM6_IRQHandler
                0x0000000008000b30                SysTick_Handler
                0x0000000008000b30                PVD_IRQHandler
                0x0000000008000b30                SDIO_IRQHandler
                0x0000000008000b30                PendSV_Handler
                0x0000000008000b30                NMI_Handler
                0x0000000008000b30                USB_HP_CAN_TX_IRQHandler
                0x0000000008000b30                I2C2_EV_IRQHandler
                0x0000000008000b30                UsageFault_Handler
                0x0000000008000b30                ADC1_2_IRQHandler
                0x0000000008000b30                SPI1_IRQHandler
                0x0000000008000b30                CAN_SCE_IRQHandler
                0x0000000008000b30                TAMPER_IRQHandler
                0x0000000008000b30                TIM8_UP_IRQHandler
                0x0000000008000b30                DMA2_Channel2_IRQHandler
                0x0000000008000b30                DMA1_Channel4_IRQHandler
                0x0000000008000b30                RTC_IRQHandler
                0x0000000008000b30                DMA1_Channel7_IRQHandler
                0x0000000008000b30                UART5_IRQHandler
                0x0000000008000b30                ADC3_IRQHandler
                0x0000000008000b30                TIM4_IRQHandler
                0x0000000008000b30                CAN_RX1_IRQHandler
                0x0000000008000b30                DMA2_Channel1_IRQHandler
                0x0000000008000b30                I2C1_EV_IRQHandler
                0x0000000008000b30                DMA1_Channel6_IRQHandler
                0x0000000008000b30                UART4_IRQHandler
                0x0000000008000b30                TIM3_IRQHandler
                0x0000000008000b30                RCC_IRQHandler
                0x0000000008000b30                TIM1_TRG_COM_IRQHandler
                0x0000000008000b30                DMA1_Channel1_IRQHandler
                0x0000000008000b30                Default_Handler
                0x0000000008000b30                TIM7_IRQHandler
                0x0000000008000b30                TIM5_IRQHandler
                0x0000000008000b30                SPI2_IRQHandler
                0x0000000008000b30                USB_LP_CAN_RX0_IRQHandler
                0x0000000008000b30                MemManage_Handler
                0x0000000008000b30                SVC_Handler
                0x0000000008000b30                DMA1_Channel5_IRQHandler
                0x0000000008000b30                DMA1_Channel3_IRQHandler
                0x0000000008000b30                FSMC_IRQHandler
                0x0000000008000b30                TIM1_UP_IRQHandler
                0x0000000008000b30                WWDG_IRQHandler
                0x0000000008000b30                TIM2_IRQHandler
                0x0000000008000b30                TIM1_BRK_IRQHandler
                0x0000000008000b30                RTCAlarm_IRQHandler
                0x0000000008000b30                DMA2_Channel4_5_IRQHandler
                0x0000000008000b30                I2C2_ER_IRQHandler
                0x0000000008000b30                DMA1_Channel2_IRQHandler
                0x0000000008000b30                TIM8_BRK_IRQHandler
                0x0000000008000b30                FLASH_IRQHandler
                0x0000000008000b30                BusFault_Handler
                0x0000000008000b30                SPI3_IRQHandler
                0x0000000008000b30                I2C1_ER_IRQHandler
                0x0000000008000b30                DMA2_Channel3_IRQHandler
 *fill*         0x0000000008000b32        0x2 
 .text.__libc_init_array
                0x0000000008000b34       0x48 a:/ide/stm32cubeide/stm32cubeide/plugins/com.st.stm32cube.ide.mcu.externaltools.gnu-tools-for-stm32.7-2018-q2-update.win32_1.4.0.202007081208/tools/bin/../lib/gcc/arm-none-eabi/7.3.1/../../../../arm-none-eabi/lib/thumb/v7-m\libc_nano.a(lib_a-init.o)
                0x0000000008000b34                __libc_init_array
 *(.glue_7)
 .glue_7        0x0000000008000b7c        0x0 linker stubs
 *(.glue_7t)
 .glue_7t       0x0000000008000b7c        0x0 linker stubs
 *(.eh_frame)
 .eh_frame      0x0000000008000b7c        0x0 a:/ide/stm32cubeide/stm32cubeide/plugins/com.st.stm32cube.ide.mcu.externaltools.gnu-tools-for-stm32.7-2018-q2-update.win32_1.4.0.202007081208/tools/bin/../lib/gcc/arm-none-eabi/7.3.1/thumb/v7-m/crtbegin.o
 *(.init)
 .init          0x0000000008000b7c        0x4 a:/ide/stm32cubeide/stm32cubeide/plugins/com.st.stm32cube.ide.mcu.externaltools.gnu-tools-for-stm32.7-2018-q2-update.win32_1.4.0.202007081208/tools/bin/../lib/gcc/arm-none-eabi/7.3.1/thumb/v7-m/crti.o
                0x0000000008000b7c                _init
 .init          0x0000000008000b80        0x8 a:/ide/stm32cubeide/stm32cubeide/plugins/com.st.stm32cube.ide.mcu.externaltools.gnu-tools-for-stm32.7-2018-q2-update.win32_1.4.0.202007081208/tools/bin/../lib/gcc/arm-none-eabi/7.3.1/thumb/v7-m/crtn.o
 *(.fini)
 .fini          0x0000000008000b88        0x4 a:/ide/stm32cubeide/stm32cubeide/plugins/com.st.stm32cube.ide.mcu.externaltools.gnu-tools-for-stm32.7-2018-q2-update.win32_1.4.0.202007081208/tools/bin/../lib/gcc/arm-none-eabi/7.3.1/thumb/v7-m/crti.o
                0x0000000008000b88                _fini
 .fini          0x0000000008000b8c        0x8 a:/ide/stm32cubeide/stm32cubeide/plugins/com.st.stm32cube.ide.mcu.externaltools.gnu-tools-for-stm32.7-2018-q2-update.win32_1.4.0.202007081208/tools/bin/../lib/gcc/arm-none-eabi/7.3.1/thumb/v7-m/crtn.o
                0x0000000008000b94                . = ALIGN (0x4)
                0x0000000008000b94                _etext = .

.vfp11_veneer   0x0000000008000b94        0x0
 .vfp11_veneer  0x0000000008000b94        0x0 linker stubs

.v4_bx          0x0000000008000b94        0x0
 .v4_bx         0x0000000008000b94        0x0 linker stubs

.iplt           0x0000000008000b94        0x0
 .iplt          0x0000000008000b94        0x0 a:/ide/stm32cubeide/stm32cubeide/plugins/com.st.stm32cube.ide.mcu.externaltools.gnu-tools-for-stm32.7-2018-q2-update.win32_1.4.0.202007081208/tools/bin/../lib/gcc/arm-none-eabi/7.3.1/thumb/v7-m/crtbegin.o

.rodata         0x0000000008000b94        0x8
                0x0000000008000b94                . = ALIGN (0x4)
 *(.rodata)
 *(.rodata*)
 .rodata.APBPrescTable
                0x0000000008000b94        0x8 MCAL/Stm32f103c6_RCC_Driver.o
                0x0000000008000b94                APBPrescTable
                0x0000000008000b9c                . = ALIGN (0x4)

.rel.dyn        0x0000000008000b9c        0x0
 .rel.iplt      0x0000000008000b9c        0x0 a:/ide/stm32cubeide/stm32cubeide/plugins/com.st.stm32cube.ide.mcu.externaltools.gnu-tools-for-stm32.7-2018-q2-update.win32_1.4.0.202007081208/tools/bin/../lib/gcc/arm-none-eabi/7.3.1/thumb/v7-m/crtbegin.o

.ARM.extab      0x0000000008000b9c        0x0
                0x0000000008000b9c                . = ALIGN (0x4)
 *(.ARM.extab* .gnu.linkonce.armextab.*)
                0x0000000008000b9c                . = ALIGN (0x4)

.ARM            0x0000000008000b9c        0x0
                0x0000000008000b9c                . = ALIGN (0x4)
                0x0000000008000b9c                __exidx_start = .
 *(.ARM.exidx*)
                0x0000000008000b9c                __exidx_end = .
                0x0000000008000b9c                . = ALIGN (0x4)

.preinit_array  0x0000000008000b9c        0x0
                0x0000000008000b9c                . = ALIGN (0x4)
                0x0000000008000b9c                PROVIDE (__preinit_array_start = .)
 *(.preinit_array*)
                0x0000000008000b9c                PROVIDE (__preinit_array_end = .)
                0x0000000008000b9c                . = ALIGN (0x4)

.init_array     0x0000000008000b9c        0x4
                0x0000000008000b9c                . = ALIGN (0x4)
                0x0000000008000b9c                PROVIDE (__init_array_start = .)
 *(SORT_BY_NAME(.init_array.*))
 *(.init_array*)
 .init_array    0x0000000008000b9c        0x4 a:/ide/stm32cubeide/stm32cubeide/plugins/com.st.stm32cube.ide.mcu.externaltools.gnu-tools-for-stm32.7-2018-q2-update.win32_1.4.0.202007081208/tools/bin/../lib/gcc/arm-none-eabi/7.3.1/thumb/v7-m/crtbegin.o
                0x0000000008000ba0                PROVIDE (__init_array_end = .)
                0x0000000008000ba0                . = ALIGN (0x4)

.fini_array     0x0000000008000ba0        0x4
                0x0000000008000ba0                . = ALIGN (0x4)
                [!provide]                        PROVIDE (__fini_array_start = .)
 *(SORT_BY_NAME(.fini_array.*))
 *(.fini_array*)
 .fini_array    0x0000000008000ba0        0x4 a:/ide/stm32cubeide/stm32cubeide/plugins/com.st.stm32cube.ide.mcu.externaltools.gnu-tools-for-stm32.7-2018-q2-update.win32_1.4.0.202007081208/tools/bin/../lib/gcc/arm-none-eabi/7.3.1/thumb/v7-m/crtbegin.o
                [!provide]                        PROVIDE (__fini_array_end = .)
                0x0000000008000ba4                . = ALIGN (0x4)
                0x0000000008000ba4                _sidata = LOADADDR (.data)

.data           0x0000000020000000        0x0 load address 0x0000000008000ba4
                0x0000000020000000                . = ALIGN (0x4)
                0x0000000020000000                _sdata = .
 *(.data)
 *(.data*)
                0x0000000020000000                . = ALIGN (0x4)
                0x0000000020000000                _edata = .

.igot.plt       0x0000000020000000        0x0 load address 0x0000000008000ba4
 .igot.plt      0x0000000020000000        0x0 a:/ide/stm32cubeide/stm32cubeide/plugins/com.st.stm32cube.ide.mcu.externaltools.gnu-tools-for-stm32.7-2018-q2-update.win32_1.4.0.202007081208/tools/bin/../lib/gcc/arm-none-eabi/7.3.1/thumb/v7-m/crtbegin.o
                0x0000000020000000                . = ALIGN (0x4)

.bss            0x0000000020000000       0x60 load address 0x0000000008000ba4
                0x0000000020000000                _sbss = .
                0x0000000020000000                __bss_start__ = _sbss
 *(.bss)
 .bss           0x0000000020000000       0x1c a:/ide/stm32cubeide/stm32cubeide/plugins/com.st.stm32cube.ide.mcu.externaltools.gnu-tools-for-stm32.7-2018-q2-update.win32_1.4.0.202007081208/tools/bin/../lib/gcc/arm-none-eabi/7.3.1/thumb/v7-m/crtbegin.o
 *(.bss*)
 .bss.G_UART_CFG
                0x000000002000001c        0x4 MCAL/Stm32f103c6_Uart_Driver.o
                0x000000002000001c                G_UART_CFG
 *(COMMON)
 COMMON         0x0000000020000020       0x3c MCAL/Stm32f103c6_EXTI_Driver.o
                0x0000000020000020                GP_IRQ_CallBack
 COMMON         0x000000002000005c        0x2 Src/main.o
                0x000000002000005c                ch
                0x0000000020000060                . = ALIGN (0x4)
 *fill*         0x000000002000005e        0x2 
                0x0000000020000060                _ebss = .
                0x0000000020000060                __bss_end__ = _ebss

._user_heap_stack
                0x0000000020000060      0x600 load address 0x0000000008000ba4
                0x0000000020000060                . = ALIGN (0x8)
                [!provide]                        PROVIDE (end = .)
                0x0000000020000060                PROVIDE (_end = .)
                0x0000000020000260                . = (. + _Min_Heap_Size)
 *fill*         0x0000000020000060      0x200 
                0x0000000020000660                . = (. + _Min_Stack_Size)
 *fill*         0x0000000020000260      0x400 
                0x0000000020000660                . = ALIGN (0x8)

/DISCARD/
 libc.a(*)
 libm.a(*)
 libgcc.a(*)

.ARM.attributes
                0x0000000000000000       0x29
 *(.ARM.attributes)
 .ARM.attributes
                0x0000000000000000       0x1d a:/ide/stm32cubeide/stm32cubeide/plugins/com.st.stm32cube.ide.mcu.externaltools.gnu-tools-for-stm32.7-2018-q2-update.win32_1.4.0.202007081208/tools/bin/../lib/gcc/arm-none-eabi/7.3.1/thumb/v7-m/crti.o
 .ARM.attributes
                0x000000000000001d       0x2d a:/ide/stm32cubeide/stm32cubeide/plugins/com.st.stm32cube.ide.mcu.externaltools.gnu-tools-for-stm32.7-2018-q2-update.win32_1.4.0.202007081208/tools/bin/../lib/gcc/arm-none-eabi/7.3.1/thumb/v7-m/crtbegin.o
 .ARM.attributes
                0x000000000000004a       0x33 MCAL/Stm32f103c6_EXTI_Driver.o
 .ARM.attributes
                0x000000000000007d       0x33 MCAL/Stm32f103c6_GPIO_Driver.o
 .ARM.attributes
                0x00000000000000b0       0x33 MCAL/Stm32f103c6_RCC_Driver.o
 .ARM.attributes
                0x00000000000000e3       0x33 MCAL/Stm32f103c6_Uart_Driver.o
 .ARM.attributes
                0x0000000000000116       0x33 Src/main.o
 .ARM.attributes
                0x0000000000000149       0x21 Startup/startup_stm32f103c6tx.o
 .ARM.attributes
                0x000000000000016a       0x2d a:/ide/stm32cubeide/stm32cubeide/plugins/com.st.stm32cube.ide.mcu.externaltools.gnu-tools-for-stm32.7-2018-q2-update.win32_1.4.0.202007081208/tools/bin/../lib/gcc/arm-none-eabi/7.3.1/../../../../arm-none-eabi/lib/thumb/v7-m\libc_nano.a(lib_a-init.o)
 .ARM.attributes
                0x0000000000000197       0x1d a:/ide/stm32cubeide/stm32cubeide/plugins/com.st.stm32cube.ide.mcu.externaltools.gnu-tools-for-stm32.7-2018-q2-update.win32_1.4.0.202007081208/tools/bin/../lib/gcc/arm-none-eabi/7.3.1/thumb/v7-m/crtn.o
OUTPUT(Unit8_Lesson_3.elf elf32-littlearm)

.debug_info     0x0000000000000000     0x12e9
 .debug_info    0x0000000000000000      0x4b9 MCAL/Stm32f103c6_EXTI_Driver.o
 .debug_info    0x00000000000004b9      0x49b MCAL/Stm32f103c6_GPIO_Driver.o
 .debug_info    0x0000000000000954      0x1f1 MCAL/Stm32f103c6_RCC_Driver.o
 .debug_info    0x0000000000000b45      0x4c5 MCAL/Stm32f103c6_Uart_Driver.o
 .debug_info    0x000000000000100a      0x2bd Src/main.o
 .debug_info    0x00000000000012c7       0x22 Startup/startup_stm32f103c6tx.o

.debug_abbrev   0x0000000000000000      0x5cf
 .debug_abbrev  0x0000000000000000      0x153 MCAL/Stm32f103c6_EXTI_Driver.o
 .debug_abbrev  0x0000000000000153      0x137 MCAL/Stm32f103c6_GPIO_Driver.o
 .debug_abbrev  0x000000000000028a       0xcc MCAL/Stm32f103c6_RCC_Driver.o
 .debug_abbrev  0x0000000000000356      0x163 MCAL/Stm32f103c6_Uart_Driver.o
 .debug_abbrev  0x00000000000004b9      0x104 Src/main.o
 .debug_abbrev  0x00000000000005bd       0x12 Startup/startup_stm32f103c6tx.o

.debug_loc      0x0000000000000000      0xab0
 .debug_loc     0x0000000000000000      0x320 MCAL/Stm32f103c6_EXTI_Driver.o
 .debug_loc     0x0000000000000320      0x3e8 MCAL/Stm32f103c6_GPIO_Driver.o
 .debug_loc     0x0000000000000708       0xc8 MCAL/Stm32f103c6_RCC_Driver.o
 .debug_loc     0x00000000000007d0      0x238 MCAL/Stm32f103c6_Uart_Driver.o
 .debug_loc     0x0000000000000a08       0xa8 Src/main.o

.debug_aranges  0x0000000000000000      0x1d8
 .debug_aranges
                0x0000000000000000       0x80 MCAL/Stm32f103c6_EXTI_Driver.o
 .debug_aranges
                0x0000000000000080       0x70 MCAL/Stm32f103c6_GPIO_Driver.o
 .debug_aranges
                0x00000000000000f0       0x38 MCAL/Stm32f103c6_RCC_Driver.o
 .debug_aranges
                0x0000000000000128       0x58 MCAL/Stm32f103c6_Uart_Driver.o
 .debug_aranges
                0x0000000000000180       0x30 Src/main.o
 .debug_aranges
                0x00000000000001b0       0x28 Startup/startup_stm32f103c6tx.o

.debug_ranges   0x0000000000000000      0x180
 .debug_ranges  0x0000000000000000       0x70 MCAL/Stm32f103c6_EXTI_Driver.o
 .debug_ranges  0x0000000000000070       0x60 MCAL/Stm32f103c6_GPIO_Driver.o
 .debug_ranges  0x00000000000000d0       0x28 MCAL/Stm32f103c6_RCC_Driver.o
 .debug_ranges  0x00000000000000f8       0x48 MCAL/Stm32f103c6_Uart_Driver.o
 .debug_ranges  0x0000000000000140       0x20 Src/main.o
 .debug_ranges  0x0000000000000160       0x20 Startup/startup_stm32f103c6tx.o

.debug_macro    0x0000000000000000      0x6d8
 .debug_macro   0x0000000000000000       0x9e MCAL/Stm32f103c6_EXTI_Driver.o
 .debug_macro   0x000000000000009e      0x21a MCAL/Stm32f103c6_EXTI_Driver.o
 .debug_macro   0x00000000000002b8       0x85 MCAL/Stm32f103c6_GPIO_Driver.o
 .debug_macro   0x000000000000033d       0x8a MCAL/Stm32f103c6_RCC_Driver.o
 .debug_macro   0x00000000000003c7       0xca MCAL/Stm32f103c6_RCC_Driver.o
 .debug_macro   0x0000000000000491       0x10 MCAL/Stm32f103c6_RCC_Driver.o
 .debug_macro   0x00000000000004a1       0x97 MCAL/Stm32f103c6_Uart_Driver.o
 .debug_macro   0x0000000000000538       0x16 MCAL/Stm32f103c6_Uart_Driver.o
 .debug_macro   0x000000000000054e       0xd0 MCAL/Stm32f103c6_Uart_Driver.o
 .debug_macro   0x000000000000061e       0xba Src/main.o

.debug_line     0x0000000000000000     0x1927
 .debug_line    0x0000000000000000      0x5ae MCAL/Stm32f103c6_EXTI_Driver.o
 .debug_line    0x00000000000005ae      0x512 MCAL/Stm32f103c6_GPIO_Driver.o
 .debug_line    0x0000000000000ac0      0x430 MCAL/Stm32f103c6_RCC_Driver.o
 .debug_line    0x0000000000000ef0      0x544 MCAL/Stm32f103c6_Uart_Driver.o
 .debug_line    0x0000000000001434      0x46f Src/main.o
 .debug_line    0x00000000000018a3       0x84 Startup/startup_stm32f103c6tx.o

.debug_str      0x0000000000000000     0x6ab1
 .debug_str     0x0000000000000000     0x5e79 MCAL/Stm32f103c6_EXTI_Driver.o
                                       0x5ffd (size before relaxing)
 .debug_str     0x0000000000005e79      0x177 MCAL/Stm32f103c6_GPIO_Driver.o
                                       0x4c86 (size before relaxing)
 .debug_str     0x0000000000005ff0       0xee MCAL/Stm32f103c6_RCC_Driver.o
                                       0x4bbd (size before relaxing)
 .debug_str     0x00000000000060de      0x6af MCAL/Stm32f103c6_Uart_Driver.o
                                       0x5252 (size before relaxing)
 .debug_str     0x000000000000678d      0x2f3 Src/main.o
                                       0x53fc (size before relaxing)
 .debug_str     0x0000000000006a80       0x31 Startup/startup_stm32f103c6tx.o
                                         0x5e (size before relaxing)

.comment        0x0000000000000000       0x7b
 .comment       0x0000000000000000       0x7b MCAL/Stm32f103c6_EXTI_Driver.o
                                         0x7c (size before relaxing)
 .comment       0x000000000000007b       0x7c MCAL/Stm32f103c6_GPIO_Driver.o
 .comment       0x000000000000007b       0x7c MCAL/Stm32f103c6_RCC_Driver.o
 .comment       0x000000000000007b       0x7c MCAL/Stm32f103c6_Uart_Driver.o
 .comment       0x000000000000007b       0x7c Src/main.o

.debug_frame    0x0000000000000000      0x5b8
 .debug_frame   0x0000000000000000      0x1b0 MCAL/Stm32f103c6_EXTI_Driver.o
 .debug_frame   0x00000000000001b0      0x1c8 MCAL/Stm32f103c6_GPIO_Driver.o
 .debug_frame   0x0000000000000378       0x84 MCAL/Stm32f103c6_RCC_Driver.o
 .debug_frame   0x00000000000003fc      0x124 MCAL/Stm32f103c6_Uart_Driver.o
 .debug_frame   0x0000000000000520       0x6c Src/main.o
 .debug_frame   0x000000000000058c       0x2c a:/ide/stm32cubeide/stm32cubeide/plugins/com.st.stm32cube.ide.mcu.externaltools.gnu-tools-for-stm32.7-2018-q2-update.win32_1.4.0.202007081208/tools/bin/../lib/gcc/arm-none-eabi/7.3.1/../../../../arm-none-eabi/lib/thumb/v7-m\libc_nano.a(lib_a-init.o)
