Stm32f103c6_EXTI_Driver.c:32:6:Enable_Nvic	16	static
Stm32f103c6_EXTI_Driver.c:70:6:Disable_Nvic	16	static
Stm32f103c6_EXTI_Driver.c:106:6:EXTI_Uptade	56	static
Stm32f103c6_EXTI_Driver.c:177:7:MCAL_EXTI_GPIO_DeInit	4	static
Stm32f103c6_EXTI_Driver.c:206:7:MCAL_EXTI_GPIO_Init	16	static
Stm32f103c6_EXTI_Driver.c:219:6:MCAL_EXTI__GPIO_Uptade	16	static
Stm32f103c6_EXTI_Driver.c:229:6:EXTI0_IRQHandler	8	static
Stm32f103c6_EXTI_Driver.c:237:6:EXTI1_IRQHandler	8	static
Stm32f103c6_EXTI_Driver.c:244:6:EXTI2_IRQHandler	8	static
Stm32f103c6_EXTI_Driver.c:251:6:EXTI3_IRQHandler	8	static
Stm32f103c6_EXTI_Driver.c:259:6:EXTI4_IRQHandler	8	static
Stm32f103c6_EXTI_Driver.c:267:6:EXTI9_5_IRQHandler	8	static
Stm32f103c6_EXTI_Driver.c:275:6:EXTI15_10_IRQHandler	8	static
