Stm32f103c6_EXTI_Driver.c:30:6:Enable_Nvic	16	static
Stm32f103c6_EXTI_Driver.c:68:6:Disable_Nvic	16	static
Stm32f103c6_EXTI_Driver.c:104:6:EXTI_Uptade	56	static
Stm32f103c6_EXTI_Driver.c:175:7:MCAL_EXTI_GPIO_DeInit	4	static
Stm32f103c6_EXTI_Driver.c:204:7:MCAL_EXTI_GPIO_Init	16	static
Stm32f103c6_EXTI_Driver.c:217:6:MCAL_EXTI__GPIO_Uptade	16	static
Stm32f103c6_EXTI_Driver.c:227:6:EXTI0_IRQHandler	8	static
Stm32f103c6_EXTI_Driver.c:235:6:EXTI1_IRQHandler	8	static
Stm32f103c6_EXTI_Driver.c:242:6:EXTI2_IRQHandler	8	static
Stm32f103c6_EXTI_Driver.c:249:6:EXTI3_IRQHandler	8	static
Stm32f103c6_EXTI_Driver.c:257:6:EXTI4_IRQHandler	8	static
Stm32f103c6_EXTI_Driver.c:265:6:EXTI9_5_IRQHandler	8	static
Stm32f103c6_EXTI_Driver.c:273:6:EXTI15_10_IRQHandler	8	static
