Archive member included to satisfy reference by file (symbol)

a:/ide/stm32cubeide/stm32cubeide/plugins/com.st.stm32cube.ide.mcu.externaltools.gnu-tools-for-stm32.7-2018-q2-update.win32_1.4.0.202007081208/tools/bin/../lib/gcc/arm-none-eabi/7.3.1/../../../../arm-none-eabi/lib/thumb/v7-m\libc_nano.a(lib_a-errno.o)
                              Src/syscalls.o (__errno)
a:/ide/stm32cubeide/stm32cubeide/plugins/com.st.stm32cube.ide.mcu.externaltools.gnu-tools-for-stm32.7-2018-q2-update.win32_1.4.0.202007081208/tools/bin/../lib/gcc/arm-none-eabi/7.3.1/../../../../arm-none-eabi/lib/thumb/v7-m\libc_nano.a(lib_a-exit.o)
                              a:/ide/stm32cubeide/stm32cubeide/plugins/com.st.stm32cube.ide.mcu.externaltools.gnu-tools-for-stm32.7-2018-q2-update.win32_1.4.0.202007081208/tools/bin/../lib/gcc/arm-none-eabi/7.3.1/../../../../arm-none-eabi/lib/thumb/v7-m/crt0.o (exit)
a:/ide/stm32cubeide/stm32cubeide/plugins/com.st.stm32cube.ide.mcu.externaltools.gnu-tools-for-stm32.7-2018-q2-update.win32_1.4.0.202007081208/tools/bin/../lib/gcc/arm-none-eabi/7.3.1/../../../../arm-none-eabi/lib/thumb/v7-m\libc_nano.a(lib_a-impure.o)
                              a:/ide/stm32cubeide/stm32cubeide/plugins/com.st.stm32cube.ide.mcu.externaltools.gnu-tools-for-stm32.7-2018-q2-update.win32_1.4.0.202007081208/tools/bin/../lib/gcc/arm-none-eabi/7.3.1/../../../../arm-none-eabi/lib/thumb/v7-m\libc_nano.a(lib_a-exit.o) (_global_impure_ptr)
a:/ide/stm32cubeide/stm32cubeide/plugins/com.st.stm32cube.ide.mcu.externaltools.gnu-tools-for-stm32.7-2018-q2-update.win32_1.4.0.202007081208/tools/bin/../lib/gcc/arm-none-eabi/7.3.1/../../../../arm-none-eabi/lib/thumb/v7-m\libc_nano.a(lib_a-init.o)
                              a:/ide/stm32cubeide/stm32cubeide/plugins/com.st.stm32cube.ide.mcu.externaltools.gnu-tools-for-stm32.7-2018-q2-update.win32_1.4.0.202007081208/tools/bin/../lib/gcc/arm-none-eabi/7.3.1/../../../../arm-none-eabi/lib/thumb/v7-m/crt0.o (__libc_init_array)
a:/ide/stm32cubeide/stm32cubeide/plugins/com.st.stm32cube.ide.mcu.externaltools.gnu-tools-for-stm32.7-2018-q2-update.win32_1.4.0.202007081208/tools/bin/../lib/gcc/arm-none-eabi/7.3.1/../../../../arm-none-eabi/lib/thumb/v7-m\libc_nano.a(lib_a-memset.o)
                              a:/ide/stm32cubeide/stm32cubeide/plugins/com.st.stm32cube.ide.mcu.externaltools.gnu-tools-for-stm32.7-2018-q2-update.win32_1.4.0.202007081208/tools/bin/../lib/gcc/arm-none-eabi/7.3.1/../../../../arm-none-eabi/lib/thumb/v7-m/crt0.o (memset)

Allocating common symbols
Common symbol       size              file

G_SPI_CFG           0x8               Stm32f103c6_Driver/Stm32f103c6_SPI_Driver.o
ch                  0x2               Src/main.o
GP_IRQ_CallBack     0x3c              Stm32f103c6_Driver/Stm32f103c6_EXTI_Driver.o

Discarded input sections

 .text          0x0000000000000000        0x0 a:/ide/stm32cubeide/stm32cubeide/plugins/com.st.stm32cube.ide.mcu.externaltools.gnu-tools-for-stm32.7-2018-q2-update.win32_1.4.0.202007081208/tools/bin/../lib/gcc/arm-none-eabi/7.3.1/thumb/v7-m/crti.o
 .data          0x0000000000000000        0x0 a:/ide/stm32cubeide/stm32cubeide/plugins/com.st.stm32cube.ide.mcu.externaltools.gnu-tools-for-stm32.7-2018-q2-update.win32_1.4.0.202007081208/tools/bin/../lib/gcc/arm-none-eabi/7.3.1/thumb/v7-m/crti.o
 .bss           0x0000000000000000        0x0 a:/ide/stm32cubeide/stm32cubeide/plugins/com.st.stm32cube.ide.mcu.externaltools.gnu-tools-for-stm32.7-2018-q2-update.win32_1.4.0.202007081208/tools/bin/../lib/gcc/arm-none-eabi/7.3.1/thumb/v7-m/crti.o
 .data          0x0000000000000000        0x4 a:/ide/stm32cubeide/stm32cubeide/plugins/com.st.stm32cube.ide.mcu.externaltools.gnu-tools-for-stm32.7-2018-q2-update.win32_1.4.0.202007081208/tools/bin/../lib/gcc/arm-none-eabi/7.3.1/thumb/v7-m/crtbegin.o
 .text          0x0000000000000000       0x74 a:/ide/stm32cubeide/stm32cubeide/plugins/com.st.stm32cube.ide.mcu.externaltools.gnu-tools-for-stm32.7-2018-q2-update.win32_1.4.0.202007081208/tools/bin/../lib/gcc/arm-none-eabi/7.3.1/../../../../arm-none-eabi/lib/thumb/v7-m/crt0.o
 .data          0x0000000000000000        0x0 a:/ide/stm32cubeide/stm32cubeide/plugins/com.st.stm32cube.ide.mcu.externaltools.gnu-tools-for-stm32.7-2018-q2-update.win32_1.4.0.202007081208/tools/bin/../lib/gcc/arm-none-eabi/7.3.1/../../../../arm-none-eabi/lib/thumb/v7-m/crt0.o
 .bss           0x0000000000000000        0x0 a:/ide/stm32cubeide/stm32cubeide/plugins/com.st.stm32cube.ide.mcu.externaltools.gnu-tools-for-stm32.7-2018-q2-update.win32_1.4.0.202007081208/tools/bin/../lib/gcc/arm-none-eabi/7.3.1/../../../../arm-none-eabi/lib/thumb/v7-m/crt0.o
 .ARM.extab     0x0000000000000000        0x0 a:/ide/stm32cubeide/stm32cubeide/plugins/com.st.stm32cube.ide.mcu.externaltools.gnu-tools-for-stm32.7-2018-q2-update.win32_1.4.0.202007081208/tools/bin/../lib/gcc/arm-none-eabi/7.3.1/../../../../arm-none-eabi/lib/thumb/v7-m/crt0.o
 .ARM.exidx     0x0000000000000000        0x8 a:/ide/stm32cubeide/stm32cubeide/plugins/com.st.stm32cube.ide.mcu.externaltools.gnu-tools-for-stm32.7-2018-q2-update.win32_1.4.0.202007081208/tools/bin/../lib/gcc/arm-none-eabi/7.3.1/../../../../arm-none-eabi/lib/thumb/v7-m/crt0.o
 .ARM.attributes
                0x0000000000000000       0x1b a:/ide/stm32cubeide/stm32cubeide/plugins/com.st.stm32cube.ide.mcu.externaltools.gnu-tools-for-stm32.7-2018-q2-update.win32_1.4.0.202007081208/tools/bin/../lib/gcc/arm-none-eabi/7.3.1/../../../../arm-none-eabi/lib/thumb/v7-m/crt0.o
 .group         0x0000000000000000        0xc Src/main.o
 .group         0x0000000000000000        0xc Src/main.o
 .group         0x0000000000000000        0xc Src/main.o
 .group         0x0000000000000000        0xc Src/main.o
 .group         0x0000000000000000        0xc Src/main.o
 .group         0x0000000000000000        0xc Src/main.o
 .group         0x0000000000000000        0xc Src/main.o
 .group         0x0000000000000000        0xc Src/main.o
 .group         0x0000000000000000        0xc Src/main.o
 .group         0x0000000000000000        0xc Src/main.o
 .group         0x0000000000000000        0xc Src/main.o
 .group         0x0000000000000000        0xc Src/main.o
 .group         0x0000000000000000        0xc Src/main.o
 .text          0x0000000000000000        0x0 Src/main.o
 .data          0x0000000000000000        0x0 Src/main.o
 .bss           0x0000000000000000        0x0 Src/main.o
 .group         0x0000000000000000        0xc Src/syscalls.o
 .group         0x0000000000000000        0xc Src/syscalls.o
 .group         0x0000000000000000        0xc Src/syscalls.o
 .group         0x0000000000000000        0xc Src/syscalls.o
 .group         0x0000000000000000        0xc Src/syscalls.o
 .group         0x0000000000000000        0xc Src/syscalls.o
 .group         0x0000000000000000        0xc Src/syscalls.o
 .group         0x0000000000000000        0xc Src/syscalls.o
 .group         0x0000000000000000        0xc Src/syscalls.o
 .group         0x0000000000000000        0xc Src/syscalls.o
 .group         0x0000000000000000        0xc Src/syscalls.o
 .group         0x0000000000000000        0xc Src/syscalls.o
 .group         0x0000000000000000        0xc Src/syscalls.o
 .group         0x0000000000000000        0xc Src/syscalls.o
 .group         0x0000000000000000        0xc Src/syscalls.o
 .group         0x0000000000000000        0xc Src/syscalls.o
 .group         0x0000000000000000        0xc Src/syscalls.o
 .group         0x0000000000000000        0xc Src/syscalls.o
 .group         0x0000000000000000        0xc Src/syscalls.o
 .group         0x0000000000000000        0xc Src/syscalls.o
 .group         0x0000000000000000        0xc Src/syscalls.o
 .group         0x0000000000000000        0xc Src/syscalls.o
 .group         0x0000000000000000        0xc Src/syscalls.o
 .group         0x0000000000000000        0xc Src/syscalls.o
 .group         0x0000000000000000        0xc Src/syscalls.o
 .group         0x0000000000000000        0xc Src/syscalls.o
 .group         0x0000000000000000        0xc Src/syscalls.o
 .group         0x0000000000000000        0xc Src/syscalls.o
 .group         0x0000000000000000        0xc Src/syscalls.o
 .group         0x0000000000000000        0xc Src/syscalls.o
 .group         0x0000000000000000        0xc Src/syscalls.o
 .group         0x0000000000000000        0xc Src/syscalls.o
 .group         0x0000000000000000        0xc Src/syscalls.o
 .group         0x0000000000000000        0xc Src/syscalls.o
 .group         0x0000000000000000        0xc Src/syscalls.o
 .group         0x0000000000000000        0xc Src/syscalls.o
 .group         0x0000000000000000        0xc Src/syscalls.o
 .group         0x0000000000000000        0xc Src/syscalls.o
 .group         0x0000000000000000        0xc Src/syscalls.o
 .group         0x0000000000000000        0xc Src/syscalls.o
 .group         0x0000000000000000        0xc Src/syscalls.o
 .group         0x0000000000000000        0xc Src/syscalls.o
 .group         0x0000000000000000        0xc Src/syscalls.o
 .group         0x0000000000000000        0xc Src/syscalls.o
 .text          0x0000000000000000        0x0 Src/syscalls.o
 .data          0x0000000000000000        0x0 Src/syscalls.o
 .bss           0x0000000000000000        0x0 Src/syscalls.o
 .bss.__env     0x0000000000000000        0x4 Src/syscalls.o
 .data.environ  0x0000000000000000        0x4 Src/syscalls.o
 .text.initialise_monitor_handles
                0x0000000000000000        0xc Src/syscalls.o
 .text._getpid  0x0000000000000000        0xe Src/syscalls.o
 .text._kill    0x0000000000000000       0x20 Src/syscalls.o
 .text._exit    0x0000000000000000       0x14 Src/syscalls.o
 .text._read    0x0000000000000000       0x3a Src/syscalls.o
 .text._write   0x0000000000000000       0x38 Src/syscalls.o
 .text._close   0x0000000000000000       0x16 Src/syscalls.o
 .text._fstat   0x0000000000000000       0x1e Src/syscalls.o
 .text._isatty  0x0000000000000000       0x14 Src/syscalls.o
 .text._lseek   0x0000000000000000       0x18 Src/syscalls.o
 .text._open    0x0000000000000000       0x1a Src/syscalls.o
 .text._wait    0x0000000000000000       0x1e Src/syscalls.o
 .text._unlink  0x0000000000000000       0x1e Src/syscalls.o
 .text._times   0x0000000000000000       0x16 Src/syscalls.o
 .text._stat    0x0000000000000000       0x1e Src/syscalls.o
 .text._link    0x0000000000000000       0x20 Src/syscalls.o
 .text._fork    0x0000000000000000       0x16 Src/syscalls.o
 .text._execve  0x0000000000000000       0x22 Src/syscalls.o
 .debug_info    0x0000000000000000     0x1038 Src/syscalls.o
 .debug_abbrev  0x0000000000000000      0x254 Src/syscalls.o
 .debug_loc     0x0000000000000000      0x5b8 Src/syscalls.o
 .debug_aranges
                0x0000000000000000       0xa8 Src/syscalls.o
 .debug_ranges  0x0000000000000000       0x98 Src/syscalls.o
 .debug_macro   0x0000000000000000      0x243 Src/syscalls.o
 .debug_macro   0x0000000000000000      0xa60 Src/syscalls.o
 .debug_macro   0x0000000000000000       0x22 Src/syscalls.o
 .debug_macro   0x0000000000000000       0x40 Src/syscalls.o
 .debug_macro   0x0000000000000000       0x18 Src/syscalls.o
 .debug_macro   0x0000000000000000       0x94 Src/syscalls.o
 .debug_macro   0x0000000000000000       0x3c Src/syscalls.o
 .debug_macro   0x0000000000000000       0x34 Src/syscalls.o
 .debug_macro   0x0000000000000000       0x57 Src/syscalls.o
 .debug_macro   0x0000000000000000      0x174 Src/syscalls.o
 .debug_macro   0x0000000000000000      0x330 Src/syscalls.o
 .debug_macro   0x0000000000000000       0x52 Src/syscalls.o
 .debug_macro   0x0000000000000000       0x1f Src/syscalls.o
 .debug_macro   0x0000000000000000       0x43 Src/syscalls.o
 .debug_macro   0x0000000000000000       0x20 Src/syscalls.o
 .debug_macro   0x0000000000000000      0x1a3 Src/syscalls.o
 .debug_macro   0x0000000000000000       0x10 Src/syscalls.o
 .debug_macro   0x0000000000000000       0x35 Src/syscalls.o
 .debug_macro   0x0000000000000000       0x10 Src/syscalls.o
 .debug_macro   0x0000000000000000       0x10 Src/syscalls.o
 .debug_macro   0x0000000000000000       0x10 Src/syscalls.o
 .debug_macro   0x0000000000000000       0x6a Src/syscalls.o
 .debug_macro   0x0000000000000000       0x1c Src/syscalls.o
 .debug_macro   0x0000000000000000       0x52 Src/syscalls.o
 .debug_macro   0x0000000000000000       0x40 Src/syscalls.o
 .debug_macro   0x0000000000000000       0x10 Src/syscalls.o
 .debug_macro   0x0000000000000000       0x40 Src/syscalls.o
 .debug_macro   0x0000000000000000       0xd7 Src/syscalls.o
 .debug_macro   0x0000000000000000       0x1c Src/syscalls.o
 .debug_macro   0x0000000000000000       0x3d Src/syscalls.o
 .debug_macro   0x0000000000000000       0x35 Src/syscalls.o
 .debug_macro   0x0000000000000000      0x122 Src/syscalls.o
 .debug_macro   0x0000000000000000       0x16 Src/syscalls.o
 .debug_macro   0x0000000000000000       0x16 Src/syscalls.o
 .debug_macro   0x0000000000000000       0x29 Src/syscalls.o
 .debug_macro   0x0000000000000000       0x10 Src/syscalls.o
 .debug_macro   0x0000000000000000      0x241 Src/syscalls.o
 .debug_macro   0x0000000000000000       0x1c Src/syscalls.o
 .debug_macro   0x0000000000000000       0x10 Src/syscalls.o
 .debug_macro   0x0000000000000000       0x10 Src/syscalls.o
 .debug_macro   0x0000000000000000       0x16 Src/syscalls.o
 .debug_macro   0x0000000000000000      0x145 Src/syscalls.o
 .debug_macro   0x0000000000000000      0x189 Src/syscalls.o
 .debug_macro   0x0000000000000000       0x16 Src/syscalls.o
 .debug_macro   0x0000000000000000       0x88 Src/syscalls.o
 .debug_line    0x0000000000000000      0x720 Src/syscalls.o
 .debug_str     0x0000000000000000     0x8872 Src/syscalls.o
 .comment       0x0000000000000000       0x7c Src/syscalls.o
 .debug_frame   0x0000000000000000      0x2ac Src/syscalls.o
 .ARM.attributes
                0x0000000000000000       0x33 Src/syscalls.o
 .group         0x0000000000000000        0xc Src/sysmem.o
 .group         0x0000000000000000        0xc Src/sysmem.o
 .group         0x0000000000000000        0xc Src/sysmem.o
 .group         0x0000000000000000        0xc Src/sysmem.o
 .group         0x0000000000000000        0xc Src/sysmem.o
 .group         0x0000000000000000        0xc Src/sysmem.o
 .group         0x0000000000000000        0xc Src/sysmem.o
 .group         0x0000000000000000        0xc Src/sysmem.o
 .group         0x0000000000000000        0xc Src/sysmem.o
 .group         0x0000000000000000        0xc Src/sysmem.o
 .group         0x0000000000000000        0xc Src/sysmem.o
 .group         0x0000000000000000        0xc Src/sysmem.o
 .group         0x0000000000000000        0xc Src/sysmem.o
 .group         0x0000000000000000        0xc Src/sysmem.o
 .group         0x0000000000000000        0xc Src/sysmem.o
 .group         0x0000000000000000        0xc Src/sysmem.o
 .group         0x0000000000000000        0xc Src/sysmem.o
 .group         0x0000000000000000        0xc Src/sysmem.o
 .group         0x0000000000000000        0xc Src/sysmem.o
 .text          0x0000000000000000        0x0 Src/sysmem.o
 .data          0x0000000000000000        0x0 Src/sysmem.o
 .bss           0x0000000000000000        0x0 Src/sysmem.o
 .bss.__sbrk_heap_end
                0x0000000000000000        0x4 Src/sysmem.o
 .text._sbrk    0x0000000000000000       0x6c Src/sysmem.o
 .debug_info    0x0000000000000000      0xa7c Src/sysmem.o
 .debug_abbrev  0x0000000000000000      0x18e Src/sysmem.o
 .debug_loc     0x0000000000000000       0x50 Src/sysmem.o
 .debug_aranges
                0x0000000000000000       0x20 Src/sysmem.o
 .debug_ranges  0x0000000000000000       0x10 Src/sysmem.o
 .debug_macro   0x0000000000000000       0xee Src/sysmem.o
 .debug_macro   0x0000000000000000      0xa60 Src/sysmem.o
 .debug_macro   0x0000000000000000       0x10 Src/sysmem.o
 .debug_macro   0x0000000000000000       0x22 Src/sysmem.o
 .debug_macro   0x0000000000000000       0x40 Src/sysmem.o
 .debug_macro   0x0000000000000000       0x18 Src/sysmem.o
 .debug_macro   0x0000000000000000       0x94 Src/sysmem.o
 .debug_macro   0x0000000000000000       0x3c Src/sysmem.o
 .debug_macro   0x0000000000000000       0x34 Src/sysmem.o
 .debug_macro   0x0000000000000000      0x174 Src/sysmem.o
 .debug_macro   0x0000000000000000       0x57 Src/sysmem.o
 .debug_macro   0x0000000000000000       0x52 Src/sysmem.o
 .debug_macro   0x0000000000000000       0x1f Src/sysmem.o
 .debug_macro   0x0000000000000000       0x43 Src/sysmem.o
 .debug_macro   0x0000000000000000       0x20 Src/sysmem.o
 .debug_macro   0x0000000000000000      0x1a3 Src/sysmem.o
 .debug_macro   0x0000000000000000      0x23b Src/sysmem.o
 .debug_macro   0x0000000000000000       0xef Src/sysmem.o
 .debug_macro   0x0000000000000000       0x6a Src/sysmem.o
 .debug_macro   0x0000000000000000      0x1df Src/sysmem.o
 .debug_line    0x0000000000000000      0x4a9 Src/sysmem.o
 .debug_str     0x0000000000000000     0x5f40 Src/sysmem.o
 .comment       0x0000000000000000       0x7c Src/sysmem.o
 .debug_frame   0x0000000000000000       0x34 Src/sysmem.o
 .ARM.attributes
                0x0000000000000000       0x33 Src/sysmem.o
 .text          0x0000000000000000       0x14 Startup/startup_stm32f103c6tx.o
 .data          0x0000000000000000        0x0 Startup/startup_stm32f103c6tx.o
 .bss           0x0000000000000000        0x0 Startup/startup_stm32f103c6tx.o
 .group         0x0000000000000000        0xc Stm32f103c6_Driver/Stm32f103c6_EXTI_Driver.o
 .group         0x0000000000000000        0xc Stm32f103c6_Driver/Stm32f103c6_EXTI_Driver.o
 .group         0x0000000000000000        0xc Stm32f103c6_Driver/Stm32f103c6_EXTI_Driver.o
 .group         0x0000000000000000        0xc Stm32f103c6_Driver/Stm32f103c6_EXTI_Driver.o
 .group         0x0000000000000000        0xc Stm32f103c6_Driver/Stm32f103c6_EXTI_Driver.o
 .group         0x0000000000000000        0xc Stm32f103c6_Driver/Stm32f103c6_EXTI_Driver.o
 .group         0x0000000000000000        0xc Stm32f103c6_Driver/Stm32f103c6_EXTI_Driver.o
 .group         0x0000000000000000        0xc Stm32f103c6_Driver/Stm32f103c6_EXTI_Driver.o
 .group         0x0000000000000000        0xc Stm32f103c6_Driver/Stm32f103c6_EXTI_Driver.o
 .group         0x0000000000000000        0xc Stm32f103c6_Driver/Stm32f103c6_EXTI_Driver.o
 .text          0x0000000000000000        0x0 Stm32f103c6_Driver/Stm32f103c6_EXTI_Driver.o
 .data          0x0000000000000000        0x0 Stm32f103c6_Driver/Stm32f103c6_EXTI_Driver.o
 .bss           0x0000000000000000        0x0 Stm32f103c6_Driver/Stm32f103c6_EXTI_Driver.o
 .text.Enable_Nvic
                0x0000000000000000       0xcc Stm32f103c6_Driver/Stm32f103c6_EXTI_Driver.o
 .text.Disable_Nvic
                0x0000000000000000       0xcc Stm32f103c6_Driver/Stm32f103c6_EXTI_Driver.o
 .text.EXTI_Uptade
                0x0000000000000000      0x1e0 Stm32f103c6_Driver/Stm32f103c6_EXTI_Driver.o
 .text.MCAL_EXTI_GPIO_DeInit
                0x0000000000000000       0x94 Stm32f103c6_Driver/Stm32f103c6_EXTI_Driver.o
 .text.MCAL_EXTI_GPIO_Init
                0x0000000000000000       0x16 Stm32f103c6_Driver/Stm32f103c6_EXTI_Driver.o
 .text.MCAL_EXTI__GPIO_Uptade
                0x0000000000000000       0x16 Stm32f103c6_Driver/Stm32f103c6_EXTI_Driver.o
 .debug_macro   0x0000000000000000      0xa60 Stm32f103c6_Driver/Stm32f103c6_EXTI_Driver.o
 .debug_macro   0x0000000000000000       0x22 Stm32f103c6_Driver/Stm32f103c6_EXTI_Driver.o
 .debug_macro   0x0000000000000000       0x8e Stm32f103c6_Driver/Stm32f103c6_EXTI_Driver.o
 .debug_macro   0x0000000000000000       0x51 Stm32f103c6_Driver/Stm32f103c6_EXTI_Driver.o
 .debug_macro   0x0000000000000000       0xef Stm32f103c6_Driver/Stm32f103c6_EXTI_Driver.o
 .debug_macro   0x0000000000000000       0x6a Stm32f103c6_Driver/Stm32f103c6_EXTI_Driver.o
 .debug_macro   0x0000000000000000      0x1df Stm32f103c6_Driver/Stm32f103c6_EXTI_Driver.o
 .debug_macro   0x0000000000000000      0x284 Stm32f103c6_Driver/Stm32f103c6_EXTI_Driver.o
 .debug_macro   0x0000000000000000       0xc4 Stm32f103c6_Driver/Stm32f103c6_EXTI_Driver.o
 .debug_macro   0x0000000000000000      0x21a Stm32f103c6_Driver/Stm32f103c6_EXTI_Driver.o
 .group         0x0000000000000000        0xc Stm32f103c6_Driver/Stm32f103c6_GPIO_Driver.o
 .group         0x0000000000000000        0xc Stm32f103c6_Driver/Stm32f103c6_GPIO_Driver.o
 .group         0x0000000000000000        0xc Stm32f103c6_Driver/Stm32f103c6_GPIO_Driver.o
 .group         0x0000000000000000        0xc Stm32f103c6_Driver/Stm32f103c6_GPIO_Driver.o
 .group         0x0000000000000000        0xc Stm32f103c6_Driver/Stm32f103c6_GPIO_Driver.o
 .group         0x0000000000000000        0xc Stm32f103c6_Driver/Stm32f103c6_GPIO_Driver.o
 .group         0x0000000000000000        0xc Stm32f103c6_Driver/Stm32f103c6_GPIO_Driver.o
 .group         0x0000000000000000        0xc Stm32f103c6_Driver/Stm32f103c6_GPIO_Driver.o
 .group         0x0000000000000000        0xc Stm32f103c6_Driver/Stm32f103c6_GPIO_Driver.o
 .text          0x0000000000000000        0x0 Stm32f103c6_Driver/Stm32f103c6_GPIO_Driver.o
 .data          0x0000000000000000        0x0 Stm32f103c6_Driver/Stm32f103c6_GPIO_Driver.o
 .bss           0x0000000000000000        0x0 Stm32f103c6_Driver/Stm32f103c6_GPIO_Driver.o
 .text.MCAL_GPIO_Reset_Output_Particular
                0x0000000000000000       0x24 Stm32f103c6_Driver/Stm32f103c6_GPIO_Driver.o
 .text.MCAL_GPIO_Set_Output_Particular
                0x0000000000000000       0x22 Stm32f103c6_Driver/Stm32f103c6_GPIO_Driver.o
 .text.MCAL_GPIO_DEINIT
                0x0000000000000000       0xc8 Stm32f103c6_Driver/Stm32f103c6_GPIO_Driver.o
 .text.MCAL_GPIO_ReadPort
                0x0000000000000000       0x1a Stm32f103c6_Driver/Stm32f103c6_GPIO_Driver.o
 .text.MCAL_GPIO_ReadPin
                0x0000000000000000       0x28 Stm32f103c6_Driver/Stm32f103c6_GPIO_Driver.o
 .text.MCAL_GPIO_WritePort
                0x0000000000000000       0x1c Stm32f103c6_Driver/Stm32f103c6_GPIO_Driver.o
 .text.MCAL_GPIO_TogglePin
                0x0000000000000000       0x22 Stm32f103c6_Driver/Stm32f103c6_GPIO_Driver.o
 .text.MCAL_GPIO_lockPin
                0x0000000000000000       0x54 Stm32f103c6_Driver/Stm32f103c6_GPIO_Driver.o
 .debug_macro   0x0000000000000000      0xa60 Stm32f103c6_Driver/Stm32f103c6_GPIO_Driver.o
 .debug_macro   0x0000000000000000       0x22 Stm32f103c6_Driver/Stm32f103c6_GPIO_Driver.o
 .debug_macro   0x0000000000000000       0x8e Stm32f103c6_Driver/Stm32f103c6_GPIO_Driver.o
 .debug_macro   0x0000000000000000       0x51 Stm32f103c6_Driver/Stm32f103c6_GPIO_Driver.o
 .debug_macro   0x0000000000000000       0xef Stm32f103c6_Driver/Stm32f103c6_GPIO_Driver.o
 .debug_macro   0x0000000000000000       0x6a Stm32f103c6_Driver/Stm32f103c6_GPIO_Driver.o
 .debug_macro   0x0000000000000000      0x1df Stm32f103c6_Driver/Stm32f103c6_GPIO_Driver.o
 .debug_macro   0x0000000000000000      0x284 Stm32f103c6_Driver/Stm32f103c6_GPIO_Driver.o
 .debug_macro   0x0000000000000000       0xc4 Stm32f103c6_Driver/Stm32f103c6_GPIO_Driver.o
 .group         0x0000000000000000        0xc Stm32f103c6_Driver/Stm32f103c6_RCC_Driver.o
 .group         0x0000000000000000        0xc Stm32f103c6_Driver/Stm32f103c6_RCC_Driver.o
 .group         0x0000000000000000        0xc Stm32f103c6_Driver/Stm32f103c6_RCC_Driver.o
 .group         0x0000000000000000        0xc Stm32f103c6_Driver/Stm32f103c6_RCC_Driver.o
 .group         0x0000000000000000        0xc Stm32f103c6_Driver/Stm32f103c6_RCC_Driver.o
 .group         0x0000000000000000        0xc Stm32f103c6_Driver/Stm32f103c6_RCC_Driver.o
 .group         0x0000000000000000        0xc Stm32f103c6_Driver/Stm32f103c6_RCC_Driver.o
 .group         0x0000000000000000        0xc Stm32f103c6_Driver/Stm32f103c6_RCC_Driver.o
 .group         0x0000000000000000        0xc Stm32f103c6_Driver/Stm32f103c6_RCC_Driver.o
 .group         0x0000000000000000        0xc Stm32f103c6_Driver/Stm32f103c6_RCC_Driver.o
 .text          0x0000000000000000        0x0 Stm32f103c6_Driver/Stm32f103c6_RCC_Driver.o
 .data          0x0000000000000000        0x0 Stm32f103c6_Driver/Stm32f103c6_RCC_Driver.o
 .bss           0x0000000000000000        0x0 Stm32f103c6_Driver/Stm32f103c6_RCC_Driver.o
 .rodata.AHBPrescTable
                0x0000000000000000       0x10 Stm32f103c6_Driver/Stm32f103c6_RCC_Driver.o
 .debug_macro   0x0000000000000000      0xa60 Stm32f103c6_Driver/Stm32f103c6_RCC_Driver.o
 .debug_macro   0x0000000000000000       0x22 Stm32f103c6_Driver/Stm32f103c6_RCC_Driver.o
 .debug_macro   0x0000000000000000       0x8e Stm32f103c6_Driver/Stm32f103c6_RCC_Driver.o
 .debug_macro   0x0000000000000000       0x51 Stm32f103c6_Driver/Stm32f103c6_RCC_Driver.o
 .debug_macro   0x0000000000000000       0xef Stm32f103c6_Driver/Stm32f103c6_RCC_Driver.o
 .debug_macro   0x0000000000000000       0x6a Stm32f103c6_Driver/Stm32f103c6_RCC_Driver.o
 .debug_macro   0x0000000000000000      0x1df Stm32f103c6_Driver/Stm32f103c6_RCC_Driver.o
 .debug_macro   0x0000000000000000      0x284 Stm32f103c6_Driver/Stm32f103c6_RCC_Driver.o
 .debug_macro   0x0000000000000000       0xc4 Stm32f103c6_Driver/Stm32f103c6_RCC_Driver.o
 .group         0x0000000000000000        0xc Stm32f103c6_Driver/Stm32f103c6_SPI_Driver.o
 .group         0x0000000000000000        0xc Stm32f103c6_Driver/Stm32f103c6_SPI_Driver.o
 .group         0x0000000000000000        0xc Stm32f103c6_Driver/Stm32f103c6_SPI_Driver.o
 .group         0x0000000000000000        0xc Stm32f103c6_Driver/Stm32f103c6_SPI_Driver.o
 .group         0x0000000000000000        0xc Stm32f103c6_Driver/Stm32f103c6_SPI_Driver.o
 .group         0x0000000000000000        0xc Stm32f103c6_Driver/Stm32f103c6_SPI_Driver.o
 .group         0x0000000000000000        0xc Stm32f103c6_Driver/Stm32f103c6_SPI_Driver.o
 .group         0x0000000000000000        0xc Stm32f103c6_Driver/Stm32f103c6_SPI_Driver.o
 .group         0x0000000000000000        0xc Stm32f103c6_Driver/Stm32f103c6_SPI_Driver.o
 .group         0x0000000000000000        0xc Stm32f103c6_Driver/Stm32f103c6_SPI_Driver.o
 .text          0x0000000000000000        0x0 Stm32f103c6_Driver/Stm32f103c6_SPI_Driver.o
 .data          0x0000000000000000        0x0 Stm32f103c6_Driver/Stm32f103c6_SPI_Driver.o
 .bss           0x0000000000000000        0x0 Stm32f103c6_Driver/Stm32f103c6_SPI_Driver.o
 .text.MCAL_SPI_Deinit
                0x0000000000000000       0x3c Stm32f103c6_Driver/Stm32f103c6_SPI_Driver.o
 .text.MCAL_SPI_Send
                0x0000000000000000       0x38 Stm32f103c6_Driver/Stm32f103c6_SPI_Driver.o
 .text.MCAL_SPI_Receive
                0x0000000000000000       0x36 Stm32f103c6_Driver/Stm32f103c6_SPI_Driver.o
 .debug_macro   0x0000000000000000      0xa60 Stm32f103c6_Driver/Stm32f103c6_SPI_Driver.o
 .debug_macro   0x0000000000000000       0x22 Stm32f103c6_Driver/Stm32f103c6_SPI_Driver.o
 .debug_macro   0x0000000000000000       0x8e Stm32f103c6_Driver/Stm32f103c6_SPI_Driver.o
 .debug_macro   0x0000000000000000       0x51 Stm32f103c6_Driver/Stm32f103c6_SPI_Driver.o
 .debug_macro   0x0000000000000000       0xef Stm32f103c6_Driver/Stm32f103c6_SPI_Driver.o
 .debug_macro   0x0000000000000000       0x6a Stm32f103c6_Driver/Stm32f103c6_SPI_Driver.o
 .debug_macro   0x0000000000000000      0x1df Stm32f103c6_Driver/Stm32f103c6_SPI_Driver.o
 .debug_macro   0x0000000000000000      0x284 Stm32f103c6_Driver/Stm32f103c6_SPI_Driver.o
 .group         0x0000000000000000        0xc Stm32f103c6_Driver/Stm32f103c6_Uart_Driver.o
 .group         0x0000000000000000        0xc Stm32f103c6_Driver/Stm32f103c6_Uart_Driver.o
 .group         0x0000000000000000        0xc Stm32f103c6_Driver/Stm32f103c6_Uart_Driver.o
 .group         0x0000000000000000        0xc Stm32f103c6_Driver/Stm32f103c6_Uart_Driver.o
 .group         0x0000000000000000        0xc Stm32f103c6_Driver/Stm32f103c6_Uart_Driver.o
 .group         0x0000000000000000        0xc Stm32f103c6_Driver/Stm32f103c6_Uart_Driver.o
 .group         0x0000000000000000        0xc Stm32f103c6_Driver/Stm32f103c6_Uart_Driver.o
 .group         0x0000000000000000        0xc Stm32f103c6_Driver/Stm32f103c6_Uart_Driver.o
 .group         0x0000000000000000        0xc Stm32f103c6_Driver/Stm32f103c6_Uart_Driver.o
 .group         0x0000000000000000        0xc Stm32f103c6_Driver/Stm32f103c6_Uart_Driver.o
 .group         0x0000000000000000        0xc Stm32f103c6_Driver/Stm32f103c6_Uart_Driver.o
 .text          0x0000000000000000        0x0 Stm32f103c6_Driver/Stm32f103c6_Uart_Driver.o
 .data          0x0000000000000000        0x0 Stm32f103c6_Driver/Stm32f103c6_Uart_Driver.o
 .bss           0x0000000000000000        0x0 Stm32f103c6_Driver/Stm32f103c6_Uart_Driver.o
 .text.MCAL_UART_DeInit
                0x0000000000000000       0x80 Stm32f103c6_Driver/Stm32f103c6_Uart_Driver.o
 .debug_macro   0x0000000000000000      0xa60 Stm32f103c6_Driver/Stm32f103c6_Uart_Driver.o
 .debug_macro   0x0000000000000000       0x22 Stm32f103c6_Driver/Stm32f103c6_Uart_Driver.o
 .debug_macro   0x0000000000000000       0x8e Stm32f103c6_Driver/Stm32f103c6_Uart_Driver.o
 .debug_macro   0x0000000000000000       0x51 Stm32f103c6_Driver/Stm32f103c6_Uart_Driver.o
 .debug_macro   0x0000000000000000       0xef Stm32f103c6_Driver/Stm32f103c6_Uart_Driver.o
 .debug_macro   0x0000000000000000       0x6a Stm32f103c6_Driver/Stm32f103c6_Uart_Driver.o
 .debug_macro   0x0000000000000000      0x1df Stm32f103c6_Driver/Stm32f103c6_Uart_Driver.o
 .debug_macro   0x0000000000000000      0x284 Stm32f103c6_Driver/Stm32f103c6_Uart_Driver.o
 .debug_macro   0x0000000000000000       0xca Stm32f103c6_Driver/Stm32f103c6_Uart_Driver.o
 .debug_macro   0x0000000000000000       0x10 Stm32f103c6_Driver/Stm32f103c6_Uart_Driver.o
 .text          0x0000000000000000        0x0 a:/ide/stm32cubeide/stm32cubeide/plugins/com.st.stm32cube.ide.mcu.externaltools.gnu-tools-for-stm32.7-2018-q2-update.win32_1.4.0.202007081208/tools/bin/../lib/gcc/arm-none-eabi/7.3.1/../../../../arm-none-eabi/lib/thumb/v7-m\libc_nano.a(lib_a-errno.o)
 .data          0x0000000000000000        0x0 a:/ide/stm32cubeide/stm32cubeide/plugins/com.st.stm32cube.ide.mcu.externaltools.gnu-tools-for-stm32.7-2018-q2-update.win32_1.4.0.202007081208/tools/bin/../lib/gcc/arm-none-eabi/7.3.1/../../../../arm-none-eabi/lib/thumb/v7-m\libc_nano.a(lib_a-errno.o)
 .bss           0x0000000000000000        0x0 a:/ide/stm32cubeide/stm32cubeide/plugins/com.st.stm32cube.ide.mcu.externaltools.gnu-tools-for-stm32.7-2018-q2-update.win32_1.4.0.202007081208/tools/bin/../lib/gcc/arm-none-eabi/7.3.1/../../../../arm-none-eabi/lib/thumb/v7-m\libc_nano.a(lib_a-errno.o)
 .text.__errno  0x0000000000000000        0xc a:/ide/stm32cubeide/stm32cubeide/plugins/com.st.stm32cube.ide.mcu.externaltools.gnu-tools-for-stm32.7-2018-q2-update.win32_1.4.0.202007081208/tools/bin/../lib/gcc/arm-none-eabi/7.3.1/../../../../arm-none-eabi/lib/thumb/v7-m\libc_nano.a(lib_a-errno.o)
 .debug_frame   0x0000000000000000       0x20 a:/ide/stm32cubeide/stm32cubeide/plugins/com.st.stm32cube.ide.mcu.externaltools.gnu-tools-for-stm32.7-2018-q2-update.win32_1.4.0.202007081208/tools/bin/../lib/gcc/arm-none-eabi/7.3.1/../../../../arm-none-eabi/lib/thumb/v7-m\libc_nano.a(lib_a-errno.o)
 .ARM.attributes
                0x0000000000000000       0x2d a:/ide/stm32cubeide/stm32cubeide/plugins/com.st.stm32cube.ide.mcu.externaltools.gnu-tools-for-stm32.7-2018-q2-update.win32_1.4.0.202007081208/tools/bin/../lib/gcc/arm-none-eabi/7.3.1/../../../../arm-none-eabi/lib/thumb/v7-m\libc_nano.a(lib_a-errno.o)
 .text          0x0000000000000000        0x0 a:/ide/stm32cubeide/stm32cubeide/plugins/com.st.stm32cube.ide.mcu.externaltools.gnu-tools-for-stm32.7-2018-q2-update.win32_1.4.0.202007081208/tools/bin/../lib/gcc/arm-none-eabi/7.3.1/../../../../arm-none-eabi/lib/thumb/v7-m\libc_nano.a(lib_a-exit.o)
 .data          0x0000000000000000        0x0 a:/ide/stm32cubeide/stm32cubeide/plugins/com.st.stm32cube.ide.mcu.externaltools.gnu-tools-for-stm32.7-2018-q2-update.win32_1.4.0.202007081208/tools/bin/../lib/gcc/arm-none-eabi/7.3.1/../../../../arm-none-eabi/lib/thumb/v7-m\libc_nano.a(lib_a-exit.o)
 .bss           0x0000000000000000        0x0 a:/ide/stm32cubeide/stm32cubeide/plugins/com.st.stm32cube.ide.mcu.externaltools.gnu-tools-for-stm32.7-2018-q2-update.win32_1.4.0.202007081208/tools/bin/../lib/gcc/arm-none-eabi/7.3.1/../../../../arm-none-eabi/lib/thumb/v7-m\libc_nano.a(lib_a-exit.o)
 .text.exit     0x0000000000000000       0x28 a:/ide/stm32cubeide/stm32cubeide/plugins/com.st.stm32cube.ide.mcu.externaltools.gnu-tools-for-stm32.7-2018-q2-update.win32_1.4.0.202007081208/tools/bin/../lib/gcc/arm-none-eabi/7.3.1/../../../../arm-none-eabi/lib/thumb/v7-m\libc_nano.a(lib_a-exit.o)
 .debug_frame   0x0000000000000000       0x28 a:/ide/stm32cubeide/stm32cubeide/plugins/com.st.stm32cube.ide.mcu.externaltools.gnu-tools-for-stm32.7-2018-q2-update.win32_1.4.0.202007081208/tools/bin/../lib/gcc/arm-none-eabi/7.3.1/../../../../arm-none-eabi/lib/thumb/v7-m\libc_nano.a(lib_a-exit.o)
 .ARM.attributes
                0x0000000000000000       0x2d a:/ide/stm32cubeide/stm32cubeide/plugins/com.st.stm32cube.ide.mcu.externaltools.gnu-tools-for-stm32.7-2018-q2-update.win32_1.4.0.202007081208/tools/bin/../lib/gcc/arm-none-eabi/7.3.1/../../../../arm-none-eabi/lib/thumb/v7-m\libc_nano.a(lib_a-exit.o)
 .text          0x0000000000000000        0x0 a:/ide/stm32cubeide/stm32cubeide/plugins/com.st.stm32cube.ide.mcu.externaltools.gnu-tools-for-stm32.7-2018-q2-update.win32_1.4.0.202007081208/tools/bin/../lib/gcc/arm-none-eabi/7.3.1/../../../../arm-none-eabi/lib/thumb/v7-m\libc_nano.a(lib_a-impure.o)
 .data          0x0000000000000000        0x0 a:/ide/stm32cubeide/stm32cubeide/plugins/com.st.stm32cube.ide.mcu.externaltools.gnu-tools-for-stm32.7-2018-q2-update.win32_1.4.0.202007081208/tools/bin/../lib/gcc/arm-none-eabi/7.3.1/../../../../arm-none-eabi/lib/thumb/v7-m\libc_nano.a(lib_a-impure.o)
 .bss           0x0000000000000000        0x0 a:/ide/stm32cubeide/stm32cubeide/plugins/com.st.stm32cube.ide.mcu.externaltools.gnu-tools-for-stm32.7-2018-q2-update.win32_1.4.0.202007081208/tools/bin/../lib/gcc/arm-none-eabi/7.3.1/../../../../arm-none-eabi/lib/thumb/v7-m\libc_nano.a(lib_a-impure.o)
 .data._impure_ptr
                0x0000000000000000        0x4 a:/ide/stm32cubeide/stm32cubeide/plugins/com.st.stm32cube.ide.mcu.externaltools.gnu-tools-for-stm32.7-2018-q2-update.win32_1.4.0.202007081208/tools/bin/../lib/gcc/arm-none-eabi/7.3.1/../../../../arm-none-eabi/lib/thumb/v7-m\libc_nano.a(lib_a-impure.o)
 .data.impure_data
                0x0000000000000000       0x60 a:/ide/stm32cubeide/stm32cubeide/plugins/com.st.stm32cube.ide.mcu.externaltools.gnu-tools-for-stm32.7-2018-q2-update.win32_1.4.0.202007081208/tools/bin/../lib/gcc/arm-none-eabi/7.3.1/../../../../arm-none-eabi/lib/thumb/v7-m\libc_nano.a(lib_a-impure.o)
 .rodata._global_impure_ptr
                0x0000000000000000        0x4 a:/ide/stm32cubeide/stm32cubeide/plugins/com.st.stm32cube.ide.mcu.externaltools.gnu-tools-for-stm32.7-2018-q2-update.win32_1.4.0.202007081208/tools/bin/../lib/gcc/arm-none-eabi/7.3.1/../../../../arm-none-eabi/lib/thumb/v7-m\libc_nano.a(lib_a-impure.o)
 .ARM.attributes
                0x0000000000000000       0x2d a:/ide/stm32cubeide/stm32cubeide/plugins/com.st.stm32cube.ide.mcu.externaltools.gnu-tools-for-stm32.7-2018-q2-update.win32_1.4.0.202007081208/tools/bin/../lib/gcc/arm-none-eabi/7.3.1/../../../../arm-none-eabi/lib/thumb/v7-m\libc_nano.a(lib_a-impure.o)
 .text          0x0000000000000000        0x0 a:/ide/stm32cubeide/stm32cubeide/plugins/com.st.stm32cube.ide.mcu.externaltools.gnu-tools-for-stm32.7-2018-q2-update.win32_1.4.0.202007081208/tools/bin/../lib/gcc/arm-none-eabi/7.3.1/../../../../arm-none-eabi/lib/thumb/v7-m\libc_nano.a(lib_a-init.o)
 .data          0x0000000000000000        0x0 a:/ide/stm32cubeide/stm32cubeide/plugins/com.st.stm32cube.ide.mcu.externaltools.gnu-tools-for-stm32.7-2018-q2-update.win32_1.4.0.202007081208/tools/bin/../lib/gcc/arm-none-eabi/7.3.1/../../../../arm-none-eabi/lib/thumb/v7-m\libc_nano.a(lib_a-init.o)
 .bss           0x0000000000000000        0x0 a:/ide/stm32cubeide/stm32cubeide/plugins/com.st.stm32cube.ide.mcu.externaltools.gnu-tools-for-stm32.7-2018-q2-update.win32_1.4.0.202007081208/tools/bin/../lib/gcc/arm-none-eabi/7.3.1/../../../../arm-none-eabi/lib/thumb/v7-m\libc_nano.a(lib_a-init.o)
 .text          0x0000000000000000        0x0 a:/ide/stm32cubeide/stm32cubeide/plugins/com.st.stm32cube.ide.mcu.externaltools.gnu-tools-for-stm32.7-2018-q2-update.win32_1.4.0.202007081208/tools/bin/../lib/gcc/arm-none-eabi/7.3.1/../../../../arm-none-eabi/lib/thumb/v7-m\libc_nano.a(lib_a-memset.o)
 .data          0x0000000000000000        0x0 a:/ide/stm32cubeide/stm32cubeide/plugins/com.st.stm32cube.ide.mcu.externaltools.gnu-tools-for-stm32.7-2018-q2-update.win32_1.4.0.202007081208/tools/bin/../lib/gcc/arm-none-eabi/7.3.1/../../../../arm-none-eabi/lib/thumb/v7-m\libc_nano.a(lib_a-memset.o)
 .bss           0x0000000000000000        0x0 a:/ide/stm32cubeide/stm32cubeide/plugins/com.st.stm32cube.ide.mcu.externaltools.gnu-tools-for-stm32.7-2018-q2-update.win32_1.4.0.202007081208/tools/bin/../lib/gcc/arm-none-eabi/7.3.1/../../../../arm-none-eabi/lib/thumb/v7-m\libc_nano.a(lib_a-memset.o)
 .text.memset   0x0000000000000000       0x10 a:/ide/stm32cubeide/stm32cubeide/plugins/com.st.stm32cube.ide.mcu.externaltools.gnu-tools-for-stm32.7-2018-q2-update.win32_1.4.0.202007081208/tools/bin/../lib/gcc/arm-none-eabi/7.3.1/../../../../arm-none-eabi/lib/thumb/v7-m\libc_nano.a(lib_a-memset.o)
 .debug_frame   0x0000000000000000       0x20 a:/ide/stm32cubeide/stm32cubeide/plugins/com.st.stm32cube.ide.mcu.externaltools.gnu-tools-for-stm32.7-2018-q2-update.win32_1.4.0.202007081208/tools/bin/../lib/gcc/arm-none-eabi/7.3.1/../../../../arm-none-eabi/lib/thumb/v7-m\libc_nano.a(lib_a-memset.o)
 .ARM.attributes
                0x0000000000000000       0x2d a:/ide/stm32cubeide/stm32cubeide/plugins/com.st.stm32cube.ide.mcu.externaltools.gnu-tools-for-stm32.7-2018-q2-update.win32_1.4.0.202007081208/tools/bin/../lib/gcc/arm-none-eabi/7.3.1/../../../../arm-none-eabi/lib/thumb/v7-m\libc_nano.a(lib_a-memset.o)
 .text          0x0000000000000000        0x0 a:/ide/stm32cubeide/stm32cubeide/plugins/com.st.stm32cube.ide.mcu.externaltools.gnu-tools-for-stm32.7-2018-q2-update.win32_1.4.0.202007081208/tools/bin/../lib/gcc/arm-none-eabi/7.3.1/thumb/v7-m/crtend.o
 .data          0x0000000000000000        0x0 a:/ide/stm32cubeide/stm32cubeide/plugins/com.st.stm32cube.ide.mcu.externaltools.gnu-tools-for-stm32.7-2018-q2-update.win32_1.4.0.202007081208/tools/bin/../lib/gcc/arm-none-eabi/7.3.1/thumb/v7-m/crtend.o
 .bss           0x0000000000000000        0x0 a:/ide/stm32cubeide/stm32cubeide/plugins/com.st.stm32cube.ide.mcu.externaltools.gnu-tools-for-stm32.7-2018-q2-update.win32_1.4.0.202007081208/tools/bin/../lib/gcc/arm-none-eabi/7.3.1/thumb/v7-m/crtend.o
 .eh_frame      0x0000000000000000        0x4 a:/ide/stm32cubeide/stm32cubeide/plugins/com.st.stm32cube.ide.mcu.externaltools.gnu-tools-for-stm32.7-2018-q2-update.win32_1.4.0.202007081208/tools/bin/../lib/gcc/arm-none-eabi/7.3.1/thumb/v7-m/crtend.o
 .ARM.attributes
                0x0000000000000000       0x2d a:/ide/stm32cubeide/stm32cubeide/plugins/com.st.stm32cube.ide.mcu.externaltools.gnu-tools-for-stm32.7-2018-q2-update.win32_1.4.0.202007081208/tools/bin/../lib/gcc/arm-none-eabi/7.3.1/thumb/v7-m/crtend.o
 .text          0x0000000000000000        0x0 a:/ide/stm32cubeide/stm32cubeide/plugins/com.st.stm32cube.ide.mcu.externaltools.gnu-tools-for-stm32.7-2018-q2-update.win32_1.4.0.202007081208/tools/bin/../lib/gcc/arm-none-eabi/7.3.1/thumb/v7-m/crtn.o
 .data          0x0000000000000000        0x0 a:/ide/stm32cubeide/stm32cubeide/plugins/com.st.stm32cube.ide.mcu.externaltools.gnu-tools-for-stm32.7-2018-q2-update.win32_1.4.0.202007081208/tools/bin/../lib/gcc/arm-none-eabi/7.3.1/thumb/v7-m/crtn.o
 .bss           0x0000000000000000        0x0 a:/ide/stm32cubeide/stm32cubeide/plugins/com.st.stm32cube.ide.mcu.externaltools.gnu-tools-for-stm32.7-2018-q2-update.win32_1.4.0.202007081208/tools/bin/../lib/gcc/arm-none-eabi/7.3.1/thumb/v7-m/crtn.o

Memory Configuration

Name             Origin             Length             Attributes
RAM              0x0000000020000000 0x0000000000002800 xrw
ROM              0x0000000008000000 0x0000000000008000 xr
*default*        0x0000000000000000 0xffffffffffffffff

Linker script and memory map

LOAD a:/ide/stm32cubeide/stm32cubeide/plugins/com.st.stm32cube.ide.mcu.externaltools.gnu-tools-for-stm32.7-2018-q2-update.win32_1.4.0.202007081208/tools/bin/../lib/gcc/arm-none-eabi/7.3.1/thumb/v7-m/crti.o
LOAD a:/ide/stm32cubeide/stm32cubeide/plugins/com.st.stm32cube.ide.mcu.externaltools.gnu-tools-for-stm32.7-2018-q2-update.win32_1.4.0.202007081208/tools/bin/../lib/gcc/arm-none-eabi/7.3.1/thumb/v7-m/crtbegin.o
LOAD a:/ide/stm32cubeide/stm32cubeide/plugins/com.st.stm32cube.ide.mcu.externaltools.gnu-tools-for-stm32.7-2018-q2-update.win32_1.4.0.202007081208/tools/bin/../lib/gcc/arm-none-eabi/7.3.1/../../../../arm-none-eabi/lib/thumb/v7-m/crt0.o
LOAD Src/main.o
LOAD Src/syscalls.o
LOAD Src/sysmem.o
LOAD Startup/startup_stm32f103c6tx.o
LOAD Stm32f103c6_Driver/Stm32f103c6_EXTI_Driver.o
LOAD Stm32f103c6_Driver/Stm32f103c6_GPIO_Driver.o
LOAD Stm32f103c6_Driver/Stm32f103c6_RCC_Driver.o
LOAD Stm32f103c6_Driver/Stm32f103c6_SPI_Driver.o
LOAD Stm32f103c6_Driver/Stm32f103c6_Uart_Driver.o
START GROUP
LOAD a:/ide/stm32cubeide/stm32cubeide/plugins/com.st.stm32cube.ide.mcu.externaltools.gnu-tools-for-stm32.7-2018-q2-update.win32_1.4.0.202007081208/tools/bin/../lib/gcc/arm-none-eabi/7.3.1/../../../../arm-none-eabi/lib/thumb/v7-m\libc_nano.a
LOAD a:/ide/stm32cubeide/stm32cubeide/plugins/com.st.stm32cube.ide.mcu.externaltools.gnu-tools-for-stm32.7-2018-q2-update.win32_1.4.0.202007081208/tools/bin/../lib/gcc/arm-none-eabi/7.3.1/../../../../arm-none-eabi/lib/thumb/v7-m\libm.a
END GROUP
START GROUP
LOAD a:/ide/stm32cubeide/stm32cubeide/plugins/com.st.stm32cube.ide.mcu.externaltools.gnu-tools-for-stm32.7-2018-q2-update.win32_1.4.0.202007081208/tools/bin/../lib/gcc/arm-none-eabi/7.3.1/thumb/v7-m\libgcc.a
LOAD a:/ide/stm32cubeide/stm32cubeide/plugins/com.st.stm32cube.ide.mcu.externaltools.gnu-tools-for-stm32.7-2018-q2-update.win32_1.4.0.202007081208/tools/bin/../lib/gcc/arm-none-eabi/7.3.1/../../../../arm-none-eabi/lib/thumb/v7-m\libg_nano.a
LOAD a:/ide/stm32cubeide/stm32cubeide/plugins/com.st.stm32cube.ide.mcu.externaltools.gnu-tools-for-stm32.7-2018-q2-update.win32_1.4.0.202007081208/tools/bin/../lib/gcc/arm-none-eabi/7.3.1/../../../../arm-none-eabi/lib/thumb/v7-m\libc_nano.a
END GROUP
START GROUP
LOAD a:/ide/stm32cubeide/stm32cubeide/plugins/com.st.stm32cube.ide.mcu.externaltools.gnu-tools-for-stm32.7-2018-q2-update.win32_1.4.0.202007081208/tools/bin/../lib/gcc/arm-none-eabi/7.3.1/thumb/v7-m\libgcc.a
LOAD a:/ide/stm32cubeide/stm32cubeide/plugins/com.st.stm32cube.ide.mcu.externaltools.gnu-tools-for-stm32.7-2018-q2-update.win32_1.4.0.202007081208/tools/bin/../lib/gcc/arm-none-eabi/7.3.1/../../../../arm-none-eabi/lib/thumb/v7-m\libc_nano.a
LOAD a:/ide/stm32cubeide/stm32cubeide/plugins/com.st.stm32cube.ide.mcu.externaltools.gnu-tools-for-stm32.7-2018-q2-update.win32_1.4.0.202007081208/tools/bin/../lib/gcc/arm-none-eabi/7.3.1/../../../../arm-none-eabi/lib/thumb/v7-m\libnosys.a
END GROUP
START GROUP
LOAD a:/ide/stm32cubeide/stm32cubeide/plugins/com.st.stm32cube.ide.mcu.externaltools.gnu-tools-for-stm32.7-2018-q2-update.win32_1.4.0.202007081208/tools/bin/../lib/gcc/arm-none-eabi/7.3.1/thumb/v7-m\libgcc.a
LOAD a:/ide/stm32cubeide/stm32cubeide/plugins/com.st.stm32cube.ide.mcu.externaltools.gnu-tools-for-stm32.7-2018-q2-update.win32_1.4.0.202007081208/tools/bin/../lib/gcc/arm-none-eabi/7.3.1/../../../../arm-none-eabi/lib/thumb/v7-m\libc_nano.a
LOAD a:/ide/stm32cubeide/stm32cubeide/plugins/com.st.stm32cube.ide.mcu.externaltools.gnu-tools-for-stm32.7-2018-q2-update.win32_1.4.0.202007081208/tools/bin/../lib/gcc/arm-none-eabi/7.3.1/../../../../arm-none-eabi/lib/thumb/v7-m\libnosys.a
END GROUP
LOAD a:/ide/stm32cubeide/stm32cubeide/plugins/com.st.stm32cube.ide.mcu.externaltools.gnu-tools-for-stm32.7-2018-q2-update.win32_1.4.0.202007081208/tools/bin/../lib/gcc/arm-none-eabi/7.3.1/thumb/v7-m/crtend.o
LOAD a:/ide/stm32cubeide/stm32cubeide/plugins/com.st.stm32cube.ide.mcu.externaltools.gnu-tools-for-stm32.7-2018-q2-update.win32_1.4.0.202007081208/tools/bin/../lib/gcc/arm-none-eabi/7.3.1/thumb/v7-m/crtn.o
                0x0000000020002800                _estack = (ORIGIN (RAM) + LENGTH (RAM))
                0x0000000000000200                _Min_Heap_Size = 0x200
                0x0000000000000400                _Min_Stack_Size = 0x400

.isr_vector     0x0000000008000000      0x130
                0x0000000008000000                . = ALIGN (0x4)
 *(.isr_vector)
 .isr_vector    0x0000000008000000      0x130 Startup/startup_stm32f103c6tx.o
                0x0000000008000000                g_pfnVectors
                0x0000000008000130                . = ALIGN (0x4)

.text           0x0000000008000130      0xf70
                0x0000000008000130                . = ALIGN (0x4)
 *(.text)
 .text          0x0000000008000130       0x40 a:/ide/stm32cubeide/stm32cubeide/plugins/com.st.stm32cube.ide.mcu.externaltools.gnu-tools-for-stm32.7-2018-q2-update.win32_1.4.0.202007081208/tools/bin/../lib/gcc/arm-none-eabi/7.3.1/thumb/v7-m/crtbegin.o
 *(.text*)
 .text.Uart_CallBack
                0x0000000008000170       0x4c Src/main.o
                0x0000000008000170                Uart_CallBack
 .text.Clock_Init
                0x00000000080001bc       0x70 Src/main.o
                0x00000000080001bc                Clock_Init
 .text.main     0x000000000800022c       0xbc Src/main.o
                0x000000000800022c                main
 .text.Reset_Handler
                0x00000000080002e8       0x50 Startup/startup_stm32f103c6tx.o
                0x00000000080002e8                Reset_Handler
 .text.Default_Handler
                0x0000000008000338        0x2 Startup/startup_stm32f103c6tx.o
                0x0000000008000338                TIM8_TRG_COM_IRQHandler
                0x0000000008000338                TIM8_CC_IRQHandler
                0x0000000008000338                DebugMon_Handler
                0x0000000008000338                TIM1_CC_IRQHandler
                0x0000000008000338                HardFault_Handler
                0x0000000008000338                TIM6_IRQHandler
                0x0000000008000338                SysTick_Handler
                0x0000000008000338                PVD_IRQHandler
                0x0000000008000338                SDIO_IRQHandler
                0x0000000008000338                PendSV_Handler
                0x0000000008000338                NMI_Handler
                0x0000000008000338                USB_HP_CAN_TX_IRQHandler
                0x0000000008000338                I2C2_EV_IRQHandler
                0x0000000008000338                UsageFault_Handler
                0x0000000008000338                ADC1_2_IRQHandler
                0x0000000008000338                CAN_SCE_IRQHandler
                0x0000000008000338                TAMPER_IRQHandler
                0x0000000008000338                TIM8_UP_IRQHandler
                0x0000000008000338                DMA2_Channel2_IRQHandler
                0x0000000008000338                DMA1_Channel4_IRQHandler
                0x0000000008000338                RTC_IRQHandler
                0x0000000008000338                DMA1_Channel7_IRQHandler
                0x0000000008000338                UART5_IRQHandler
                0x0000000008000338                ADC3_IRQHandler
                0x0000000008000338                TIM4_IRQHandler
                0x0000000008000338                CAN_RX1_IRQHandler
                0x0000000008000338                DMA2_Channel1_IRQHandler
                0x0000000008000338                I2C1_EV_IRQHandler
                0x0000000008000338                DMA1_Channel6_IRQHandler
                0x0000000008000338                UART4_IRQHandler
                0x0000000008000338                TIM3_IRQHandler
                0x0000000008000338                RCC_IRQHandler
                0x0000000008000338                TIM1_TRG_COM_IRQHandler
                0x0000000008000338                DMA1_Channel1_IRQHandler
                0x0000000008000338                Default_Handler
                0x0000000008000338                TIM7_IRQHandler
                0x0000000008000338                TIM5_IRQHandler
                0x0000000008000338                USB_LP_CAN_RX0_IRQHandler
                0x0000000008000338                MemManage_Handler
                0x0000000008000338                SVC_Handler
                0x0000000008000338                DMA1_Channel5_IRQHandler
                0x0000000008000338                DMA1_Channel3_IRQHandler
                0x0000000008000338                FSMC_IRQHandler
                0x0000000008000338                TIM1_UP_IRQHandler
                0x0000000008000338                WWDG_IRQHandler
                0x0000000008000338                TIM2_IRQHandler
                0x0000000008000338                TIM1_BRK_IRQHandler
                0x0000000008000338                RTCAlarm_IRQHandler
                0x0000000008000338                DMA2_Channel4_5_IRQHandler
                0x0000000008000338                I2C2_ER_IRQHandler
                0x0000000008000338                DMA1_Channel2_IRQHandler
                0x0000000008000338                TIM8_BRK_IRQHandler
                0x0000000008000338                FLASH_IRQHandler
                0x0000000008000338                BusFault_Handler
                0x0000000008000338                SPI3_IRQHandler
                0x0000000008000338                I2C1_ER_IRQHandler
                0x0000000008000338                DMA2_Channel3_IRQHandler
 *fill*         0x000000000800033a        0x2 
 .text.EXTI0_IRQHandler
                0x000000000800033c       0x24 Stm32f103c6_Driver/Stm32f103c6_EXTI_Driver.o
                0x000000000800033c                EXTI0_IRQHandler
 .text.EXTI1_IRQHandler
                0x0000000008000360       0x24 Stm32f103c6_Driver/Stm32f103c6_EXTI_Driver.o
                0x0000000008000360                EXTI1_IRQHandler
 .text.EXTI2_IRQHandler
                0x0000000008000384       0x24 Stm32f103c6_Driver/Stm32f103c6_EXTI_Driver.o
                0x0000000008000384                EXTI2_IRQHandler
 .text.EXTI3_IRQHandler
                0x00000000080003a8       0x24 Stm32f103c6_Driver/Stm32f103c6_EXTI_Driver.o
                0x00000000080003a8                EXTI3_IRQHandler
 .text.EXTI4_IRQHandler
                0x00000000080003cc       0x24 Stm32f103c6_Driver/Stm32f103c6_EXTI_Driver.o
                0x00000000080003cc                EXTI4_IRQHandler
 .text.EXTI9_5_IRQHandler
                0x00000000080003f0       0xa8 Stm32f103c6_Driver/Stm32f103c6_EXTI_Driver.o
                0x00000000080003f0                EXTI9_5_IRQHandler
 .text.EXTI15_10_IRQHandler
                0x0000000008000498       0xc4 Stm32f103c6_Driver/Stm32f103c6_EXTI_Driver.o
                0x0000000008000498                EXTI15_10_IRQHandler
 .text.Get_Pin_Bit_Position
                0x000000000800055c       0xca Stm32f103c6_Driver/Stm32f103c6_GPIO_Driver.o
                0x000000000800055c                Get_Pin_Bit_Position
 .text.MCAL_GPIO_INIT
                0x0000000008000626       0xf2 Stm32f103c6_Driver/Stm32f103c6_GPIO_Driver.o
                0x0000000008000626                MCAL_GPIO_INIT
 .text.MCAL_GPIO_WritePin
                0x0000000008000718       0x2e Stm32f103c6_Driver/Stm32f103c6_GPIO_Driver.o
                0x0000000008000718                MCAL_GPIO_WritePin
 *fill*         0x0000000008000746        0x2 
 .text.MCAL_RCC_GetSYS_CLCKFreq
                0x0000000008000748       0x40 Stm32f103c6_Driver/Stm32f103c6_RCC_Driver.o
                0x0000000008000748                MCAL_RCC_GetSYS_CLCKFreq
 .text.MCAL_RCC_GetHCLKFreq
                0x0000000008000788       0x28 Stm32f103c6_Driver/Stm32f103c6_RCC_Driver.o
                0x0000000008000788                MCAL_RCC_GetHCLKFreq
 .text.MCAL_RCC_GetPCLK1Freq
                0x00000000080007b0       0x28 Stm32f103c6_Driver/Stm32f103c6_RCC_Driver.o
                0x00000000080007b0                MCAL_RCC_GetPCLK1Freq
 .text.MCAL_RCC_GetPCLK2Freq
                0x00000000080007d8       0x28 Stm32f103c6_Driver/Stm32f103c6_RCC_Driver.o
                0x00000000080007d8                MCAL_RCC_GetPCLK2Freq
 .text.MCAL_SPI_Init
                0x0000000008000800      0x128 Stm32f103c6_Driver/Stm32f103c6_SPI_Driver.o
                0x0000000008000800                MCAL_SPI_Init
 .text.MCAL_SPI_Set_Pin
                0x0000000008000928      0x218 Stm32f103c6_Driver/Stm32f103c6_SPI_Driver.o
                0x0000000008000928                MCAL_SPI_Set_Pin
 .text.MCAL_SPI_TX_RX
                0x0000000008000b40       0x56 Stm32f103c6_Driver/Stm32f103c6_SPI_Driver.o
                0x0000000008000b40                MCAL_SPI_TX_RX
 *fill*         0x0000000008000b96        0x2 
 .text.SPI1_IRQHandler
                0x0000000008000b98       0x48 Stm32f103c6_Driver/Stm32f103c6_SPI_Driver.o
                0x0000000008000b98                SPI1_IRQHandler
 .text.SPI2_IRQHandler
                0x0000000008000be0       0x48 Stm32f103c6_Driver/Stm32f103c6_SPI_Driver.o
                0x0000000008000be0                SPI2_IRQHandler
 .text.MCAL_UART_Init
                0x0000000008000c28      0x17c Stm32f103c6_Driver/Stm32f103c6_Uart_Driver.o
                0x0000000008000c28                MCAL_UART_Init
 .text.MCAL_UART_GPIO_Set_Pins
                0x0000000008000da4      0x1cc Stm32f103c6_Driver/Stm32f103c6_Uart_Driver.o
                0x0000000008000da4                MCAL_UART_GPIO_Set_Pins
 .text.MCAL_UART_SendData
                0x0000000008000f70       0x36 Stm32f103c6_Driver/Stm32f103c6_Uart_Driver.o
                0x0000000008000f70                MCAL_UART_SendData
 *fill*         0x0000000008000fa6        0x2 
 .text.MCAL_UART_ReceiveData
                0x0000000008000fa8       0x5c Stm32f103c6_Driver/Stm32f103c6_Uart_Driver.o
                0x0000000008000fa8                MCAL_UART_ReceiveData
 .text.USART1_IRQHandler
                0x0000000008001004       0x14 Stm32f103c6_Driver/Stm32f103c6_Uart_Driver.o
                0x0000000008001004                USART1_IRQHandler
 .text.USART2_IRQHandler
                0x0000000008001018       0x14 Stm32f103c6_Driver/Stm32f103c6_Uart_Driver.o
                0x0000000008001018                USART2_IRQHandler
 .text.USART3_IRQHandler
                0x000000000800102c       0x14 Stm32f103c6_Driver/Stm32f103c6_Uart_Driver.o
                0x000000000800102c                USART3_IRQHandler
 .text.__libc_init_array
                0x0000000008001040       0x48 a:/ide/stm32cubeide/stm32cubeide/plugins/com.st.stm32cube.ide.mcu.externaltools.gnu-tools-for-stm32.7-2018-q2-update.win32_1.4.0.202007081208/tools/bin/../lib/gcc/arm-none-eabi/7.3.1/../../../../arm-none-eabi/lib/thumb/v7-m\libc_nano.a(lib_a-init.o)
                0x0000000008001040                __libc_init_array
 *(.glue_7)
 .glue_7        0x0000000008001088        0x0 linker stubs
 *(.glue_7t)
 .glue_7t       0x0000000008001088        0x0 linker stubs
 *(.eh_frame)
 .eh_frame      0x0000000008001088        0x0 a:/ide/stm32cubeide/stm32cubeide/plugins/com.st.stm32cube.ide.mcu.externaltools.gnu-tools-for-stm32.7-2018-q2-update.win32_1.4.0.202007081208/tools/bin/../lib/gcc/arm-none-eabi/7.3.1/thumb/v7-m/crtbegin.o
 *(.init)
 .init          0x0000000008001088        0x4 a:/ide/stm32cubeide/stm32cubeide/plugins/com.st.stm32cube.ide.mcu.externaltools.gnu-tools-for-stm32.7-2018-q2-update.win32_1.4.0.202007081208/tools/bin/../lib/gcc/arm-none-eabi/7.3.1/thumb/v7-m/crti.o
                0x0000000008001088                _init
 .init          0x000000000800108c        0x8 a:/ide/stm32cubeide/stm32cubeide/plugins/com.st.stm32cube.ide.mcu.externaltools.gnu-tools-for-stm32.7-2018-q2-update.win32_1.4.0.202007081208/tools/bin/../lib/gcc/arm-none-eabi/7.3.1/thumb/v7-m/crtn.o
 *(.fini)
 .fini          0x0000000008001094        0x4 a:/ide/stm32cubeide/stm32cubeide/plugins/com.st.stm32cube.ide.mcu.externaltools.gnu-tools-for-stm32.7-2018-q2-update.win32_1.4.0.202007081208/tools/bin/../lib/gcc/arm-none-eabi/7.3.1/thumb/v7-m/crti.o
                0x0000000008001094                _fini
 .fini          0x0000000008001098        0x8 a:/ide/stm32cubeide/stm32cubeide/plugins/com.st.stm32cube.ide.mcu.externaltools.gnu-tools-for-stm32.7-2018-q2-update.win32_1.4.0.202007081208/tools/bin/../lib/gcc/arm-none-eabi/7.3.1/thumb/v7-m/crtn.o
                0x00000000080010a0                . = ALIGN (0x4)
                0x00000000080010a0                _etext = .

.vfp11_veneer   0x00000000080010a0        0x0
 .vfp11_veneer  0x00000000080010a0        0x0 linker stubs

.v4_bx          0x00000000080010a0        0x0
 .v4_bx         0x00000000080010a0        0x0 linker stubs

.iplt           0x00000000080010a0        0x0
 .iplt          0x00000000080010a0        0x0 a:/ide/stm32cubeide/stm32cubeide/plugins/com.st.stm32cube.ide.mcu.externaltools.gnu-tools-for-stm32.7-2018-q2-update.win32_1.4.0.202007081208/tools/bin/../lib/gcc/arm-none-eabi/7.3.1/thumb/v7-m/crtbegin.o

.rodata         0x00000000080010a0        0x8
                0x00000000080010a0                . = ALIGN (0x4)
 *(.rodata)
 *(.rodata*)
 .rodata.APBPrescTable
                0x00000000080010a0        0x8 Stm32f103c6_Driver/Stm32f103c6_RCC_Driver.o
                0x00000000080010a0                APBPrescTable
                0x00000000080010a8                . = ALIGN (0x4)

.rel.dyn        0x00000000080010a8        0x0
 .rel.iplt      0x00000000080010a8        0x0 a:/ide/stm32cubeide/stm32cubeide/plugins/com.st.stm32cube.ide.mcu.externaltools.gnu-tools-for-stm32.7-2018-q2-update.win32_1.4.0.202007081208/tools/bin/../lib/gcc/arm-none-eabi/7.3.1/thumb/v7-m/crtbegin.o

.ARM.extab      0x00000000080010a8        0x0
                0x00000000080010a8                . = ALIGN (0x4)
 *(.ARM.extab* .gnu.linkonce.armextab.*)
                0x00000000080010a8                . = ALIGN (0x4)

.ARM            0x00000000080010a8        0x0
                0x00000000080010a8                . = ALIGN (0x4)
                0x00000000080010a8                __exidx_start = .
 *(.ARM.exidx*)
                0x00000000080010a8                __exidx_end = .
                0x00000000080010a8                . = ALIGN (0x4)

.preinit_array  0x00000000080010a8        0x0
                0x00000000080010a8                . = ALIGN (0x4)
                0x00000000080010a8                PROVIDE (__preinit_array_start = .)
 *(.preinit_array*)
                0x00000000080010a8                PROVIDE (__preinit_array_end = .)
                0x00000000080010a8                . = ALIGN (0x4)

.init_array     0x00000000080010a8        0x4
                0x00000000080010a8                . = ALIGN (0x4)
                0x00000000080010a8                PROVIDE (__init_array_start = .)
 *(SORT_BY_NAME(.init_array.*))
 *(.init_array*)
 .init_array    0x00000000080010a8        0x4 a:/ide/stm32cubeide/stm32cubeide/plugins/com.st.stm32cube.ide.mcu.externaltools.gnu-tools-for-stm32.7-2018-q2-update.win32_1.4.0.202007081208/tools/bin/../lib/gcc/arm-none-eabi/7.3.1/thumb/v7-m/crtbegin.o
                0x00000000080010ac                PROVIDE (__init_array_end = .)
                0x00000000080010ac                . = ALIGN (0x4)

.fini_array     0x00000000080010ac        0x4
                0x00000000080010ac                . = ALIGN (0x4)
                [!provide]                        PROVIDE (__fini_array_start = .)
 *(SORT_BY_NAME(.fini_array.*))
 *(.fini_array*)
 .fini_array    0x00000000080010ac        0x4 a:/ide/stm32cubeide/stm32cubeide/plugins/com.st.stm32cube.ide.mcu.externaltools.gnu-tools-for-stm32.7-2018-q2-update.win32_1.4.0.202007081208/tools/bin/../lib/gcc/arm-none-eabi/7.3.1/thumb/v7-m/crtbegin.o
                [!provide]                        PROVIDE (__fini_array_end = .)
                0x00000000080010b0                . = ALIGN (0x4)
                0x00000000080010b0                _sidata = LOADADDR (.data)

.data           0x0000000020000000        0x0 load address 0x00000000080010b0
                0x0000000020000000                . = ALIGN (0x4)
                0x0000000020000000                _sdata = .
 *(.data)
 *(.data*)
                0x0000000020000000                . = ALIGN (0x4)
                0x0000000020000000                _edata = .

.igot.plt       0x0000000020000000        0x0 load address 0x00000000080010b0
 .igot.plt      0x0000000020000000        0x0 a:/ide/stm32cubeide/stm32cubeide/plugins/com.st.stm32cube.ide.mcu.externaltools.gnu-tools-for-stm32.7-2018-q2-update.win32_1.4.0.202007081208/tools/bin/../lib/gcc/arm-none-eabi/7.3.1/thumb/v7-m/crtbegin.o
                0x0000000020000000                . = ALIGN (0x4)

.bss            0x0000000020000000       0x68 load address 0x00000000080010b0
                0x0000000020000000                _sbss = .
                0x0000000020000000                __bss_start__ = _sbss
 *(.bss)
 .bss           0x0000000020000000       0x1c a:/ide/stm32cubeide/stm32cubeide/plugins/com.st.stm32cube.ide.mcu.externaltools.gnu-tools-for-stm32.7-2018-q2-update.win32_1.4.0.202007081208/tools/bin/../lib/gcc/arm-none-eabi/7.3.1/thumb/v7-m/crtbegin.o
 *(.bss*)
 .bss.G_UART_CFG
                0x000000002000001c        0x4 Stm32f103c6_Driver/Stm32f103c6_Uart_Driver.o
                0x000000002000001c                G_UART_CFG
 *(COMMON)
 COMMON         0x0000000020000020        0x2 Src/main.o
                0x0000000020000020                ch
 *fill*         0x0000000020000022        0x2 
 COMMON         0x0000000020000024       0x3c Stm32f103c6_Driver/Stm32f103c6_EXTI_Driver.o
                0x0000000020000024                GP_IRQ_CallBack
 COMMON         0x0000000020000060        0x8 Stm32f103c6_Driver/Stm32f103c6_SPI_Driver.o
                0x0000000020000060                G_SPI_CFG
                0x0000000020000068                . = ALIGN (0x4)
                0x0000000020000068                _ebss = .
                0x0000000020000068                __bss_end__ = _ebss

._user_heap_stack
                0x0000000020000068      0x600 load address 0x00000000080010b0
                0x0000000020000068                . = ALIGN (0x8)
                [!provide]                        PROVIDE (end = .)
                0x0000000020000068                PROVIDE (_end = .)
                0x0000000020000268                . = (. + _Min_Heap_Size)
 *fill*         0x0000000020000068      0x200 
                0x0000000020000668                . = (. + _Min_Stack_Size)
 *fill*         0x0000000020000268      0x400 
                0x0000000020000668                . = ALIGN (0x8)

/DISCARD/
 libc.a(*)
 libm.a(*)
 libgcc.a(*)

.ARM.attributes
                0x0000000000000000       0x29
 *(.ARM.attributes)
 .ARM.attributes
                0x0000000000000000       0x1d a:/ide/stm32cubeide/stm32cubeide/plugins/com.st.stm32cube.ide.mcu.externaltools.gnu-tools-for-stm32.7-2018-q2-update.win32_1.4.0.202007081208/tools/bin/../lib/gcc/arm-none-eabi/7.3.1/thumb/v7-m/crti.o
 .ARM.attributes
                0x000000000000001d       0x2d a:/ide/stm32cubeide/stm32cubeide/plugins/com.st.stm32cube.ide.mcu.externaltools.gnu-tools-for-stm32.7-2018-q2-update.win32_1.4.0.202007081208/tools/bin/../lib/gcc/arm-none-eabi/7.3.1/thumb/v7-m/crtbegin.o
 .ARM.attributes
                0x000000000000004a       0x33 Src/main.o
 .ARM.attributes
                0x000000000000007d       0x21 Startup/startup_stm32f103c6tx.o
 .ARM.attributes
                0x000000000000009e       0x33 Stm32f103c6_Driver/Stm32f103c6_EXTI_Driver.o
 .ARM.attributes
                0x00000000000000d1       0x33 Stm32f103c6_Driver/Stm32f103c6_GPIO_Driver.o
 .ARM.attributes
                0x0000000000000104       0x33 Stm32f103c6_Driver/Stm32f103c6_RCC_Driver.o
 .ARM.attributes
                0x0000000000000137       0x33 Stm32f103c6_Driver/Stm32f103c6_SPI_Driver.o
 .ARM.attributes
                0x000000000000016a       0x33 Stm32f103c6_Driver/Stm32f103c6_Uart_Driver.o
 .ARM.attributes
                0x000000000000019d       0x2d a:/ide/stm32cubeide/stm32cubeide/plugins/com.st.stm32cube.ide.mcu.externaltools.gnu-tools-for-stm32.7-2018-q2-update.win32_1.4.0.202007081208/tools/bin/../lib/gcc/arm-none-eabi/7.3.1/../../../../arm-none-eabi/lib/thumb/v7-m\libc_nano.a(lib_a-init.o)
 .ARM.attributes
                0x00000000000001ca       0x1d a:/ide/stm32cubeide/stm32cubeide/plugins/com.st.stm32cube.ide.mcu.externaltools.gnu-tools-for-stm32.7-2018-q2-update.win32_1.4.0.202007081208/tools/bin/../lib/gcc/arm-none-eabi/7.3.1/thumb/v7-m/crtn.o
OUTPUT(BluePill_SPI_Driver.elf elf32-littlearm)

.debug_info     0x0000000000000000     0x1b37
 .debug_info    0x0000000000000000      0x537 Src/main.o
 .debug_info    0x0000000000000537       0x22 Startup/startup_stm32f103c6tx.o
 .debug_info    0x0000000000000559      0x4b9 Stm32f103c6_Driver/Stm32f103c6_EXTI_Driver.o
 .debug_info    0x0000000000000a12      0x49b Stm32f103c6_Driver/Stm32f103c6_GPIO_Driver.o
 .debug_info    0x0000000000000ead      0x1f1 Stm32f103c6_Driver/Stm32f103c6_RCC_Driver.o
 .debug_info    0x000000000000109e      0x5d3 Stm32f103c6_Driver/Stm32f103c6_SPI_Driver.o
 .debug_info    0x0000000000001671      0x4c6 Stm32f103c6_Driver/Stm32f103c6_Uart_Driver.o

.debug_abbrev   0x0000000000000000      0x7ef
 .debug_abbrev  0x0000000000000000      0x15c Src/main.o
 .debug_abbrev  0x000000000000015c       0x12 Startup/startup_stm32f103c6tx.o
 .debug_abbrev  0x000000000000016e      0x153 Stm32f103c6_Driver/Stm32f103c6_EXTI_Driver.o
 .debug_abbrev  0x00000000000002c1      0x137 Stm32f103c6_Driver/Stm32f103c6_GPIO_Driver.o
 .debug_abbrev  0x00000000000003f8       0xcc Stm32f103c6_Driver/Stm32f103c6_RCC_Driver.o
 .debug_abbrev  0x00000000000004c4      0x1c8 Stm32f103c6_Driver/Stm32f103c6_SPI_Driver.o
 .debug_abbrev  0x000000000000068c      0x163 Stm32f103c6_Driver/Stm32f103c6_Uart_Driver.o

.debug_loc      0x0000000000000000      0xd6c
 .debug_loc     0x0000000000000000       0xa8 Src/main.o
 .debug_loc     0x00000000000000a8      0x320 Stm32f103c6_Driver/Stm32f103c6_EXTI_Driver.o
 .debug_loc     0x00000000000003c8      0x3e8 Stm32f103c6_Driver/Stm32f103c6_GPIO_Driver.o
 .debug_loc     0x00000000000007b0       0xc8 Stm32f103c6_Driver/Stm32f103c6_RCC_Driver.o
 .debug_loc     0x0000000000000878      0x2bc Stm32f103c6_Driver/Stm32f103c6_SPI_Driver.o
 .debug_loc     0x0000000000000b34      0x238 Stm32f103c6_Driver/Stm32f103c6_Uart_Driver.o

.debug_aranges  0x0000000000000000      0x230
 .debug_aranges
                0x0000000000000000       0x30 Src/main.o
 .debug_aranges
                0x0000000000000030       0x28 Startup/startup_stm32f103c6tx.o
 .debug_aranges
                0x0000000000000058       0x80 Stm32f103c6_Driver/Stm32f103c6_EXTI_Driver.o
 .debug_aranges
                0x00000000000000d8       0x70 Stm32f103c6_Driver/Stm32f103c6_GPIO_Driver.o
 .debug_aranges
                0x0000000000000148       0x38 Stm32f103c6_Driver/Stm32f103c6_RCC_Driver.o
 .debug_aranges
                0x0000000000000180       0x58 Stm32f103c6_Driver/Stm32f103c6_SPI_Driver.o
 .debug_aranges
                0x00000000000001d8       0x58 Stm32f103c6_Driver/Stm32f103c6_Uart_Driver.o

.debug_ranges   0x0000000000000000      0x1c8
 .debug_ranges  0x0000000000000000       0x20 Src/main.o
 .debug_ranges  0x0000000000000020       0x20 Startup/startup_stm32f103c6tx.o
 .debug_ranges  0x0000000000000040       0x70 Stm32f103c6_Driver/Stm32f103c6_EXTI_Driver.o
 .debug_ranges  0x00000000000000b0       0x60 Stm32f103c6_Driver/Stm32f103c6_GPIO_Driver.o
 .debug_ranges  0x0000000000000110       0x28 Stm32f103c6_Driver/Stm32f103c6_RCC_Driver.o
 .debug_ranges  0x0000000000000138       0x48 Stm32f103c6_Driver/Stm32f103c6_SPI_Driver.o
 .debug_ranges  0x0000000000000180       0x48 Stm32f103c6_Driver/Stm32f103c6_Uart_Driver.o

.debug_macro    0x0000000000000000     0x1baa
 .debug_macro   0x0000000000000000       0xb5 Src/main.o
 .debug_macro   0x00000000000000b5      0xa60 Src/main.o
 .debug_macro   0x0000000000000b15       0x22 Src/main.o
 .debug_macro   0x0000000000000b37       0x8e Src/main.o
 .debug_macro   0x0000000000000bc5       0x51 Src/main.o
 .debug_macro   0x0000000000000c16       0xef Src/main.o
 .debug_macro   0x0000000000000d05       0x6a Src/main.o
 .debug_macro   0x0000000000000d6f      0x1df Src/main.o
 .debug_macro   0x0000000000000f4e      0x284 Src/main.o
 .debug_macro   0x00000000000011d2       0xc4 Src/main.o
 .debug_macro   0x0000000000001296      0x21a Src/main.o
 .debug_macro   0x00000000000014b0       0x16 Src/main.o
 .debug_macro   0x00000000000014c6       0xca Src/main.o
 .debug_macro   0x0000000000001590       0xd6 Src/main.o
 .debug_macro   0x0000000000001666       0x96 Stm32f103c6_Driver/Stm32f103c6_EXTI_Driver.o
 .debug_macro   0x00000000000016fc       0x81 Stm32f103c6_Driver/Stm32f103c6_GPIO_Driver.o
 .debug_macro   0x000000000000177d       0x90 Stm32f103c6_Driver/Stm32f103c6_RCC_Driver.o
 .debug_macro   0x000000000000180d       0x10 Stm32f103c6_Driver/Stm32f103c6_RCC_Driver.o
 .debug_macro   0x000000000000181d       0x96 Stm32f103c6_Driver/Stm32f103c6_SPI_Driver.o
 .debug_macro   0x00000000000018b3       0xca Stm32f103c6_Driver/Stm32f103c6_SPI_Driver.o
 .debug_macro   0x000000000000197d       0xc4 Stm32f103c6_Driver/Stm32f103c6_SPI_Driver.o
 .debug_macro   0x0000000000001a41       0x99 Stm32f103c6_Driver/Stm32f103c6_Uart_Driver.o
 .debug_macro   0x0000000000001ada       0xd0 Stm32f103c6_Driver/Stm32f103c6_Uart_Driver.o

.debug_line     0x0000000000000000     0x1f18
 .debug_line    0x0000000000000000      0x49a Src/main.o
 .debug_line    0x000000000000049a       0x84 Startup/startup_stm32f103c6tx.o
 .debug_line    0x000000000000051e      0x5cf Stm32f103c6_Driver/Stm32f103c6_EXTI_Driver.o
 .debug_line    0x0000000000000aed      0x533 Stm32f103c6_Driver/Stm32f103c6_GPIO_Driver.o
 .debug_line    0x0000000000001020      0x451 Stm32f103c6_Driver/Stm32f103c6_RCC_Driver.o
 .debug_line    0x0000000000001471      0x542 Stm32f103c6_Driver/Stm32f103c6_SPI_Driver.o
 .debug_line    0x00000000000019b3      0x565 Stm32f103c6_Driver/Stm32f103c6_Uart_Driver.o

.debug_str      0x0000000000000000     0x7147
 .debug_str     0x0000000000000000     0x6aba Src/main.o
                                       0x6c5e (size before relaxing)
 .debug_str     0x0000000000006aba       0x31 Startup/startup_stm32f103c6tx.o
                                         0x63 (size before relaxing)
 .debug_str     0x0000000000006aeb      0x267 Stm32f103c6_Driver/Stm32f103c6_EXTI_Driver.o
                                       0x622e (size before relaxing)
 .debug_str     0x0000000000006d52      0x14c Stm32f103c6_Driver/Stm32f103c6_GPIO_Driver.o
                                       0x4eb7 (size before relaxing)
 .debug_str     0x0000000000006e9e       0xa5 Stm32f103c6_Driver/Stm32f103c6_RCC_Driver.o
                                       0x4dee (size before relaxing)
 .debug_str     0x0000000000006f43      0x114 Stm32f103c6_Driver/Stm32f103c6_SPI_Driver.o
                                       0x546f (size before relaxing)
 .debug_str     0x0000000000007057       0xf0 Stm32f103c6_Driver/Stm32f103c6_Uart_Driver.o
                                       0x5485 (size before relaxing)

.comment        0x0000000000000000       0x7b
 .comment       0x0000000000000000       0x7b Src/main.o
                                         0x7c (size before relaxing)
 .comment       0x000000000000007b       0x7c Stm32f103c6_Driver/Stm32f103c6_EXTI_Driver.o
 .comment       0x000000000000007b       0x7c Stm32f103c6_Driver/Stm32f103c6_GPIO_Driver.o
 .comment       0x000000000000007b       0x7c Stm32f103c6_Driver/Stm32f103c6_RCC_Driver.o
 .comment       0x000000000000007b       0x7c Stm32f103c6_Driver/Stm32f103c6_SPI_Driver.o
 .comment       0x000000000000007b       0x7c Stm32f103c6_Driver/Stm32f103c6_Uart_Driver.o

.debug_frame    0x0000000000000000      0x6fc
 .debug_frame   0x0000000000000000       0x6c Src/main.o
 .debug_frame   0x000000000000006c      0x1b0 Stm32f103c6_Driver/Stm32f103c6_EXTI_Driver.o
 .debug_frame   0x000000000000021c      0x1c8 Stm32f103c6_Driver/Stm32f103c6_GPIO_Driver.o
 .debug_frame   0x00000000000003e4       0x84 Stm32f103c6_Driver/Stm32f103c6_RCC_Driver.o
 .debug_frame   0x0000000000000468      0x144 Stm32f103c6_Driver/Stm32f103c6_SPI_Driver.o
 .debug_frame   0x00000000000005ac      0x124 Stm32f103c6_Driver/Stm32f103c6_Uart_Driver.o
 .debug_frame   0x00000000000006d0       0x2c a:/ide/stm32cubeide/stm32cubeide/plugins/com.st.stm32cube.ide.mcu.externaltools.gnu-tools-for-stm32.7-2018-q2-update.win32_1.4.0.202007081208/tools/bin/../lib/gcc/arm-none-eabi/7.3.1/../../../../arm-none-eabi/lib/thumb/v7-m\libc_nano.a(lib_a-init.o)
