Stm32f103c6_EXTI_Driver.c:30:6:Enable_Nvic	16	static
Stm32f103c6_EXTI_Driver.c:68:6:Disable_Nvic	16	static
Stm32f103c6_EXTI_Driver.c:104:6:EXTI_Uptade	32	static
Stm32f103c6_EXTI_Driver.c:174:7:MCAL_EXTI_GPIO_DeInit	4	static
Stm32f103c6_EXTI_Driver.c:203:7:MCAL_EXTI_GPIO_Init	16	static
Stm32f103c6_EXTI_Driver.c:216:6:MCAL_EXTI_GPIO_Uptade	16	static
Stm32f103c6_EXTI_Driver.c:226:6:EXTI0_IRQHandler	8	static
Stm32f103c6_EXTI_Driver.c:234:6:EXTI1_IRQHandler	8	static
Stm32f103c6_EXTI_Driver.c:241:6:EXTI2_IRQHandler	8	static
Stm32f103c6_EXTI_Driver.c:248:6:EXTI3_IRQHandler	8	static
Stm32f103c6_EXTI_Driver.c:256:6:EXTI4_IRQHandler	8	static
Stm32f103c6_EXTI_Driver.c:264:6:EXTI9_5_IRQHandler	8	static
Stm32f103c6_EXTI_Driver.c:272:6:EXTI15_10_IRQHandler	8	static
