
Memory Configuration

Name             Origin             Length             Attributes
FLASH            0x00000000         0x20000000         xr
SRAM             0x20000000         0x20000000         xrw
*default*        0x00000000         0xffffffff

Linker script and memory map


.TEXT           0x00000000      0x17c
 *(.vectors*)
 .vectors       0x00000000       0x10 startup.o
                0x00000000                g_p_vec
 *(.text*)
 .text          0x00000010       0xb4 startup.o
                0x00000010                RESET
                0x000000b8                DEFAULT_HANDLER
                0x000000b8                NMI
                0x000000b8                MEM_MANAGE
                0x000000b8                HARD_FAULT
 .text          0x000000c4       0xb8 main.o
                0x000000c4                main
 *(.rodata)
                0x0000017c                E_text = .
                0x0000017c                . = ALIGN (0x4)

.glue_7         0x0000017c        0x0
 .glue_7        0x00000000        0x0 linker stubs

.glue_7t        0x0000017c        0x0
 .glue_7t       0x00000000        0x0 linker stubs

.vfp11_veneer   0x0000017c        0x0
 .vfp11_veneer  0x00000000        0x0 linker stubs

.v4_bx          0x0000017c        0x0
 .v4_bx         0x00000000        0x0 linker stubs

.iplt           0x0000017c        0x0
 .iplt          0x00000000        0x0 startup.o

.igot.plt       0x0000017c        0x0
 .igot.plt      0x00000000        0x0 startup.o

.rel.dyn        0x0000017c        0x0
 .rel.iplt      0x00000000        0x0 startup.o

.DATA           0x20000000        0x8 load address 0x0000017c
                0x20000000                S_data = .
 *(.data*)
 .data          0x20000000        0x8 startup.o
                0x20000000                P_src
                0x20000004                P_DST
 .data          0x20000008        0x0 main.o
                0x20000008                E_data = .
                0x20000008                . = ALIGN (0x4)

.BSS            0x20000008      0x400 load address 0x00000184
                0x20000008                S_bss = .
 *(.bss*)
 .bss           0x20000008      0x400 startup.o
 .bss           0x20000408        0x0 main.o
                0x20000408                E_bss = .
                0x20000408                . = ALIGN (0x4)
LOAD startup.o
LOAD main.o
OUTPUT(led_toggle.axf elf32-littlearm)

.debug_info     0x00000000      0x1ad
 .debug_info    0x00000000      0x159 startup.o
 .debug_info    0x00000159       0x54 main.o

.debug_abbrev   0x00000000      0x10e
 .debug_abbrev  0x00000000       0xc6 startup.o
 .debug_abbrev  0x000000c6       0x48 main.o

.debug_loc      0x00000000       0x9c
 .debug_loc     0x00000000       0x64 startup.o
 .debug_loc     0x00000064       0x38 main.o

.debug_aranges  0x00000000       0x40
 .debug_aranges
                0x00000000       0x20 startup.o
 .debug_aranges
                0x00000020       0x20 main.o

.debug_line     0x00000000       0xcc
 .debug_line    0x00000000       0x69 startup.o
 .debug_line    0x00000069       0x63 main.o

.debug_str      0x00000000      0x116
 .debug_str     0x00000000       0xd5 startup.o
 .debug_str     0x000000d5       0x41 main.o
                                 0x4d (size before relaxing)

.comment        0x00000000       0x11
 .comment       0x00000000       0x11 startup.o
                                 0x12 (size before relaxing)
 .comment       0x00000000       0x12 main.o

.ARM.attributes
                0x00000000       0x33
 .ARM.attributes
                0x00000000       0x33 startup.o
 .ARM.attributes
                0x00000033       0x33 main.o

.debug_frame    0x00000000       0x78
 .debug_frame   0x00000000       0x4c startup.o
 .debug_frame   0x0000004c       0x2c main.o
